main.c:105:6:start_normal	8	static
main.c:124:6:reset	8	static
main.c:139:6:servos	16	static
main.c:162:6:walk	24	static
main.c:223:6:debugsy	16	static
main.c:248:6:faces	32	static
main.c:292:5:main	24	static
main.c:385:6:SystemClock_Config	104	static
main.c:436:13:MX_I2C1_Init	8	static
main.c:469:13:MX_I2C3_Init	8	static
main.c:502:13:MX_I2S3_Init	8	static
main.c:535:13:MX_SPI1_Init	8	static
main.c:572:13:MX_USART2_UART_Init	8	static
main.c:604:13:MX_GPIO_Init	56	static
main.c:699:6:StartDefaultTask	16	static
main.c:720:6:HAL_TIM_PeriodElapsedCallback	16	static
main.c:738:6:Error_Handler	4	static,ignoring_inline_asm
