main.c:88:6:servos	16	static
main.c:107:6:debugsy	16	static
main.c:132:6:faces	32	static
main.c:176:5:main	24	static
main.c:280:6:SystemClock_Config	104	static
main.c:331:13:MX_I2C1_Init	8	static
main.c:364:13:MX_I2C3_Init	8	static
main.c:397:13:MX_I2S3_Init	8	static
main.c:430:13:MX_SPI1_Init	8	static
main.c:467:13:MX_USART2_UART_Init	8	static
main.c:499:13:MX_GPIO_Init	56	static
main.c:594:6:StartDefaultTask	16	static
main.c:615:6:HAL_TIM_PeriodElapsedCallback	16	static
main.c:633:6:Error_Handler	4	static,ignoring_inline_asm
