stm32f4xx_it.c:75:6:NMI_Handler	4	static
stm32f4xx_it.c:90:6:HardFault_Handler	4	static
stm32f4xx_it.c:105:6:MemManage_Handler	4	static
stm32f4xx_it.c:120:6:BusFault_Handler	4	static
stm32f4xx_it.c:135:6:UsageFault_Handler	4	static
stm32f4xx_it.c:150:6:DebugMon_Handler	4	static
stm32f4xx_it.c:170:6:RCC_IRQHandler	4	static
stm32f4xx_it.c:183:6:TIM2_IRQHandler	8	static
stm32f4xx_it.c:202:6:USART2_IRQHandler	8	static
stm32f4xx_it.c:220:6:TIM6_DAC_IRQHandler	8	static
stm32f4xx_it.c:235:6:OTG_FS_IRQHandler	8	static
