stm32f4xx_hal_hcd.c:111:19:HAL_HCD_Init	80	static
stm32f4xx_hal_hcd.c:201:19:HAL_HCD_HC_Init	48	static
stm32f4xx_hal_hcd.c:249:19:HAL_HCD_HC_Halt	24	static
stm32f4xx_hal_hcd.c:265:19:HAL_HCD_DeInit	16	static
stm32f4xx_hal_hcd.c:300:14:HAL_HCD_MspInit	16	static
stm32f4xx_hal_hcd.c:315:14:HAL_HCD_MspDeInit	16	static
stm32f4xx_hal_hcd.c:367:19:HAL_HCD_HC_SubmitRequest	16	static
stm32f4xx_hal_hcd.c:494:6:HAL_HCD_IRQHandler	32	static
stm32f4xx_hal_hcd.c:608:6:HAL_HCD_WKUP_IRQHandler	16	static
stm32f4xx_hal_hcd.c:619:13:HAL_HCD_SOF_Callback	16	static
stm32f4xx_hal_hcd.c:634:13:HAL_HCD_Connect_Callback	16	static
stm32f4xx_hal_hcd.c:649:13:HAL_HCD_Disconnect_Callback	16	static
stm32f4xx_hal_hcd.c:664:13:HAL_HCD_PortEnabled_Callback	16	static
stm32f4xx_hal_hcd.c:679:13:HAL_HCD_PortDisabled_Callback	16	static
stm32f4xx_hal_hcd.c:704:13:HAL_HCD_HC_NotifyURBChange_Callback	16	static
stm32f4xx_hal_hcd.c:1019:19:HAL_HCD_Start	16	static
stm32f4xx_hal_hcd.c:1035:19:HAL_HCD_Stop	16	static
stm32f4xx_hal_hcd.c:1049:19:HAL_HCD_ResetPort	16	static
stm32f4xx_hal_hcd.c:1078:18:HAL_HCD_GetState	16	static
stm32f4xx_hal_hcd.c:1097:21:HAL_HCD_HC_GetURBState	16	static
stm32f4xx_hal_hcd.c:1110:10:HAL_HCD_HC_GetXferCount	16	static
stm32f4xx_hal_hcd.c:1132:21:HAL_HCD_HC_GetState	16	static
stm32f4xx_hal_hcd.c:1142:10:HAL_HCD_GetCurrentFrame	16	static
stm32f4xx_hal_hcd.c:1152:10:HAL_HCD_GetCurrentSpeed	16	static
stm32f4xx_hal_hcd.c:1175:13:HCD_HC_IN_IRQHandler	32	static
stm32f4xx_hal_hcd.c:1384:13:HCD_HC_OUT_IRQHandler	40	static
stm32f4xx_hal_hcd.c:1574:13:HCD_RXQLVL_IRQHandler	48	static
stm32f4xx_hal_hcd.c:1640:13:HCD_Port_IRQHandler	32	static
