usbh_core.c:96:21:USBH_Init	24	static
usbh_core.c:178:20:USBH_DeInit	16	static
usbh_core.c:205:27:DeInitStateMachine	24	static
usbh_core.c:245:20:USBH_RegisterClass	24	static
usbh_core.c:280:20:USBH_SelectInterface	24	static
usbh_core.c:309:9:USBH_GetActiveClass	16	static
usbh_core.c:325:10:USBH_FindInterface	32	static
usbh_core.c:358:10:USBH_FindInterfaceIndex	32	static
usbh_core.c:386:21:USBH_Start	16	static
usbh_core.c:404:21:USBH_Stop	16	static
usbh_core.c:426:20:USBH_ReEnumerate	16	static
usbh_core.c:457:21:USBH_Process	40	static
usbh_core.c:816:27:USBH_HandleEnum	40	static
usbh_core.c:1155:7:USBH_LL_SetTimer	16	static
usbh_core.c:1167:7:USBH_LL_IncTimer	16	static
usbh_core.c:1180:14:USBH_HandleSof	16	static
usbh_core.c:1195:6:USBH_LL_PortEnabled	16	static
usbh_core.c:1218:6:USBH_LL_PortDisabled	16	static
usbh_core.c:1232:9:USBH_IsPortEnabled	16	static
usbh_core.c:1244:21:USBH_LL_Connect	16	static
usbh_core.c:1270:21:USBH_LL_Disconnect	16	static
usbh_core.c:1318:13:USBH_Process_OS	24	static
usbh_core.c:1341:21:USBH_LL_NotifyURBChange	16	static
