Archive member included to satisfy reference by file (symbol)

/opt/st/stm32cubeide_1.6.1/plugins/com.st.stm32cube.ide.mcu.externaltools.gnu-tools-for-stm32.9-2020-q2-update.linux64_1.5.0.202011040924/tools/bin/../lib/gcc/arm-none-eabi/9.3.1/../../../../arm-none-eabi/lib/thumb/v7e-m+fp/hard/libc_nano.a(lib_a-errno.o)
                              Core/Src/syscalls.o (__errno)
/opt/st/stm32cubeide_1.6.1/plugins/com.st.stm32cube.ide.mcu.externaltools.gnu-tools-for-stm32.9-2020-q2-update.linux64_1.5.0.202011040924/tools/bin/../lib/gcc/arm-none-eabi/9.3.1/../../../../arm-none-eabi/lib/thumb/v7e-m+fp/hard/libc_nano.a(lib_a-exit.o)
                              /opt/st/stm32cubeide_1.6.1/plugins/com.st.stm32cube.ide.mcu.externaltools.gnu-tools-for-stm32.9-2020-q2-update.linux64_1.5.0.202011040924/tools/bin/../lib/gcc/arm-none-eabi/9.3.1/../../../../arm-none-eabi/lib/thumb/v7e-m+fp/hard/crt0.o (exit)
/opt/st/stm32cubeide_1.6.1/plugins/com.st.stm32cube.ide.mcu.externaltools.gnu-tools-for-stm32.9-2020-q2-update.linux64_1.5.0.202011040924/tools/bin/../lib/gcc/arm-none-eabi/9.3.1/../../../../arm-none-eabi/lib/thumb/v7e-m+fp/hard/libc_nano.a(lib_a-impure.o)
                              /opt/st/stm32cubeide_1.6.1/plugins/com.st.stm32cube.ide.mcu.externaltools.gnu-tools-for-stm32.9-2020-q2-update.linux64_1.5.0.202011040924/tools/bin/../lib/gcc/arm-none-eabi/9.3.1/../../../../arm-none-eabi/lib/thumb/v7e-m+fp/hard/libc_nano.a(lib_a-exit.o) (_global_impure_ptr)
/opt/st/stm32cubeide_1.6.1/plugins/com.st.stm32cube.ide.mcu.externaltools.gnu-tools-for-stm32.9-2020-q2-update.linux64_1.5.0.202011040924/tools/bin/../lib/gcc/arm-none-eabi/9.3.1/../../../../arm-none-eabi/lib/thumb/v7e-m+fp/hard/libc_nano.a(lib_a-init.o)
                              /opt/st/stm32cubeide_1.6.1/plugins/com.st.stm32cube.ide.mcu.externaltools.gnu-tools-for-stm32.9-2020-q2-update.linux64_1.5.0.202011040924/tools/bin/../lib/gcc/arm-none-eabi/9.3.1/../../../../arm-none-eabi/lib/thumb/v7e-m+fp/hard/crt0.o (__libc_init_array)
/opt/st/stm32cubeide_1.6.1/plugins/com.st.stm32cube.ide.mcu.externaltools.gnu-tools-for-stm32.9-2020-q2-update.linux64_1.5.0.202011040924/tools/bin/../lib/gcc/arm-none-eabi/9.3.1/../../../../arm-none-eabi/lib/thumb/v7e-m+fp/hard/libc_nano.a(lib_a-malloc.o)
                              Middlewares/ST/STM32_USB_Host_Library/Class/CDC/Src/usbh_cdc.o (malloc)
/opt/st/stm32cubeide_1.6.1/plugins/com.st.stm32cube.ide.mcu.externaltools.gnu-tools-for-stm32.9-2020-q2-update.linux64_1.5.0.202011040924/tools/bin/../lib/gcc/arm-none-eabi/9.3.1/../../../../arm-none-eabi/lib/thumb/v7e-m+fp/hard/libc_nano.a(lib_a-memcpy-stub.o)
                              Middlewares/Third_Party/FreeRTOS/Source/CMSIS_RTOS_V2/cmsis_os2.o (memcpy)
/opt/st/stm32cubeide_1.6.1/plugins/com.st.stm32cube.ide.mcu.externaltools.gnu-tools-for-stm32.9-2020-q2-update.linux64_1.5.0.202011040924/tools/bin/../lib/gcc/arm-none-eabi/9.3.1/../../../../arm-none-eabi/lib/thumb/v7e-m+fp/hard/libc_nano.a(lib_a-memset.o)
                              /opt/st/stm32cubeide_1.6.1/plugins/com.st.stm32cube.ide.mcu.externaltools.gnu-tools-for-stm32.9-2020-q2-update.linux64_1.5.0.202011040924/tools/bin/../lib/gcc/arm-none-eabi/9.3.1/../../../../arm-none-eabi/lib/thumb/v7e-m+fp/hard/crt0.o (memset)
/opt/st/stm32cubeide_1.6.1/plugins/com.st.stm32cube.ide.mcu.externaltools.gnu-tools-for-stm32.9-2020-q2-update.linux64_1.5.0.202011040924/tools/bin/../lib/gcc/arm-none-eabi/9.3.1/../../../../arm-none-eabi/lib/thumb/v7e-m+fp/hard/libc_nano.a(lib_a-nano-freer.o)
                              /opt/st/stm32cubeide_1.6.1/plugins/com.st.stm32cube.ide.mcu.externaltools.gnu-tools-for-stm32.9-2020-q2-update.linux64_1.5.0.202011040924/tools/bin/../lib/gcc/arm-none-eabi/9.3.1/../../../../arm-none-eabi/lib/thumb/v7e-m+fp/hard/libc_nano.a(lib_a-malloc.o) (_free_r)
/opt/st/stm32cubeide_1.6.1/plugins/com.st.stm32cube.ide.mcu.externaltools.gnu-tools-for-stm32.9-2020-q2-update.linux64_1.5.0.202011040924/tools/bin/../lib/gcc/arm-none-eabi/9.3.1/../../../../arm-none-eabi/lib/thumb/v7e-m+fp/hard/libc_nano.a(lib_a-nano-mallocr.o)
                              /opt/st/stm32cubeide_1.6.1/plugins/com.st.stm32cube.ide.mcu.externaltools.gnu-tools-for-stm32.9-2020-q2-update.linux64_1.5.0.202011040924/tools/bin/../lib/gcc/arm-none-eabi/9.3.1/../../../../arm-none-eabi/lib/thumb/v7e-m+fp/hard/libc_nano.a(lib_a-malloc.o) (_malloc_r)
/opt/st/stm32cubeide_1.6.1/plugins/com.st.stm32cube.ide.mcu.externaltools.gnu-tools-for-stm32.9-2020-q2-update.linux64_1.5.0.202011040924/tools/bin/../lib/gcc/arm-none-eabi/9.3.1/../../../../arm-none-eabi/lib/thumb/v7e-m+fp/hard/libc_nano.a(lib_a-sbrkr.o)
                              /opt/st/stm32cubeide_1.6.1/plugins/com.st.stm32cube.ide.mcu.externaltools.gnu-tools-for-stm32.9-2020-q2-update.linux64_1.5.0.202011040924/tools/bin/../lib/gcc/arm-none-eabi/9.3.1/../../../../arm-none-eabi/lib/thumb/v7e-m+fp/hard/libc_nano.a(lib_a-nano-mallocr.o) (_sbrk_r)
[...]
Memory Configuration

Name             Origin             Length             Attributes
CCMRAM           0x0000000010000000 0x0000000000010000 xrw
RAM              0x0000000020000000 0x0000000000020000 xrw
FLASH            0x0000000008000000 0x0000000000100000 xr
*default*        0x0000000000000000 0xffffffffffffffff

Linker script and memory map

LOAD /opt/st/stm32cubeide_1.6.1/plugins/com.st.stm32cube.ide.mcu.externaltools.gnu-tools-for-stm32.9-2020-q2-update.linux64_1.5.0.202011040924/tools/bin/../lib/gcc/arm-none-eabi/9.3.1/thumb/v7e-m+fp/hard/crti.o
LOAD /opt/st/stm32cubeide_1.6.1/plugins/com.st.stm32cube.ide.mcu.externaltools.gnu-tools-for-stm32.9-2020-q2-update.linux64_1.5.0.202011040924/tools/bin/../lib/gcc/arm-none-eabi/9.3.1/thumb/v7e-m+fp/hard/crtbegin.o
LOAD /opt/st/stm32cubeide_1.6.1/plugins/com.st.stm32cube.ide.mcu.externaltools.gnu-tools-for-stm32.9-2020-q2-update.linux64_1.5.0.202011040924/tools/bin/../lib/gcc/arm-none-eabi/9.3.1/../../../../arm-none-eabi/lib/thumb/v7e-m+fp/hard/crt0.o
LOAD Core/Src/fonts.o
LOAD Core/Src/freertos.o
LOAD Core/Src/main.o
LOAD Core/Src/ssd1306.o
LOAD Core/Src/stm32f4xx_hal_msp.o
LOAD Core/Src/stm32f4xx_hal_timebase_tim.o
LOAD Core/Src/stm32f4xx_it.o
LOAD Core/Src/syscalls.o
LOAD Core/Src/sysmem.o
LOAD Core/Src/system_stm32f4xx.o
LOAD Core/Src/test.o
LOAD Core/Startup/startup_stm32f407vgtx.o
LOAD Drivers/STM32F4xx_HAL_Driver/Src/stm32f4xx_hal.o
LOAD Drivers/STM32F4xx_HAL_Driver/Src/stm32f4xx_hal_cortex.o
LOAD Drivers/STM32F4xx_HAL_Driver/Src/stm32f4xx_hal_dma.o
LOAD Drivers/STM32F4xx_HAL_Driver/Src/stm32f4xx_hal_dma_ex.o
LOAD Drivers/STM32F4xx_HAL_Driver/Src/stm32f4xx_hal_exti.o
LOAD Drivers/STM32F4xx_HAL_Driver/Src/stm32f4xx_hal_flash.o
LOAD Drivers/STM32F4xx_HAL_Driver/Src/stm32f4xx_hal_flash_ex.o
LOAD Drivers/STM32F4xx_HAL_Driver/Src/stm32f4xx_hal_flash_ramfunc.o
LOAD Drivers/STM32F4xx_HAL_Driver/Src/stm32f4xx_hal_gpio.o
LOAD Drivers/STM32F4xx_HAL_Driver/Src/stm32f4xx_hal_hcd.o
LOAD Drivers/STM32F4xx_HAL_Driver/Src/stm32f4xx_hal_i2c.o
LOAD Drivers/STM32F4xx_HAL_Driver/Src/stm32f4xx_hal_i2c_ex.o
LOAD Drivers/STM32F4xx_HAL_Driver/Src/stm32f4xx_hal_i2s.o
LOAD Drivers/STM32F4xx_HAL_Driver/Src/stm32f4xx_hal_i2s_ex.o
LOAD Drivers/STM32F4xx_HAL_Driver/Src/stm32f4xx_hal_pwr.o
LOAD Drivers/STM32F4xx_HAL_Driver/Src/stm32f4xx_hal_pwr_ex.o
LOAD Drivers/STM32F4xx_HAL_Driver/Src/stm32f4xx_hal_rcc.o
LOAD Drivers/STM32F4xx_HAL_Driver/Src/stm32f4xx_hal_rcc_ex.o
LOAD Drivers/STM32F4xx_HAL_Driver/Src/stm32f4xx_hal_spi.o
LOAD Drivers/STM32F4xx_HAL_Driver/Src/stm32f4xx_hal_tim.o
LOAD Drivers/STM32F4xx_HAL_Driver/Src/stm32f4xx_hal_tim_ex.o
LOAD Drivers/STM32F4xx_HAL_Driver/Src/stm32f4xx_hal_uart.o
LOAD Drivers/STM32F4xx_HAL_Driver/Src/stm32f4xx_ll_usb.o
LOAD Middlewares/ST/STM32_USB_Host_Library/Class/CDC/Src/usbh_cdc.o
LOAD Middlewares/ST/STM32_USB_Host_Library/Core/Src/usbh_core.o
LOAD Middlewares/ST/STM32_USB_Host_Library/Core/Src/usbh_ctlreq.o
LOAD Middlewares/ST/STM32_USB_Host_Library/Core/Src/usbh_ioreq.o
LOAD Middlewares/ST/STM32_USB_Host_Library/Core/Src/usbh_pipes.o
LOAD Middlewares/Third_Party/FreeRTOS/Source/CMSIS_RTOS_V2/cmsis_os2.o
LOAD Middlewares/Third_Party/FreeRTOS/Source/croutine.o
LOAD Middlewares/Third_Party/FreeRTOS/Source/event_groups.o
LOAD Middlewares/Third_Party/FreeRTOS/Source/list.o
LOAD Middlewares/Third_Party/FreeRTOS/Source/queue.o
LOAD Middlewares/Third_Party/FreeRTOS/Source/stream_buffer.o
LOAD Middlewares/Third_Party/FreeRTOS/Source/tasks.o
LOAD Middlewares/Third_Party/FreeRTOS/Source/timers.o
LOAD Middlewares/Third_Party/FreeRTOS/Source/portable/GCC/ARM_CM4F/port.o
LOAD Middlewares/Third_Party/FreeRTOS/Source/portable/MemMang/heap_4.o
LOAD USB_HOST/App/usb_host.o
LOAD USB_HOST/Target/usbh_conf.o
LOAD USB_HOST/Target/usbh_platform.o
START GROUP
LOAD /opt/st/stm32cubeide_1.6.1/plugins/com.st.stm32cube.ide.mcu.externaltools.gnu-tools-for-stm32.9-2020-q2-update.linux64_1.5.0.202011040924/tools/bin/../lib/gcc/arm-none-eabi/9.3.1/../../../../arm-none-eabi/lib/thumb/v7e-m+fp/hard/libc_nano.a
LOAD /opt/st/stm32cubeide_1.6.1/plugins/com.st.stm32cube.ide.mcu.externaltools.gnu-tools-for-stm32.9-2020-q2-update.linux64_1.5.0.202011040924/tools/bin/../lib/gcc/arm-none-eabi/9.3.1/../../../../arm-none-eabi/lib/thumb/v7e-m+fp/hard/libm.a
END GROUP
START GROUP
LOAD /opt/st/stm32cubeide_1.6.1/plugins/com.st.stm32cube.ide.mcu.externaltools.gnu-tools-for-stm32.9-2020-q2-update.linux64_1.5.0.202011040924/tools/bin/../lib/gcc/arm-none-eabi/9.3.1/thumb/v7e-m+fp/hard/libgcc.a
LOAD /opt/st/stm32cubeide_1.6.1/plugins/com.st.stm32cube.ide.mcu.externaltools.gnu-tools-for-stm32.9-2020-q2-update.linux64_1.5.0.202011040924/tools/bin/../lib/gcc/arm-none-eabi/9.3.1/../../../../arm-none-eabi/lib/thumb/v7e-m+fp/hard/libc_nano.a
END GROUP
START GROUP
LOAD /opt/st/stm32cubeide_1.6.1/plugins/com.st.stm32cube.ide.mcu.externaltools.gnu-tools-for-stm32.9-2020-q2-update.linux64_1.5.0.202011040924/tools/bin/../lib/gcc/arm-none-eabi/9.3.1/thumb/v7e-m+fp/hard/libgcc.a
LOAD /opt/st/stm32cubeide_1.6.1/plugins/com.st.stm32cube.ide.mcu.externaltools.gnu-tools-for-stm32.9-2020-q2-update.linux64_1.5.0.202011040924/tools/bin/../lib/gcc/arm-none-eabi/9.3.1/../../../../arm-none-eabi/lib/thumb/v7e-m+fp/hard/libc_nano.a
LOAD /opt/st/stm32cubeide_1.6.1/plugins/com.st.stm32cube.ide.mcu.externaltools.gnu-tools-for-stm32.9-2020-q2-update.linux64_1.5.0.202011040924/tools/bin/../lib/gcc/arm-none-eabi/9.3.1/../../../../arm-none-eabi/lib/thumb/v7e-m+fp/hard/libnosys.a
END GROUP
START GROUP
LOAD /opt/st/stm32cubeide_1.6.1/plugins/com.st.stm32cube.ide.mcu.externaltools.gnu-tools-for-stm32.9-2020-q2-update.linux64_1.5.0.202011040924/tools/bin/../lib/gcc/arm-none-eabi/9.3.1/thumb/v7e-m+fp/hard/libgcc.a
LOAD /opt/st/stm32cubeide_1.6.1/plugins/com.st.stm32cube.ide.mcu.externaltools.gnu-tools-for-stm32.9-2020-q2-update.linux64_1.5.0.202011040924/tools/bin/../lib/gcc/arm-none-eabi/9.3.1/../../../../arm-none-eabi/lib/thumb/v7e-m+fp/hard/libc_nano.a
LOAD /opt/st/stm32cubeide_1.6.1/plugins/com.st.stm32cube.ide.mcu.externaltools.gnu-tools-for-stm32.9-2020-q2-update.linux64_1.5.0.202011040924/tools/bin/../lib/gcc/arm-none-eabi/9.3.1/../../../../arm-none-eabi/lib/thumb/v7e-m+fp/hard/libnosys.a
END GROUP
LOAD /opt/st/stm32cubeide_1.6.1/plugins/com.st.stm32cube.ide.mcu.externaltools.gnu-tools-for-stm32.9-2020-q2-update.linux64_1.5.0.202011040924/tools/bin/../lib/gcc/arm-none-eabi/9.3.1/thumb/v7e-m+fp/hard/crtend.o
LOAD /opt/st/stm32cubeide_1.6.1/plugins/com.st.stm32cube.ide.mcu.externaltools.gnu-tools-for-stm32.9-2020-q2-update.linux64_1.5.0.202011040924/tools/bin/../lib/gcc/arm-none-eabi/9.3.1/thumb/v7e-m+fp/hard/crtn.o
                0x0000000020020000                _estack = (ORIGIN (RAM) + LENGTH (RAM))
                0x0000000000000200                _Min_Heap_Size = 0x200
                0x0000000000000400                _Min_Stack_Size = 0x400

.isr_vector     0x0000000008000000      0x188
                0x0000000008000000                . = ALIGN (0x4)
 *(.isr_vector)
 .isr_vector    0x0000000008000000      0x188 Core/Startup/startup_stm32f407vgtx.o
                0x0000000008000000                g_pfnVectors
                0x0000000008000188                . = ALIGN (0x4)

.text           0x0000000008000190     0xce88
                0x0000000008000190                . = ALIGN (0x4)
 *(.text)
 .text          0x0000000008000190       0x40 /opt/st/stm32cubeide_1.6.1/plugins/com.st.stm32cube.ide.mcu.externaltools.gnu-tools-for-stm32.9-2020-q2-update.linux64_1.5.0.202011040924/tools/bin/../lib/gcc/arm-none-eabi/9.3.1/thumb/v7e-m+fp/hard/crtbegin.o
 .text          0x00000000080001d0       0x30 /opt/st/stm32cubeide_1.6.1/plugins/com.st.stm32cube.ide.mcu.externaltools.gnu-tools-for-stm32.9-2020-q2-update.linux64_1.5.0.202011040924/tools/bin/../lib/gcc/arm-none-eabi/9.3.1/thumb/v7e-m+fp/hard/libgcc.a(_aeabi_uldivmod.o)
                0x00000000080001d0                __aeabi_uldivmod
 .text          0x0000000008000200      0x2c4 /opt/st/stm32cubeide_1.6.1/plugins/com.st.stm32cube.ide.mcu.externaltools.gnu-tools-for-stm32.9-2020-q2-update.linux64_1.5.0.202011040924/tools/bin/../lib/gcc/arm-none-eabi/9.3.1/thumb/v7e-m+fp/hard/libgcc.a(_udivmoddi4.o)
                0x0000000008000200                __udivmoddi4
 .text          0x00000000080004c4        0x4 /opt/st/stm32cubeide_1.6.1/plugins/com.st.stm32cube.ide.mcu.externaltools.gnu-tools-for-stm32.9-2020-q2-update.linux64_1.5.0.202011040924/tools/bin/../lib/gcc/arm-none-eabi/9.3.1/thumb/v7e-m+fp/hard/libgcc.a(_dvmd_tls.o)
                0x00000000080004c4                __aeabi_ldiv0
                0x00000000080004c4                __aeabi_idiv0
 *(.text*)
 .text.faces    0x00000000080004c8      0x104 Core/Src/main.o
                0x00000000080004c8                faces
 .text.main     0x00000000080005cc       0x68 Core/Src/main.o
                0x00000000080005cc                main
 .text.SystemClock_Config
                0x0000000008000634      0x104 Core/Src/main.o
                0x0000000008000634                SystemClock_Config
 .text.MX_I2C1_Init
                0x0000000008000738       0x5c Core/Src/main.o
 .text.MX_I2S3_Init
                0x0000000008000794       0x60 Core/Src/main.o
 .text.MX_SPI1_Init
                0x00000000080007f4       0x6c Core/Src/main.o
 .text.MX_USART2_UART_Init
                0x0000000008000860       0x54 Core/Src/main.o
 .text.MX_GPIO_Init
                0x00000000080008b4      0x1fc Core/Src/main.o
 .text.StartDefaultTask
                0x0000000008000ab0       0x14 Core/Src/main.o
                0x0000000008000ab0                StartDefaultTask
 .text.HAL_TIM_PeriodElapsedCallback
                0x0000000008000ac4       0x24 Core/Src/main.o
                0x0000000008000ac4                HAL_TIM_PeriodElapsedCallback
 .text.Error_Handler
                0x0000000008000ae8        0xa Core/Src/main.o
                0x0000000008000ae8                Error_Handler
 .text.SSD1306_DrawBitmap
                0x0000000008000af2       0xd0 Core/Src/ssd1306.o
                0x0000000008000af2                SSD1306_DrawBitmap
 *fill*         0x0000000008000bc2        0x2 
 .text.SSD1306_Init
                0x0000000008000bc4      0x188 Core/Src/ssd1306.o
                0x0000000008000bc4                SSD1306_Init
 .text.SSD1306_UpdateScreen
                0x0000000008000d4c       0x5c Core/Src/ssd1306.o
                0x0000000008000d4c                SSD1306_UpdateScreen
 .text.SSD1306_Fill
                0x0000000008000da8       0x30 Core/Src/ssd1306.o
                0x0000000008000da8                SSD1306_Fill
 .text.SSD1306_DrawPixel
                0x0000000008000dd8       0xc0 Core/Src/ssd1306.o
                0x0000000008000dd8                SSD1306_DrawPixel
 .text.SSD1306_Clear
                0x0000000008000e98       0x12 Core/Src/ssd1306.o
                0x0000000008000e98                SSD1306_Clear
 *fill*         0x0000000008000eaa        0x2 
 .text.ssd1306_I2C_Init
                0x0000000008000eac       0x2c Core/Src/ssd1306.o
                0x0000000008000eac                ssd1306_I2C_Init
 .text.ssd1306_I2C_WriteMulti
                0x0000000008000ed8       0x90 Core/Src/ssd1306.o
                0x0000000008000ed8                ssd1306_I2C_WriteMulti
 .text.ssd1306_I2C_Write
                0x0000000008000f68       0x3c Core/Src/ssd1306.o
                0x0000000008000f68                ssd1306_I2C_Write
 .text.HAL_MspInit
                0x0000000008000fa4       0x68 Core/Src/stm32f4xx_hal_msp.o
                0x0000000008000fa4                HAL_MspInit
 .text.HAL_I2C_MspInit
                0x000000000800100c       0x90 Core/Src/stm32f4xx_hal_msp.o
                0x000000000800100c                HAL_I2C_MspInit
 .text.HAL_I2S_MspInit
                0x000000000800109c       0xd0 Core/Src/stm32f4xx_hal_msp.o
                0x000000000800109c                HAL_I2S_MspInit
 .text.HAL_SPI_MspInit
                0x000000000800116c       0x90 Core/Src/stm32f4xx_hal_msp.o
                0x000000000800116c                HAL_SPI_MspInit
 .text.HAL_UART_MspInit
                0x00000000080011fc       0xa0 Core/Src/stm32f4xx_hal_msp.o
                0x00000000080011fc                HAL_UART_MspInit
 .text.HAL_InitTick
                0x000000000800129c       0xb4 Core/Src/stm32f4xx_hal_timebase_tim.o
                0x000000000800129c                HAL_InitTick
 .text.NMI_Handler
                0x0000000008001350        0x6 Core/Src/stm32f4xx_it.o
                0x0000000008001350                NMI_Handler
 .text.HardFault_Handler
                0x0000000008001356        0x6 Core/Src/stm32f4xx_it.o
                0x0000000008001356                HardFault_Handler
 .text.MemManage_Handler
                0x000000000800135c        0x6 Core/Src/stm32f4xx_it.o
                0x000000000800135c                MemManage_Handler
 .text.BusFault_Handler
                0x0000000008001362        0x6 Core/Src/stm32f4xx_it.o
                0x0000000008001362                BusFault_Handler
 .text.UsageFault_Handler
                0x0000000008001368        0x6 Core/Src/stm32f4xx_it.o
                0x0000000008001368                UsageFault_Handler
 .text.DebugMon_Handler
                0x000000000800136e        0xe Core/Src/stm32f4xx_it.o
                0x000000000800136e                DebugMon_Handler
 .text.RCC_IRQHandler
                0x000000000800137c        0xe Core/Src/stm32f4xx_it.o
                0x000000000800137c                RCC_IRQHandler
 *fill*         0x000000000800138a        0x2 
 .text.USART2_IRQHandler
                0x000000000800138c       0x14 Core/Src/stm32f4xx_it.o
                0x000000000800138c                USART2_IRQHandler
 .text.TIM6_DAC_IRQHandler
                0x00000000080013a0       0x14 Core/Src/stm32f4xx_it.o
                0x00000000080013a0                TIM6_DAC_IRQHandler
 .text.OTG_FS_IRQHandler
                0x00000000080013b4       0x14 Core/Src/stm32f4xx_it.o
                0x00000000080013b4                OTG_FS_IRQHandler
 .text._sbrk    0x00000000080013c8       0x6c Core/Src/sysmem.o
                0x00000000080013c8                _sbrk
 .text.SystemInit
                0x0000000008001434       0x24 Core/Src/system_stm32f4xx.o
                0x0000000008001434                SystemInit
 .text.Reset_Handler
                0x0000000008001458       0x50 Core/Startup/startup_stm32f407vgtx.o
                0x0000000008001458                Reset_Handler
 .text.Default_Handler
                0x00000000080014a8        0x2 Core/Startup/startup_stm32f407vgtx.o
                0x00000000080014a8                RTC_Alarm_IRQHandler
                0x00000000080014a8                HASH_RNG_IRQHandler
                0x00000000080014a8                EXTI2_IRQHandler
                0x00000000080014a8                TIM8_CC_IRQHandler
                0x00000000080014a8                TIM1_CC_IRQHandler
                0x00000000080014a8                DMA2_Stream5_IRQHandler
                0x00000000080014a8                DMA1_Stream5_IRQHandler
                0x00000000080014a8                PVD_IRQHandler
                0x00000000080014a8                SDIO_IRQHandler
                0x00000000080014a8                TAMP_STAMP_IRQHandler
                0x00000000080014a8                CAN2_RX1_IRQHandler
                0x00000000080014a8                EXTI3_IRQHandler
                0x00000000080014a8                TIM8_TRG_COM_TIM14_IRQHandler
                0x00000000080014a8                TIM1_UP_TIM10_IRQHandler
                0x00000000080014a8                TIM8_UP_TIM13_IRQHandler
                0x00000000080014a8                I2C3_ER_IRQHandler
                0x00000000080014a8                EXTI0_IRQHandler
                0x00000000080014a8                I2C2_EV_IRQHandler
                0x00000000080014a8                DMA1_Stream2_IRQHandler
                0x00000000080014a8                CAN1_RX0_IRQHandler
                0x00000000080014a8                FPU_IRQHandler
                0x00000000080014a8                OTG_HS_WKUP_IRQHandler
                0x00000000080014a8                CAN2_SCE_IRQHandler
                0x00000000080014a8                DMA2_Stream2_IRQHandler
                0x00000000080014a8                SPI1_IRQHandler
                0x00000000080014a8                TIM1_BRK_TIM9_IRQHandler
                0x00000000080014a8                DCMI_IRQHandler
                0x00000000080014a8                CAN2_RX0_IRQHandler
                0x00000000080014a8                DMA2_Stream3_IRQHandler
                0x00000000080014a8                USART6_IRQHandler
                0x00000000080014a8                USART3_IRQHandler
                0x00000000080014a8                CAN1_RX1_IRQHandler
                0x00000000080014a8                UART5_IRQHandler
                0x00000000080014a8                DMA2_Stream0_IRQHandler
                0x00000000080014a8                TIM4_IRQHandler
                0x00000000080014a8                I2C1_EV_IRQHandler
                0x00000000080014a8                DMA1_Stream6_IRQHandler
                0x00000000080014a8                DMA1_Stream1_IRQHandler
                0x00000000080014a8                UART4_IRQHandler
                0x00000000080014a8                TIM3_IRQHandler
                0x00000000080014a8                TIM8_BRK_TIM12_IRQHandler
                0x00000000080014a8                Default_Handler
                0x00000000080014a8                EXTI15_10_IRQHandler
                0x00000000080014a8                ADC_IRQHandler
                0x00000000080014a8                DMA1_Stream7_IRQHandler
                0x00000000080014a8                TIM7_IRQHandler
                0x00000000080014a8                CAN2_TX_IRQHandler
                0x00000000080014a8                TIM5_IRQHandler
                0x00000000080014a8                DMA2_Stream7_IRQHandler
                0x00000000080014a8                I2C3_EV_IRQHandler
                0x00000000080014a8                EXTI9_5_IRQHandler
                0x00000000080014a8                RTC_WKUP_IRQHandler
                0x00000000080014a8                ETH_WKUP_IRQHandler
                0x00000000080014a8                SPI2_IRQHandler
                0x00000000080014a8                OTG_HS_EP1_IN_IRQHandler
                0x00000000080014a8                DMA1_Stream0_IRQHandler
                0x00000000080014a8                CAN1_TX_IRQHandler
                0x00000000080014a8                EXTI4_IRQHandler
                0x00000000080014a8                FSMC_IRQHandler
                0x00000000080014a8                ETH_IRQHandler
                0x00000000080014a8                OTG_HS_EP1_OUT_IRQHandler
                0x00000000080014a8                WWDG_IRQHandler
                0x00000000080014a8                TIM2_IRQHandler
                0x00000000080014a8                OTG_FS_WKUP_IRQHandler
                0x00000000080014a8                TIM1_TRG_COM_TIM11_IRQHandler
                0x00000000080014a8                OTG_HS_IRQHandler
                0x00000000080014a8                EXTI1_IRQHandler
                0x00000000080014a8                I2C2_ER_IRQHandler
                0x00000000080014a8                DMA2_Stream1_IRQHandler
                0x00000000080014a8                CAN1_SCE_IRQHandler
                0x00000000080014a8                FLASH_IRQHandler
                0x00000000080014a8                DMA2_Stream4_IRQHandler
                0x00000000080014a8                USART1_IRQHandler
                0x00000000080014a8                SPI3_IRQHandler
                0x00000000080014a8                DMA1_Stream4_IRQHandler
                0x00000000080014a8                I2C1_ER_IRQHandler
                0x00000000080014a8                DMA2_Stream6_IRQHandler
                0x00000000080014a8                DMA1_Stream3_IRQHandler
 *fill*         0x00000000080014aa        0x2 
 .text.HAL_Init
                0x00000000080014ac       0x44 Drivers/STM32F4xx_HAL_Driver/Src/stm32f4xx_hal.o
                0x00000000080014ac                HAL_Init
 .text.HAL_IncTick
                0x00000000080014f0       0x28 Drivers/STM32F4xx_HAL_Driver/Src/stm32f4xx_hal.o
                0x00000000080014f0                HAL_IncTick
 .text.HAL_GetTick
                0x0000000008001518       0x18 Drivers/STM32F4xx_HAL_Driver/Src/stm32f4xx_hal.o
                0x0000000008001518                HAL_GetTick
 .text.HAL_Delay
                0x0000000008001530       0x48 Drivers/STM32F4xx_HAL_Driver/Src/stm32f4xx_hal.o
                0x0000000008001530                HAL_Delay
 .text.__NVIC_SetPriorityGrouping
                0x0000000008001578       0x48 Drivers/STM32F4xx_HAL_Driver/Src/stm32f4xx_hal_cortex.o
 .text.__NVIC_GetPriorityGrouping
                0x00000000080015c0       0x1c Drivers/STM32F4xx_HAL_Driver/Src/stm32f4xx_hal_cortex.o
 .text.__NVIC_EnableIRQ
                0x00000000080015dc       0x3c Drivers/STM32F4xx_HAL_Driver/Src/stm32f4xx_hal_cortex.o
 .text.__NVIC_SetPriority
                0x0000000008001618       0x54 Drivers/STM32F4xx_HAL_Driver/Src/stm32f4xx_hal_cortex.o
 .text.NVIC_EncodePriority
                0x000000000800166c       0x66 Drivers/STM32F4xx_HAL_Driver/Src/stm32f4xx_hal_cortex.o
 .text.HAL_NVIC_SetPriorityGrouping
                0x00000000080016d2       0x16 Drivers/STM32F4xx_HAL_Driver/Src/stm32f4xx_hal_cortex.o
                0x00000000080016d2                HAL_NVIC_SetPriorityGrouping
 .text.HAL_NVIC_SetPriority
                0x00000000080016e8       0x38 Drivers/STM32F4xx_HAL_Driver/Src/stm32f4xx_hal_cortex.o
                0x00000000080016e8                HAL_NVIC_SetPriority
 .text.HAL_NVIC_EnableIRQ
                0x0000000008001720       0x1c Drivers/STM32F4xx_HAL_Driver/Src/stm32f4xx_hal_cortex.o
                0x0000000008001720                HAL_NVIC_EnableIRQ
 .text.HAL_DMA_Abort
                0x000000000800173c       0xe0 Drivers/STM32F4xx_HAL_Driver/Src/stm32f4xx_hal_dma.o
                0x000000000800173c                HAL_DMA_Abort
 .text.HAL_DMA_Abort_IT
                0x000000000800181c       0x44 Drivers/STM32F4xx_HAL_Driver/Src/stm32f4xx_hal_dma.o
                0x000000000800181c                HAL_DMA_Abort_IT
 .text.HAL_GPIO_Init
                0x0000000008001860      0x338 Drivers/STM32F4xx_HAL_Driver/Src/stm32f4xx_hal_gpio.o
                0x0000000008001860                HAL_GPIO_Init
 .text.HAL_GPIO_WritePin
                0x0000000008001b98       0x32 Drivers/STM32F4xx_HAL_Driver/Src/stm32f4xx_hal_gpio.o
                0x0000000008001b98                HAL_GPIO_WritePin
 .text.HAL_HCD_Init
                0x0000000008001bca       0xc4 Drivers/STM32F4xx_HAL_Driver/Src/stm32f4xx_hal_hcd.o
                0x0000000008001bca                HAL_HCD_Init
 .text.HAL_HCD_HC_Init
                0x0000000008001c8e      0x11e Drivers/STM32F4xx_HAL_Driver/Src/stm32f4xx_hal_hcd.o
                0x0000000008001c8e                HAL_HCD_HC_Init
 .text.HAL_HCD_HC_Halt
                0x0000000008001dac       0x46 Drivers/STM32F4xx_HAL_Driver/Src/stm32f4xx_hal_hcd.o
                0x0000000008001dac                HAL_HCD_HC_Halt
 *fill*         0x0000000008001df2        0x2 
 .text.HAL_HCD_HC_SubmitRequest
                0x0000000008001df4      0x2ac Drivers/STM32F4xx_HAL_Driver/Src/stm32f4xx_hal_hcd.o
                0x0000000008001df4                HAL_HCD_HC_SubmitRequest
 .text.HAL_HCD_IRQHandler
                0x00000000080020a0      0x208 Drivers/STM32F4xx_HAL_Driver/Src/stm32f4xx_hal_hcd.o
                0x00000000080020a0                HAL_HCD_IRQHandler
 .text.HAL_HCD_Start
                0x00000000080022a8       0x46 Drivers/STM32F4xx_HAL_Driver/Src/stm32f4xx_hal_hcd.o
                0x00000000080022a8                HAL_HCD_Start
 .text.HAL_HCD_Stop
                0x00000000080022ee       0x3a Drivers/STM32F4xx_HAL_Driver/Src/stm32f4xx_hal_hcd.o
                0x00000000080022ee                HAL_HCD_Stop
 .text.HAL_HCD_ResetPort
                0x0000000008002328       0x1c Drivers/STM32F4xx_HAL_Driver/Src/stm32f4xx_hal_hcd.o
                0x0000000008002328                HAL_HCD_ResetPort
 .text.HAL_HCD_HC_GetURBState
                0x0000000008002344       0x28 Drivers/STM32F4xx_HAL_Driver/Src/stm32f4xx_hal_hcd.o
                0x0000000008002344                HAL_HCD_HC_GetURBState
 .text.HAL_HCD_HC_GetXferCount
                0x000000000800236c       0x28 Drivers/STM32F4xx_HAL_Driver/Src/stm32f4xx_hal_hcd.o
                0x000000000800236c                HAL_HCD_HC_GetXferCount
 .text.HAL_HCD_GetCurrentFrame
                0x0000000008002394       0x1c Drivers/STM32F4xx_HAL_Driver/Src/stm32f4xx_hal_hcd.o
                0x0000000008002394                HAL_HCD_GetCurrentFrame
 .text.HAL_HCD_GetCurrentSpeed
                0x00000000080023b0       0x1c Drivers/STM32F4xx_HAL_Driver/Src/stm32f4xx_hal_hcd.o
                0x00000000080023b0                HAL_HCD_GetCurrentSpeed
 .text.HCD_HC_IN_IRQHandler
                0x00000000080023cc      0x844 Drivers/STM32F4xx_HAL_Driver/Src/stm32f4xx_hal_hcd.o
 .text.HCD_HC_OUT_IRQHandler
                0x0000000008002c10      0x7fa Drivers/STM32F4xx_HAL_Driver/Src/stm32f4xx_hal_hcd.o
 .text.HCD_RXQLVL_IRQHandler
                0x000000000800340a      0x1a4 Drivers/STM32F4xx_HAL_Driver/Src/stm32f4xx_hal_hcd.o
 .text.HCD_Port_IRQHandler
                0x00000000080035ae       0xe6 Drivers/STM32F4xx_HAL_Driver/Src/stm32f4xx_hal_hcd.o
 .text.HAL_I2C_Init
                0x0000000008003694      0x288 Drivers/STM32F4xx_HAL_Driver/Src/stm32f4xx_hal_i2c.o
                0x0000000008003694                HAL_I2C_Init
 .text.HAL_I2C_Master_Transmit
                0x000000000800391c      0x1fc Drivers/STM32F4xx_HAL_Driver/Src/stm32f4xx_hal_i2c.o
                0x000000000800391c                HAL_I2C_Master_Transmit
 .text.HAL_I2C_IsDeviceReady
                0x0000000008003b18      0x25c Drivers/STM32F4xx_HAL_Driver/Src/stm32f4xx_hal_i2c.o
                0x0000000008003b18                HAL_I2C_IsDeviceReady
 .text.I2C_MasterRequestWrite
                0x0000000008003d74      0x104 Drivers/STM32F4xx_HAL_Driver/Src/stm32f4xx_hal_i2c.o
 .text.I2C_WaitOnFlagUntilTimeout
                0x0000000008003e78       0xae Drivers/STM32F4xx_HAL_Driver/Src/stm32f4xx_hal_i2c.o
 .text.I2C_WaitOnMasterAddressFlagUntilTimeout
                0x0000000008003f26       0xfe Drivers/STM32F4xx_HAL_Driver/Src/stm32f4xx_hal_i2c.o
 .text.I2C_WaitOnTXEFlagUntilTimeout
                0x0000000008004024       0x82 Drivers/STM32F4xx_HAL_Driver/Src/stm32f4xx_hal_i2c.o
 .text.I2C_WaitOnBTFFlagUntilTimeout
                0x00000000080040a6       0x82 Drivers/STM32F4xx_HAL_Driver/Src/stm32f4xx_hal_i2c.o
 .text.I2C_IsAcknowledgeFailed
                0x0000000008004128       0x5e Drivers/STM32F4xx_HAL_Driver/Src/stm32f4xx_hal_i2c.o
 *fill*         0x0000000008004186        0x2 
 .text.HAL_I2S_Init
                0x0000000008004188      0x280 Drivers/STM32F4xx_HAL_Driver/Src/stm32f4xx_hal_i2s.o
                0x0000000008004188                HAL_I2S_Init
 .text.HAL_I2S_TxCpltCallback
                0x0000000008004408       0x14 Drivers/STM32F4xx_HAL_Driver/Src/stm32f4xx_hal_i2s.o
                0x0000000008004408                HAL_I2S_TxCpltCallback
 .text.HAL_I2S_RxCpltCallback
                0x000000000800441c       0x14 Drivers/STM32F4xx_HAL_Driver/Src/stm32f4xx_hal_i2s.o
                0x000000000800441c                HAL_I2S_RxCpltCallback
 .text.HAL_I2S_ErrorCallback
                0x0000000008004430       0x14 Drivers/STM32F4xx_HAL_Driver/Src/stm32f4xx_hal_i2s.o
                0x0000000008004430                HAL_I2S_ErrorCallback
 .text.I2S_Transmit_IT
                0x0000000008004444       0x5c Drivers/STM32F4xx_HAL_Driver/Src/stm32f4xx_hal_i2s.o
 .text.I2S_Receive_IT
                0x00000000080044a0       0x5e Drivers/STM32F4xx_HAL_Driver/Src/stm32f4xx_hal_i2s.o
 .text.I2S_IRQHandler
                0x00000000080044fe      0x114 Drivers/STM32F4xx_HAL_Driver/Src/stm32f4xx_hal_i2s.o
 *fill*         0x0000000008004612        0x2 
 .text.HAL_I2SEx_FullDuplex_IRQHandler
                0x0000000008004614      0x2a8 Drivers/STM32F4xx_HAL_Driver/Src/stm32f4xx_hal_i2s_ex.o
                0x0000000008004614                HAL_I2SEx_FullDuplex_IRQHandler
 .text.HAL_I2SEx_TxRxCpltCallback
                0x00000000080048bc       0x14 Drivers/STM32F4xx_HAL_Driver/Src/stm32f4xx_hal_i2s_ex.o
                0x00000000080048bc                HAL_I2SEx_TxRxCpltCallback
 .text.I2SEx_TxISR_I2S
                0x00000000080048d0       0x62 Drivers/STM32F4xx_HAL_Driver/Src/stm32f4xx_hal_i2s_ex.o
 *fill*         0x0000000008004932        0x2 
 .text.I2SEx_TxISR_I2SExt
                0x0000000008004934       0x98 Drivers/STM32F4xx_HAL_Driver/Src/stm32f4xx_hal_i2s_ex.o
 .text.I2SEx_RxISR_I2S
                0x00000000080049cc       0x64 Drivers/STM32F4xx_HAL_Driver/Src/stm32f4xx_hal_i2s_ex.o
 .text.I2SEx_RxISR_I2SExt
                0x0000000008004a30       0x98 Drivers/STM32F4xx_HAL_Driver/Src/stm32f4xx_hal_i2s_ex.o
 .text.HAL_RCC_OscConfig
                0x0000000008004ac8      0x4f0 Drivers/STM32F4xx_HAL_Driver/Src/stm32f4xx_hal_rcc.o
                0x0000000008004ac8                HAL_RCC_OscConfig
 .text.HAL_RCC_ClockConfig
                0x0000000008004fb8      0x1cc Drivers/STM32F4xx_HAL_Driver/Src/stm32f4xx_hal_rcc.o
                0x0000000008004fb8                HAL_RCC_ClockConfig
 .text.HAL_RCC_GetSysClockFreq
                0x0000000008005184      0x1c4 Drivers/STM32F4xx_HAL_Driver/Src/stm32f4xx_hal_rcc.o
                0x0000000008005184                HAL_RCC_GetSysClockFreq
 .text.HAL_RCC_GetHCLKFreq
                0x0000000008005348       0x18 Drivers/STM32F4xx_HAL_Driver/Src/stm32f4xx_hal_rcc.o
                0x0000000008005348                HAL_RCC_GetHCLKFreq
 .text.HAL_RCC_GetPCLK1Freq
                0x0000000008005360       0x28 Drivers/STM32F4xx_HAL_Driver/Src/stm32f4xx_hal_rcc.o
                0x0000000008005360                HAL_RCC_GetPCLK1Freq
 .text.HAL_RCC_GetPCLK2Freq
                0x0000000008005388       0x28 Drivers/STM32F4xx_HAL_Driver/Src/stm32f4xx_hal_rcc.o
                0x0000000008005388                HAL_RCC_GetPCLK2Freq
 .text.HAL_RCC_GetClockConfig
                0x00000000080053b0       0x64 Drivers/STM32F4xx_HAL_Driver/Src/stm32f4xx_hal_rcc.o
                0x00000000080053b0                HAL_RCC_GetClockConfig
 .text.HAL_RCCEx_PeriphCLKConfig
                0x0000000008005414      0x1c4 Drivers/STM32F4xx_HAL_Driver/Src/stm32f4xx_hal_rcc_ex.o
                0x0000000008005414                HAL_RCCEx_PeriphCLKConfig
 .text.HAL_RCCEx_GetPeriphCLKFreq
                0x00000000080055d8       0xbc Drivers/STM32F4xx_HAL_Driver/Src/stm32f4xx_hal_rcc_ex.o
                0x00000000080055d8                HAL_RCCEx_GetPeriphCLKFreq
 .text.HAL_SPI_Init
                0x0000000008005694      0x112 Drivers/STM32F4xx_HAL_Driver/Src/stm32f4xx_hal_spi.o
                0x0000000008005694                HAL_SPI_Init
 .text.HAL_TIM_Base_Init
                0x00000000080057a6       0x9e Drivers/STM32F4xx_HAL_Driver/Src/stm32f4xx_hal_tim.o
                0x00000000080057a6                HAL_TIM_Base_Init
 .text.HAL_TIM_Base_MspInit
                0x0000000008005844       0x14 Drivers/STM32F4xx_HAL_Driver/Src/stm32f4xx_hal_tim.o
                0x0000000008005844                HAL_TIM_Base_MspInit
 .text.HAL_TIM_Base_Start_IT
                0x0000000008005858       0xe0 Drivers/STM32F4xx_HAL_Driver/Src/stm32f4xx_hal_tim.o
                0x0000000008005858                HAL_TIM_Base_Start_IT
 .text.HAL_TIM_IRQHandler
                0x0000000008005938      0x210 Drivers/STM32F4xx_HAL_Driver/Src/stm32f4xx_hal_tim.o
                0x0000000008005938                HAL_TIM_IRQHandler
 .text.HAL_TIM_OC_DelayElapsedCallback
                0x0000000008005b48       0x14 Drivers/STM32F4xx_HAL_Driver/Src/stm32f4xx_hal_tim.o
                0x0000000008005b48                HAL_TIM_OC_DelayElapsedCallback
 .text.HAL_TIM_IC_CaptureCallback
                0x0000000008005b5c       0x14 Drivers/STM32F4xx_HAL_Driver/Src/stm32f4xx_hal_tim.o
                0x0000000008005b5c                HAL_TIM_IC_CaptureCallback
 .text.HAL_TIM_PWM_PulseFinishedCallback
                0x0000000008005b70       0x14 Drivers/STM32F4xx_HAL_Driver/Src/stm32f4xx_hal_tim.o
                0x0000000008005b70                HAL_TIM_PWM_PulseFinishedCallback
 .text.HAL_TIM_TriggerCallback
                0x0000000008005b84       0x14 Drivers/STM32F4xx_HAL_Driver/Src/stm32f4xx_hal_tim.o
                0x0000000008005b84                HAL_TIM_TriggerCallback
 .text.TIM_Base_SetConfig
                0x0000000008005b98      0x140 Drivers/STM32F4xx_HAL_Driver/Src/stm32f4xx_hal_tim.o
                0x0000000008005b98                TIM_Base_SetConfig
 .text.HAL_TIMEx_CommutCallback
                0x0000000008005cd8       0x14 Drivers/STM32F4xx_HAL_Driver/Src/stm32f4xx_hal_tim_ex.o
                0x0000000008005cd8                HAL_TIMEx_CommutCallback
 .text.HAL_TIMEx_BreakCallback
                0x0000000008005cec       0x14 Drivers/STM32F4xx_HAL_Driver/Src/stm32f4xx_hal_tim_ex.o
                0x0000000008005cec                HAL_TIMEx_BreakCallback
 .text.HAL_UART_Init
                0x0000000008005d00       0x9a Drivers/STM32F4xx_HAL_Driver/Src/stm32f4xx_hal_uart.o
                0x0000000008005d00                HAL_UART_Init
 *fill*         0x0000000008005d9a        0x2 
 .text.HAL_UART_IRQHandler
                0x0000000008005d9c      0x358 Drivers/STM32F4xx_HAL_Driver/Src/stm32f4xx_hal_uart.o
                0x0000000008005d9c                HAL_UART_IRQHandler
 .text.HAL_UART_TxCpltCallback
                0x00000000080060f4       0x14 Drivers/STM32F4xx_HAL_Driver/Src/stm32f4xx_hal_uart.o
                0x00000000080060f4                HAL_UART_TxCpltCallback
 .text.HAL_UART_RxCpltCallback
                0x0000000008006108       0x14 Drivers/STM32F4xx_HAL_Driver/Src/stm32f4xx_hal_uart.o
                0x0000000008006108                HAL_UART_RxCpltCallback
 .text.HAL_UART_ErrorCallback
                0x000000000800611c       0x14 Drivers/STM32F4xx_HAL_Driver/Src/stm32f4xx_hal_uart.o
                0x000000000800611c                HAL_UART_ErrorCallback
 .text.HAL_UARTEx_RxEventCallback
                0x0000000008006130       0x18 Drivers/STM32F4xx_HAL_Driver/Src/stm32f4xx_hal_uart.o
                0x0000000008006130                HAL_UARTEx_RxEventCallback
 .text.UART_EndRxTransfer
                0x0000000008006148       0x5a Drivers/STM32F4xx_HAL_Driver/Src/stm32f4xx_hal_uart.o
 .text.UART_DMAAbortOnError
                0x00000000080061a2       0x28 Drivers/STM32F4xx_HAL_Driver/Src/stm32f4xx_hal_uart.o
 .text.UART_Transmit_IT
                0x00000000080061ca       0xa0 Drivers/STM32F4xx_HAL_Driver/Src/stm32f4xx_hal_uart.o
 .text.UART_EndTransmit_IT
                0x000000000800626a       0x30 Drivers/STM32F4xx_HAL_Driver/Src/stm32f4xx_hal_uart.o
 .text.UART_Receive_IT
                0x000000000800629a      0x12e Drivers/STM32F4xx_HAL_Driver/Src/stm32f4xx_hal_uart.o
 .text.UART_SetConfig
                0x00000000080063c8      0x390 Drivers/STM32F4xx_HAL_Driver/Src/stm32f4xx_hal_uart.o
 .text.USB_CoreInit
                0x0000000008006758       0xc2 Drivers/STM32F4xx_HAL_Driver/Src/stm32f4xx_ll_usb.o
                0x0000000008006758                USB_CoreInit
 .text.USB_EnableGlobalInt
                0x000000000800681a       0x22 Drivers/STM32F4xx_HAL_Driver/Src/stm32f4xx_ll_usb.o
                0x000000000800681a                USB_EnableGlobalInt
 .text.USB_DisableGlobalInt
                0x000000000800683c       0x22 Drivers/STM32F4xx_HAL_Driver/Src/stm32f4xx_ll_usb.o
                0x000000000800683c                USB_DisableGlobalInt
 .text.USB_SetCurrentMode
                0x000000000800685e       0x54 Drivers/STM32F4xx_HAL_Driver/Src/stm32f4xx_ll_usb.o
                0x000000000800685e                USB_SetCurrentMode
 *fill*         0x00000000080068b2        0x2 
 .text.USB_FlushTxFifo
                0x00000000080068b4       0x4c Drivers/STM32F4xx_HAL_Driver/Src/stm32f4xx_ll_usb.o
                0x00000000080068b4                USB_FlushTxFifo
 .text.USB_FlushRxFifo
                0x0000000008006900       0x44 Drivers/STM32F4xx_HAL_Driver/Src/stm32f4xx_ll_usb.o
                0x0000000008006900                USB_FlushRxFifo
 .text.USB_WritePacket
                0x0000000008006944       0x6a Drivers/STM32F4xx_HAL_Driver/Src/stm32f4xx_ll_usb.o
                0x0000000008006944                USB_WritePacket
 .text.USB_ReadPacket
                0x00000000080069ae       0x52 Drivers/STM32F4xx_HAL_Driver/Src/stm32f4xx_ll_usb.o
                0x00000000080069ae                USB_ReadPacket
 .text.USB_ReadInterrupts
                0x0000000008006a00       0x26 Drivers/STM32F4xx_HAL_Driver/Src/stm32f4xx_ll_usb.o
                0x0000000008006a00                USB_ReadInterrupts
 .text.USB_GetMode
                0x0000000008006a26       0x1c Drivers/STM32F4xx_HAL_Driver/Src/stm32f4xx_ll_usb.o
                0x0000000008006a26                USB_GetMode
 *fill*         0x0000000008006a42        0x2 
 .text.USB_CoreReset
                0x0000000008006a44       0x68 Drivers/STM32F4xx_HAL_Driver/Src/stm32f4xx_ll_usb.o
 .text.USB_HostInit
                0x0000000008006aac      0x178 Drivers/STM32F4xx_HAL_Driver/Src/stm32f4xx_ll_usb.o
                0x0000000008006aac                USB_HostInit
 .text.USB_InitFSLSPClkSel
                0x0000000008006c24       0x74 Drivers/STM32F4xx_HAL_Driver/Src/stm32f4xx_ll_usb.o
                0x0000000008006c24                USB_InitFSLSPClkSel
 .text.USB_ResetPort
                0x0000000008006c98       0x54 Drivers/STM32F4xx_HAL_Driver/Src/stm32f4xx_ll_usb.o
                0x0000000008006c98                USB_ResetPort
 .text.USB_DriveVbus
                0x0000000008006cec       0x72 Drivers/STM32F4xx_HAL_Driver/Src/stm32f4xx_ll_usb.o
                0x0000000008006cec                USB_DriveVbus
 .text.USB_GetHostSpeed
                0x0000000008006d5e       0x2e Drivers/STM32F4xx_HAL_Driver/Src/stm32f4xx_ll_usb.o
                0x0000000008006d5e                USB_GetHostSpeed
 .text.USB_GetCurrentFrame
                0x0000000008006d8c       0x22 Drivers/STM32F4xx_HAL_Driver/Src/stm32f4xx_ll_usb.o
                0x0000000008006d8c                USB_GetCurrentFrame
 *fill*         0x0000000008006dae        0x2 
 .text.USB_HC_Init
                0x0000000008006db0      0x21c Drivers/STM32F4xx_HAL_Driver/Src/stm32f4xx_ll_usb.o
                0x0000000008006db0                USB_HC_Init
 .text.USB_HC_StartXfer
                0x0000000008006fcc      0x284 Drivers/STM32F4xx_HAL_Driver/Src/stm32f4xx_ll_usb.o
                0x0000000008006fcc                USB_HC_StartXfer
 .text.USB_HC_ReadInterrupt
                0x0000000008007250       0x22 Drivers/STM32F4xx_HAL_Driver/Src/stm32f4xx_ll_usb.o
                0x0000000008007250                USB_HC_ReadInterrupt
 .text.USB_HC_Halt
                0x0000000008007272      0x238 Drivers/STM32F4xx_HAL_Driver/Src/stm32f4xx_ll_usb.o
                0x0000000008007272                USB_HC_Halt
 *fill*         0x00000000080074aa        0x2 
 .text.USB_DoPing
                0x00000000080074ac       0x78 Drivers/STM32F4xx_HAL_Driver/Src/stm32f4xx_ll_usb.o
                0x00000000080074ac                USB_DoPing
 .text.USB_StopHost
                0x0000000008007524      0x10c Drivers/STM32F4xx_HAL_Driver/Src/stm32f4xx_ll_usb.o
                0x0000000008007524                USB_StopHost
 .text.USBH_CDC_InterfaceInit
                0x0000000008007630      0x2ac Middlewares/ST/STM32_USB_Host_Library/Class/CDC/Src/usbh_cdc.o
 .text.USBH_CDC_InterfaceDeInit
                0x00000000080078dc       0xb2 Middlewares/ST/STM32_USB_Host_Library/Class/CDC/Src/usbh_cdc.o
 .text.USBH_CDC_ClassRequest
                0x000000000800798e       0x3e Middlewares/ST/STM32_USB_Host_Library/Class/CDC/Src/usbh_cdc.o
 .text.USBH_CDC_Process
                0x00000000080079cc      0x12c Middlewares/ST/STM32_USB_Host_Library/Class/CDC/Src/usbh_cdc.o
 .text.USBH_CDC_SOFProcess
                0x0000000008007af8       0x16 Middlewares/ST/STM32_USB_Host_Library/Class/CDC/Src/usbh_cdc.o
 .text.GetLineCoding
                0x0000000008007b0e       0x3e Middlewares/ST/STM32_USB_Host_Library/Class/CDC/Src/usbh_cdc.o
 .text.SetLineCoding
                0x0000000008007b4c       0x3e Middlewares/ST/STM32_USB_Host_Library/Class/CDC/Src/usbh_cdc.o
 .text.CDC_ProcessTransmission
                0x0000000008007b8a      0x124 Middlewares/ST/STM32_USB_Host_Library/Class/CDC/Src/usbh_cdc.o
 .text.CDC_ProcessReception
                0x0000000008007cae       0xd2 Middlewares/ST/STM32_USB_Host_Library/Class/CDC/Src/usbh_cdc.o
 .text.USBH_CDC_TransmitCallback
                0x0000000008007d80       0x14 Middlewares/ST/STM32_USB_Host_Library/Class/CDC/Src/usbh_cdc.o
                0x0000000008007d80                USBH_CDC_TransmitCallback
 .text.USBH_CDC_ReceiveCallback
                0x0000000008007d94       0x14 Middlewares/ST/STM32_USB_Host_Library/Class/CDC/Src/usbh_cdc.o
                0x0000000008007d94                USBH_CDC_ReceiveCallback
 .text.USBH_CDC_LineCodingChanged
                0x0000000008007da8       0x14 Middlewares/ST/STM32_USB_Host_Library/Class/CDC/Src/usbh_cdc.o
                0x0000000008007da8                USBH_CDC_LineCodingChanged
 .text.USBH_Init
                0x0000000008007dbc       0xb8 Middlewares/ST/STM32_USB_Host_Library/Core/Src/usbh_core.o
                0x0000000008007dbc                USBH_Init
 .text.DeInitStateMachine
                0x0000000008007e74       0xa8 Middlewares/ST/STM32_USB_Host_Library/Core/Src/usbh_core.o
 .text.USBH_RegisterClass
                0x0000000008007f1c       0x54 Middlewares/ST/STM32_USB_Host_Library/Core/Src/usbh_core.o
                0x0000000008007f1c                USBH_RegisterClass
 .text.USBH_SelectInterface
                0x0000000008007f70       0x38 Middlewares/ST/STM32_USB_Host_Library/Core/Src/usbh_core.o
                0x0000000008007f70                USBH_SelectInterface
 .text.USBH_FindInterface
                0x0000000008007fa8       0x8c Middlewares/ST/STM32_USB_Host_Library/Core/Src/usbh_core.o
                0x0000000008007fa8                USBH_FindInterface
 .text.USBH_Start
                0x0000000008008034       0x20 Middlewares/ST/STM32_USB_Host_Library/Core/Src/usbh_core.o
                0x0000000008008034                USBH_Start
 .text.USBH_Process
                0x0000000008008054      0x4c4 Middlewares/ST/STM32_USB_Host_Library/Core/Src/usbh_core.o
                0x0000000008008054                USBH_Process
 .text.USBH_HandleEnum
                0x0000000008008518      0x458 Middlewares/ST/STM32_USB_Host_Library/Core/Src/usbh_core.o
 .text.USBH_LL_SetTimer
                0x0000000008008970       0x1e Middlewares/ST/STM32_USB_Host_Library/Core/Src/usbh_core.o
                0x0000000008008970                USBH_LL_SetTimer
 .text.USBH_LL_IncTimer
                0x000000000800898e       0x24 Middlewares/ST/STM32_USB_Host_Library/Core/Src/usbh_core.o
                0x000000000800898e                USBH_LL_IncTimer
 .text.USBH_HandleSof
                0x00000000080089b2       0x30 Middlewares/ST/STM32_USB_Host_Library/Core/Src/usbh_core.o
 .text.USBH_LL_PortEnabled
                0x00000000080089e2       0x34 Middlewares/ST/STM32_USB_Host_Library/Core/Src/usbh_core.o
                0x00000000080089e2                USBH_LL_PortEnabled
 .text.USBH_LL_PortDisabled
                0x0000000008008a16       0x1c Middlewares/ST/STM32_USB_Host_Library/Core/Src/usbh_core.o
                0x0000000008008a16                USBH_LL_PortDisabled
 .text.USBH_LL_Connect
                0x0000000008008a32       0x46 Middlewares/ST/STM32_USB_Host_Library/Core/Src/usbh_core.o
                0x0000000008008a32                USBH_LL_Connect
 .text.USBH_LL_Disconnect
                0x0000000008008a78       0x64 Middlewares/ST/STM32_USB_Host_Library/Core/Src/usbh_core.o
                0x0000000008008a78                USBH_LL_Disconnect
 .text.USBH_Process_OS
                0x0000000008008adc       0x2e Middlewares/ST/STM32_USB_Host_Library/Core/Src/usbh_core.o
 .text.USBH_LL_NotifyURBChange
                0x0000000008008b0a       0x2e Middlewares/ST/STM32_USB_Host_Library/Core/Src/usbh_core.o
                0x0000000008008b0a                USBH_LL_NotifyURBChange
 .text.USBH_Get_DevDesc
                0x0000000008008b38       0x50 Middlewares/ST/STM32_USB_Host_Library/Core/Src/usbh_ctlreq.o
                0x0000000008008b38                USBH_Get_DevDesc
 .text.USBH_Get_CfgDesc
                0x0000000008008b88       0x48 Middlewares/ST/STM32_USB_Host_Library/Core/Src/usbh_ctlreq.o
                0x0000000008008b88                USBH_Get_CfgDesc
 .text.USBH_Get_StringDesc
                0x0000000008008bd0       0x56 Middlewares/ST/STM32_USB_Host_Library/Core/Src/usbh_ctlreq.o
                0x0000000008008bd0                USBH_Get_StringDesc
 .text.USBH_GetDescriptor
                0x0000000008008c26       0x6a Middlewares/ST/STM32_USB_Host_Library/Core/Src/usbh_ctlreq.o
                0x0000000008008c26                USBH_GetDescriptor
 .text.USBH_SetAddress
                0x0000000008008c90       0x48 Middlewares/ST/STM32_USB_Host_Library/Core/Src/usbh_ctlreq.o
                0x0000000008008c90                USBH_SetAddress
 .text.USBH_SetCfg
                0x0000000008008cd8       0x46 Middlewares/ST/STM32_USB_Host_Library/Core/Src/usbh_ctlreq.o
                0x0000000008008cd8                USBH_SetCfg
 .text.USBH_SetFeature
                0x0000000008008d1e       0x48 Middlewares/ST/STM32_USB_Host_Library/Core/Src/usbh_ctlreq.o
                0x0000000008008d1e                USBH_SetFeature
 .text.USBH_ClrFeature
                0x0000000008008d66       0x48 Middlewares/ST/STM32_USB_Host_Library/Core/Src/usbh_ctlreq.o
                0x0000000008008d66                USBH_ClrFeature
 .text.USBH_ParseDevDesc
                0x0000000008008dae       0xe0 Middlewares/ST/STM32_USB_Host_Library/Core/Src/usbh_ctlreq.o
 .text.USBH_ParseCfgDesc
                0x0000000008008e8e      0x144 Middlewares/ST/STM32_USB_Host_Library/Core/Src/usbh_ctlreq.o
 .text.USBH_ParseInterfaceDesc
                0x0000000008008fd2       0x5e Middlewares/ST/STM32_USB_Host_Library/Core/Src/usbh_ctlreq.o
 .text.USBH_ParseEPDesc
                0x0000000008009030       0x5a Middlewares/ST/STM32_USB_Host_Library/Core/Src/usbh_ctlreq.o
 .text.USBH_ParseStringDesc
                0x000000000800908a       0x66 Middlewares/ST/STM32_USB_Host_Library/Core/Src/usbh_ctlreq.o
 .text.USBH_GetNextDesc
                0x00000000080090f0       0x36 Middlewares/ST/STM32_USB_Host_Library/Core/Src/usbh_ctlreq.o
                0x00000000080090f0                USBH_GetNextDesc
 .text.USBH_CtlReq
                0x0000000008009126       0xb2 Middlewares/ST/STM32_USB_Host_Library/Core/Src/usbh_ctlreq.o
                0x0000000008009126                USBH_CtlReq
 .text.USBH_HandleControl
                0x00000000080091d8      0x490 Middlewares/ST/STM32_USB_Host_Library/Core/Src/usbh_ctlreq.o
 .text.USBH_CtlSendSetup
                0x0000000008009668       0x34 Middlewares/ST/STM32_USB_Host_Library/Core/Src/usbh_ioreq.o
                0x0000000008009668                USBH_CtlSendSetup
 .text.USBH_CtlSendData
                0x000000000800969c       0x4a Middlewares/ST/STM32_USB_Host_Library/Core/Src/usbh_ioreq.o
                0x000000000800969c                USBH_CtlSendData
 .text.USBH_CtlReceiveData
                0x00000000080096e6       0x3c Middlewares/ST/STM32_USB_Host_Library/Core/Src/usbh_ioreq.o
                0x00000000080096e6                USBH_CtlReceiveData
 .text.USBH_BulkSendData
                0x0000000008009722       0x4a Middlewares/ST/STM32_USB_Host_Library/Core/Src/usbh_ioreq.o
                0x0000000008009722                USBH_BulkSendData
 .text.USBH_BulkReceiveData
                0x000000000800976c       0x3c Middlewares/ST/STM32_USB_Host_Library/Core/Src/usbh_ioreq.o
                0x000000000800976c                USBH_BulkReceiveData
 .text.USBH_OpenPipe
                0x00000000080097a8       0x3e Middlewares/ST/STM32_USB_Host_Library/Core/Src/usbh_pipes.o
                0x00000000080097a8                USBH_OpenPipe
 .text.USBH_ClosePipe
                0x00000000080097e6       0x20 Middlewares/ST/STM32_USB_Host_Library/Core/Src/usbh_pipes.o
                0x00000000080097e6                USBH_ClosePipe
 .text.USBH_AllocPipe
                0x0000000008009806       0x42 Middlewares/ST/STM32_USB_Host_Library/Core/Src/usbh_pipes.o
                0x0000000008009806                USBH_AllocPipe
 .text.USBH_FreePipe
                0x0000000008009848       0x3c Middlewares/ST/STM32_USB_Host_Library/Core/Src/usbh_pipes.o
                0x0000000008009848                USBH_FreePipe
 .text.USBH_GetFreePipe
                0x0000000008009884       0x48 Middlewares/ST/STM32_USB_Host_Library/Core/Src/usbh_pipes.o
 .text.__NVIC_SetPriority
                0x00000000080098cc       0x54 Middlewares/Third_Party/FreeRTOS/Source/CMSIS_RTOS_V2/cmsis_os2.o
 .text.SysTick_Handler
                0x0000000008009920       0x20 Middlewares/Third_Party/FreeRTOS/Source/CMSIS_RTOS_V2/cmsis_os2.o
                0x0000000008009920                SysTick_Handler
 .text.SVC_Setup
                0x0000000008009940       0x12 Middlewares/Third_Party/FreeRTOS/Source/CMSIS_RTOS_V2/cmsis_os2.o
 *fill*         0x0000000008009952        0x2 
 .text.osKernelInitialize
                0x0000000008009954       0x48 Middlewares/Third_Party/FreeRTOS/Source/CMSIS_RTOS_V2/cmsis_os2.o
                0x0000000008009954                osKernelInitialize
 .text.osKernelStart
                0x000000000800999c       0x4c Middlewares/Third_Party/FreeRTOS/Source/CMSIS_RTOS_V2/cmsis_os2.o
                0x000000000800999c                osKernelStart
 .text.osThreadNew
                0x00000000080099e8      0x124 Middlewares/Third_Party/FreeRTOS/Source/CMSIS_RTOS_V2/cmsis_os2.o
                0x00000000080099e8                osThreadNew
 .text.osDelay  0x0000000008009b0c       0x36 Middlewares/Third_Party/FreeRTOS/Source/CMSIS_RTOS_V2/cmsis_os2.o
                0x0000000008009b0c                osDelay
 .text.osMessageQueueNew
                0x0000000008009b42       0xe6 Middlewares/Third_Party/FreeRTOS/Source/CMSIS_RTOS_V2/cmsis_os2.o
                0x0000000008009b42                osMessageQueueNew
 .text.osMessageQueuePut
                0x0000000008009c28       0xc0 Middlewares/Third_Party/FreeRTOS/Source/CMSIS_RTOS_V2/cmsis_os2.o
                0x0000000008009c28                osMessageQueuePut
 .text.osMessageQueueGet
                0x0000000008009ce8       0xbc Middlewares/Third_Party/FreeRTOS/Source/CMSIS_RTOS_V2/cmsis_os2.o
                0x0000000008009ce8                osMessageQueueGet
 .text.vApplicationGetIdleTaskMemory
                0x0000000008009da4       0x34 Middlewares/Third_Party/FreeRTOS/Source/CMSIS_RTOS_V2/cmsis_os2.o
                0x0000000008009da4                vApplicationGetIdleTaskMemory
 .text.vApplicationGetTimerTaskMemory
                0x0000000008009dd8       0x34 Middlewares/Third_Party/FreeRTOS/Source/CMSIS_RTOS_V2/cmsis_os2.o
                0x0000000008009dd8                vApplicationGetTimerTaskMemory
 .text.vListInitialise
                0x0000000008009e0c       0x40 Middlewares/Third_Party/FreeRTOS/Source/list.o
                0x0000000008009e0c                vListInitialise
 .text.vListInitialiseItem
                0x0000000008009e4c       0x1a Middlewares/Third_Party/FreeRTOS/Source/list.o
                0x0000000008009e4c                vListInitialiseItem
 .text.vListInsertEnd
                0x0000000008009e66       0x48 Middlewares/Third_Party/FreeRTOS/Source/list.o
                0x0000000008009e66                vListInsertEnd
 .text.vListInsert
                0x0000000008009eae       0x72 Middlewares/Third_Party/FreeRTOS/Source/list.o
                0x0000000008009eae                vListInsert
 .text.uxListRemove
                0x0000000008009f20       0x54 Middlewares/Third_Party/FreeRTOS/Source/list.o
                0x0000000008009f20                uxListRemove
 .text.xQueueGenericReset
                0x0000000008009f74       0xd0 Middlewares/Third_Party/FreeRTOS/Source/queue.o
                0x0000000008009f74                xQueueGenericReset
 .text.xQueueGenericCreateStatic
                0x000000000800a044       0xf0 Middlewares/Third_Party/FreeRTOS/Source/queue.o
                0x000000000800a044                xQueueGenericCreateStatic
 .text.xQueueGenericCreate
                0x000000000800a134       0x74 Middlewares/Third_Party/FreeRTOS/Source/queue.o
                0x000000000800a134                xQueueGenericCreate
 .text.prvInitialiseNewQueue
                0x000000000800a1a8       0x46 Middlewares/Third_Party/FreeRTOS/Source/queue.o
 *fill*         0x000000000800a1ee        0x2 
 .text.xQueueGenericSend
                0x000000000800a1f0      0x1fc Middlewares/Third_Party/FreeRTOS/Source/queue.o
                0x000000000800a1f0                xQueueGenericSend
 .text.xQueueGenericSendFromISR
                0x000000000800a3ec      0x136 Middlewares/Third_Party/FreeRTOS/Source/queue.o
                0x000000000800a3ec                xQueueGenericSendFromISR
 *fill*         0x000000000800a522        0x2 
 .text.xQueueReceive
                0x000000000800a524      0x1c0 Middlewares/Third_Party/FreeRTOS/Source/queue.o
                0x000000000800a524                xQueueReceive
 .text.xQueueReceiveFromISR
                0x000000000800a6e4      0x100 Middlewares/Third_Party/FreeRTOS/Source/queue.o
                0x000000000800a6e4                xQueueReceiveFromISR
 .text.prvCopyDataToQueue
                0x000000000800a7e4       0xd4 Middlewares/Third_Party/FreeRTOS/Source/queue.o
 .text.prvCopyDataFromQueue
                0x000000000800a8b8       0x4c Middlewares/Third_Party/FreeRTOS/Source/queue.o
 .text.prvUnlockQueue
                0x000000000800a904       0xa4 Middlewares/Third_Party/FreeRTOS/Source/queue.o
 .text.prvIsQueueEmpty
                0x000000000800a9a8       0x2c Middlewares/Third_Party/FreeRTOS/Source/queue.o
 .text.prvIsQueueFull
                0x000000000800a9d4       0x30 Middlewares/Third_Party/FreeRTOS/Source/queue.o
 .text.vQueueAddToRegistry
                0x000000000800aa04       0x54 Middlewares/Third_Party/FreeRTOS/Source/queue.o
                0x000000000800aa04                vQueueAddToRegistry
 .text.vQueueWaitForMessageRestricted
                0x000000000800aa58       0x68 Middlewares/Third_Party/FreeRTOS/Source/queue.o
                0x000000000800aa58                vQueueWaitForMessageRestricted
 .text.xTaskCreateStatic
                0x000000000800aac0       0xba Middlewares/Third_Party/FreeRTOS/Source/tasks.o
                0x000000000800aac0                xTaskCreateStatic
 .text.xTaskCreate
                0x000000000800ab7a       0x8a Middlewares/Third_Party/FreeRTOS/Source/tasks.o
                0x000000000800ab7a                xTaskCreate
 .text.prvInitialiseNewTask
                0x000000000800ac04      0x11e Middlewares/Third_Party/FreeRTOS/Source/tasks.o
 *fill*         0x000000000800ad22        0x2 
 .text.prvAddNewTaskToReadyList
                0x000000000800ad24       0xe0 Middlewares/Third_Party/FreeRTOS/Source/tasks.o
 .text.vTaskDelay
                0x000000000800ae04       0x68 Middlewares/Third_Party/FreeRTOS/Source/tasks.o
                0x000000000800ae04                vTaskDelay
 .text.vTaskStartScheduler
                0x000000000800ae6c       0xcc Middlewares/Third_Party/FreeRTOS/Source/tasks.o
                0x000000000800ae6c                vTaskStartScheduler
 .text.vTaskSuspendAll
                0x000000000800af38       0x1c Middlewares/Third_Party/FreeRTOS/Source/tasks.o
                0x000000000800af38                vTaskSuspendAll
 .text.xTaskResumeAll
                0x000000000800af54      0x13c Middlewares/Third_Party/FreeRTOS/Source/tasks.o
                0x000000000800af54                xTaskResumeAll
 .text.xTaskGetTickCount
                0x000000000800b090       0x20 Middlewares/Third_Party/FreeRTOS/Source/tasks.o
                0x000000000800b090                xTaskGetTickCount
 .text.xTaskIncrementTick
                0x000000000800b0b0      0x174 Middlewares/Third_Party/FreeRTOS/Source/tasks.o
                0x000000000800b0b0                xTaskIncrementTick
 .text.vTaskSwitchContext
                0x000000000800b224       0xbc Middlewares/Third_Party/FreeRTOS/Source/tasks.o
                0x000000000800b224                vTaskSwitchContext
 .text.vTaskPlaceOnEventList
                0x000000000800b2e0       0x48 Middlewares/Third_Party/FreeRTOS/Source/tasks.o
                0x000000000800b2e0                vTaskPlaceOnEventList
 .text.vTaskPlaceOnEventListRestricted
                0x000000000800b328       0x58 Middlewares/Third_Party/FreeRTOS/Source/tasks.o
                0x000000000800b328                vTaskPlaceOnEventListRestricted
 .text.xTaskRemoveFromEventList
                0x000000000800b380       0xc8 Middlewares/Third_Party/FreeRTOS/Source/tasks.o
                0x000000000800b380                xTaskRemoveFromEventList
 .text.vTaskInternalSetTimeOutState
                0x000000000800b448       0x2c Middlewares/Third_Party/FreeRTOS/Source/tasks.o
                0x000000000800b448                vTaskInternalSetTimeOutState
 .text.xTaskCheckForTimeOut
                0x000000000800b474       0xc4 Middlewares/Third_Party/FreeRTOS/Source/tasks.o
                0x000000000800b474                xTaskCheckForTimeOut
 .text.vTaskMissedYield
                0x000000000800b538       0x18 Middlewares/Third_Party/FreeRTOS/Source/tasks.o
                0x000000000800b538                vTaskMissedYield
 .text.prvIdleTask
                0x000000000800b550       0x30 Middlewares/Third_Party/FreeRTOS/Source/tasks.o
 .text.prvInitialiseTaskLists
                0x000000000800b580       0x80 Middlewares/Third_Party/FreeRTOS/Source/tasks.o
 .text.prvCheckTasksWaitingTermination
                0x000000000800b600       0x5c Middlewares/Third_Party/FreeRTOS/Source/tasks.o
 .text.prvDeleteTCB
                0x000000000800b65c       0x5e Middlewares/Third_Party/FreeRTOS/Source/tasks.o
 *fill*         0x000000000800b6ba        0x2 
 .text.prvResetNextTaskUnblockTime
                0x000000000800b6bc       0x40 Middlewares/Third_Party/FreeRTOS/Source/tasks.o
 .text.xTaskGetSchedulerState
                0x000000000800b6fc       0x3c Middlewares/Third_Party/FreeRTOS/Source/tasks.o
                0x000000000800b6fc                xTaskGetSchedulerState
 .text.xTaskPriorityDisinherit
                0x000000000800b738       0xdc Middlewares/Third_Party/FreeRTOS/Source/tasks.o
                0x000000000800b738                xTaskPriorityDisinherit
 .text.prvAddCurrentTaskToDelayedList
                0x000000000800b814       0xa8 Middlewares/Third_Party/FreeRTOS/Source/tasks.o
 .text.xTimerCreateTimerTask
                0x000000000800b8bc       0x90 Middlewares/Third_Party/FreeRTOS/Source/timers.o
                0x000000000800b8bc                xTimerCreateTimerTask
 .text.xTimerGenericCommand
                0x000000000800b94c       0x9c Middlewares/Third_Party/FreeRTOS/Source/timers.o
                0x000000000800b94c                xTimerGenericCommand
 .text.prvProcessExpiredTimer
                0x000000000800b9e8       0x98 Middlewares/Third_Party/FreeRTOS/Source/timers.o
 .text.prvTimerTask
                0x000000000800ba80       0x24 Middlewares/Third_Party/FreeRTOS/Source/timers.o
 .text.prvProcessTimerOrBlockTask
                0x000000000800baa4       0x9c Middlewares/Third_Party/FreeRTOS/Source/timers.o
 .text.prvGetNextExpireTime
                0x000000000800bb40       0x48 Middlewares/Third_Party/FreeRTOS/Source/timers.o
 .text.prvSampleTimeNow
                0x000000000800bb88       0x40 Middlewares/Third_Party/FreeRTOS/Source/timers.o
 .text.prvInsertTimerInActiveList
                0x000000000800bbc8       0x84 Middlewares/Third_Party/FreeRTOS/Source/timers.o
 .text.prvProcessReceivedCommands
                0x000000000800bc4c      0x1c4 Middlewares/Third_Party/FreeRTOS/Source/timers.o
 .text.prvSwitchTimerLists
                0x000000000800be10       0xc8 Middlewares/Third_Party/FreeRTOS/Source/timers.o
 .text.prvCheckForValidListAndQueue
                0x000000000800bed8       0x80 Middlewares/Third_Party/FreeRTOS/Source/timers.o
 .text.pxPortInitialiseStack
                0x000000000800bf58       0x68 Middlewares/Third_Party/FreeRTOS/Source/portable/GCC/ARM_CM4F/port.o
                0x000000000800bf58                pxPortInitialiseStack
 .text.prvTaskExitError
                0x000000000800bfc0       0x58 Middlewares/Third_Party/FreeRTOS/Source/portable/GCC/ARM_CM4F/port.o
 *fill*         0x000000000800c018        0x8 
 .text.SVC_Handler
                0x000000000800c020       0x28 Middlewares/Third_Party/FreeRTOS/Source/portable/GCC/ARM_CM4F/port.o
                0x000000000800c020                SVC_Handler
 .text.prvPortStartFirstTask
                0x000000000800c048       0x28 Middlewares/Third_Party/FreeRTOS/Source/portable/GCC/ARM_CM4F/port.o
 .text.xPortStartScheduler
                0x000000000800c070      0x144 Middlewares/Third_Party/FreeRTOS/Source/portable/GCC/ARM_CM4F/port.o
                0x000000000800c070                xPortStartScheduler
 .text.vPortEnterCritical
                0x000000000800c1b4       0x60 Middlewares/Third_Party/FreeRTOS/Source/portable/GCC/ARM_CM4F/port.o
                0x000000000800c1b4                vPortEnterCritical
 .text.vPortExitCritical
                0x000000000800c214       0x54 Middlewares/Third_Party/FreeRTOS/Source/portable/GCC/ARM_CM4F/port.o
                0x000000000800c214                vPortExitCritical
 *fill*         0x000000000800c268        0x8 
 .text.PendSV_Handler
                0x000000000800c270       0x68 Middlewares/Third_Party/FreeRTOS/Source/portable/GCC/ARM_CM4F/port.o
                0x000000000800c270                PendSV_Handler
 .text.xPortSysTickHandler
                0x000000000800c2d8       0x44 Middlewares/Third_Party/FreeRTOS/Source/portable/GCC/ARM_CM4F/port.o
                0x000000000800c2d8                xPortSysTickHandler
 .text.vPortSetupTimerInterrupt
                0x000000000800c31c       0x48 Middlewares/Third_Party/FreeRTOS/Source/portable/GCC/ARM_CM4F/port.o
                0x000000000800c31c                vPortSetupTimerInterrupt
 .text.vPortEnableVFP
                0x000000000800c364       0x14 Middlewares/Third_Party/FreeRTOS/Source/portable/GCC/ARM_CM4F/port.o
 .text.vPortValidateInterruptPriority
                0x000000000800c378       0x80 Middlewares/Third_Party/FreeRTOS/Source/portable/GCC/ARM_CM4F/port.o
                0x000000000800c378                vPortValidateInterruptPriority
 .text.pvPortMalloc
                0x000000000800c3f8      0x198 Middlewares/Third_Party/FreeRTOS/Source/portable/MemMang/heap_4.o
                0x000000000800c3f8                pvPortMalloc
 .text.vPortFree
                0x000000000800c590       0xc4 Middlewares/Third_Party/FreeRTOS/Source/portable/MemMang/heap_4.o
                0x000000000800c590                vPortFree
 .text.prvHeapInit
                0x000000000800c654       0xc4 Middlewares/Third_Party/FreeRTOS/Source/portable/MemMang/heap_4.o
 .text.prvInsertBlockIntoFreeList
                0x000000000800c718       0xb4 Middlewares/Third_Party/FreeRTOS/Source/portable/MemMang/heap_4.o
 .text.MX_USB_HOST_Init
                0x000000000800c7cc       0x4c USB_HOST/App/usb_host.o
                0x000000000800c7cc                MX_USB_HOST_Init
 .text.USBH_UserProcess
                0x000000000800c818       0x5c USB_HOST/App/usb_host.o
 .text.HAL_HCD_MspInit
                0x000000000800c874       0xc4 USB_HOST/Target/usbh_conf.o
                0x000000000800c874                HAL_HCD_MspInit
 .text.HAL_HCD_SOF_Callback
                0x000000000800c938       0x1c USB_HOST/Target/usbh_conf.o
                0x000000000800c938                HAL_HCD_SOF_Callback
 .text.HAL_HCD_Connect_Callback
                0x000000000800c954       0x1c USB_HOST/Target/usbh_conf.o
                0x000000000800c954                HAL_HCD_Connect_Callback
 .text.HAL_HCD_Disconnect_Callback
                0x000000000800c970       0x1c USB_HOST/Target/usbh_conf.o
                0x000000000800c970                HAL_HCD_Disconnect_Callback
 .text.HAL_HCD_HC_NotifyURBChange_Callback
                0x000000000800c98c       0x24 USB_HOST/Target/usbh_conf.o
                0x000000000800c98c                HAL_HCD_HC_NotifyURBChange_Callback
 .text.HAL_HCD_PortEnabled_Callback
                0x000000000800c9b0       0x1c USB_HOST/Target/usbh_conf.o
                0x000000000800c9b0                HAL_HCD_PortEnabled_Callback
 .text.HAL_HCD_PortDisabled_Callback
                0x000000000800c9cc       0x1c USB_HOST/Target/usbh_conf.o
                0x000000000800c9cc                HAL_HCD_PortDisabled_Callback
 .text.USBH_LL_Init
                0x000000000800c9e8       0x78 USB_HOST/Target/usbh_conf.o
                0x000000000800c9e8                USBH_LL_Init
 .text.USBH_LL_Start
                0x000000000800ca60       0x36 USB_HOST/Target/usbh_conf.o
                0x000000000800ca60                USBH_LL_Start
 .text.USBH_LL_Stop
                0x000000000800ca96       0x36 USB_HOST/Target/usbh_conf.o
                0x000000000800ca96                USBH_LL_Stop
 .text.USBH_LL_GetSpeed
                0x000000000800cacc       0x4e USB_HOST/Target/usbh_conf.o
                0x000000000800cacc                USBH_LL_GetSpeed
 .text.USBH_LL_ResetPort
                0x000000000800cb1a       0x36 USB_HOST/Target/usbh_conf.o
                0x000000000800cb1a                USBH_LL_ResetPort
 .text.USBH_LL_GetLastXferSize
                0x000000000800cb50       0x26 USB_HOST/Target/usbh_conf.o
                0x000000000800cb50                USBH_LL_GetLastXferSize
 .text.USBH_LL_OpenPipe
                0x000000000800cb76       0x5e USB_HOST/Target/usbh_conf.o
                0x000000000800cb76                USBH_LL_OpenPipe
 .text.USBH_LL_ClosePipe
                0x000000000800cbd4       0x3e USB_HOST/Target/usbh_conf.o
                0x000000000800cbd4                USBH_LL_ClosePipe
 .text.USBH_LL_SubmitURB
                0x000000000800cc12       0x62 USB_HOST/Target/usbh_conf.o
                0x000000000800cc12                USBH_LL_SubmitURB
 .text.USBH_LL_GetURBState
                0x000000000800cc74       0x26 USB_HOST/Target/usbh_conf.o
                0x000000000800cc74                USBH_LL_GetURBState
 .text.USBH_LL_DriverVBUS
                0x000000000800cc9a       0x2e USB_HOST/Target/usbh_conf.o
                0x000000000800cc9a                USBH_LL_DriverVBUS
 .text.USBH_LL_SetToggle
                0x000000000800ccc8       0x60 USB_HOST/Target/usbh_conf.o
                0x000000000800ccc8                USBH_LL_SetToggle
 .text.USBH_Delay
                0x000000000800cd28       0x16 USB_HOST/Target/usbh_conf.o
                0x000000000800cd28                USBH_Delay
 *fill*         0x000000000800cd3e        0x2 
 .text.USBH_Get_USB_Status
                0x000000000800cd40       0x58 USB_HOST/Target/usbh_conf.o
                0x000000000800cd40                USBH_Get_USB_Status
 .text.MX_DriverVbusFS
                0x000000000800cd98       0x38 USB_HOST/Target/usbh_platform.o
                0x000000000800cd98                MX_DriverVbusFS
 .text.__errno  0x000000000800cdd0        0xc /opt/st/stm32cubeide_1.6.1/plugins/com.st.stm32cube.ide.mcu.externaltools.gnu-tools-for-stm32.9-2020-q2-update.linux64_1.5.0.202011040924/tools/bin/../lib/gcc/arm-none-eabi/9.3.1/../../../../arm-none-eabi/lib/thumb/v7e-m+fp/hard/libc_nano.a(lib_a-errno.o)
                0x000000000800cdd0                __errno
 .text.__libc_init_array
                0x000000000800cddc       0x48 /opt/st/stm32cubeide_1.6.1/plugins/com.st.stm32cube.ide.mcu.externaltools.gnu-tools-for-stm32.9-2020-q2-update.linux64_1.5.0.202011040924/tools/bin/../lib/gcc/arm-none-eabi/9.3.1/../../../../arm-none-eabi/lib/thumb/v7e-m+fp/hard/libc_nano.a(lib_a-init.o)
                0x000000000800cddc                __libc_init_array
 .text.malloc   0x000000000800ce24       0x10 /opt/st/stm32cubeide_1.6.1/plugins/com.st.stm32cube.ide.mcu.externaltools.gnu-tools-for-stm32.9-2020-q2-update.linux64_1.5.0.202011040924/tools/bin/../lib/gcc/arm-none-eabi/9.3.1/../../../../arm-none-eabi/lib/thumb/v7e-m+fp/hard/libc_nano.a(lib_a-malloc.o)
                0x000000000800ce24                malloc
 .text.free     0x000000000800ce34       0x10 /opt/st/stm32cubeide_1.6.1/plugins/com.st.stm32cube.ide.mcu.externaltools.gnu-tools-for-stm32.9-2020-q2-update.linux64_1.5.0.202011040924/tools/bin/../lib/gcc/arm-none-eabi/9.3.1/../../../../arm-none-eabi/lib/thumb/v7e-m+fp/hard/libc_nano.a(lib_a-malloc.o)
                0x000000000800ce34                free
 .text.memcpy   0x000000000800ce44       0x1c /opt/st/stm32cubeide_1.6.1/plugins/com.st.stm32cube.ide.mcu.externaltools.gnu-tools-for-stm32.9-2020-q2-update.linux64_1.5.0.202011040924/tools/bin/../lib/gcc/arm-none-eabi/9.3.1/../../../../arm-none-eabi/lib/thumb/v7e-m+fp/hard/libc_nano.a(lib_a-memcpy-stub.o)
                0x000000000800ce44                memcpy
 .text.memset   0x000000000800ce60       0x10 /opt/st/stm32cubeide_1.6.1/plugins/com.st.stm32cube.ide.mcu.externaltools.gnu-tools-for-stm32.9-2020-q2-update.linux64_1.5.0.202011040924/tools/bin/../lib/gcc/arm-none-eabi/9.3.1/../../../../arm-none-eabi/lib/thumb/v7e-m+fp/hard/libc_nano.a(lib_a-memset.o)
                0x000000000800ce60                memset
 .text._free_r  0x000000000800ce70       0xa0 /opt/st/stm32cubeide_1.6.1/plugins/com.st.stm32cube.ide.mcu.externaltools.gnu-tools-for-stm32.9-2020-q2-update.linux64_1.5.0.202011040924/tools/bin/../lib/gcc/arm-none-eabi/9.3.1/../../../../arm-none-eabi/lib/thumb/v7e-m+fp/hard/libc_nano.a(lib_a-nano-freer.o)
                0x000000000800ce70                _free_r
 .text._malloc_r
                0x000000000800cf10       0xb4 /opt/st/stm32cubeide_1.6.1/plugins/com.st.stm32cube.ide.mcu.externaltools.gnu-tools-for-stm32.9-2020-q2-update.linux64_1.5.0.202011040924/tools/bin/../lib/gcc/arm-none-eabi/9.3.1/../../../../arm-none-eabi/lib/thumb/v7e-m+fp/hard/libc_nano.a(lib_a-nano-mallocr.o)
                0x000000000800cf10                _malloc_r
 .text._sbrk_r  0x000000000800cfc4       0x20 /opt/st/stm32cubeide_1.6.1/plugins/com.st.stm32cube.ide.mcu.externaltools.gnu-tools-for-stm32.9-2020-q2-update.linux64_1.5.0.202011040924/tools/bin/../lib/gcc/arm-none-eabi/9.3.1/../../../../arm-none-eabi/lib/thumb/v7e-m+fp/hard/libc_nano.a(lib_a-sbrkr.o)
                0x000000000800cfc4                _sbrk_r
 .text.__malloc_lock
                0x000000000800cfe4        0xc /opt/st/stm32cubeide_1.6.1/plugins/com.st.stm32cube.ide.mcu.externaltools.gnu-tools-for-stm32.9-2020-q2-update.linux64_1.5.0.202011040924/tools/bin/../lib/gcc/arm-none-eabi/9.3.1/../../../../arm-none-eabi/lib/thumb/v7e-m+fp/hard/libc_nano.a(lib_a-mlock.o)
                0x000000000800cfe4                __malloc_lock
 .text.__malloc_unlock
                0x000000000800cff0        0xc /opt/st/stm32cubeide_1.6.1/plugins/com.st.stm32cube.ide.mcu.externaltools.gnu-tools-for-stm32.9-2020-q2-update.linux64_1.5.0.202011040924/tools/bin/../lib/gcc/arm-none-eabi/9.3.1/../../../../arm-none-eabi/lib/thumb/v7e-m+fp/hard/libc_nano.a(lib_a-mlock.o)
                0x000000000800cff0                __malloc_unlock
 .text.__retarget_lock_acquire_recursive
                0x000000000800cffc        0x2 /opt/st/stm32cubeide_1.6.1/plugins/com.st.stm32cube.ide.mcu.externaltools.gnu-tools-for-stm32.9-2020-q2-update.linux64_1.5.0.202011040924/tools/bin/../lib/gcc/arm-none-eabi/9.3.1/../../../../arm-none-eabi/lib/thumb/v7e-m+fp/hard/libc_nano.a(lib_a-lock.o)
                0x000000000800cffc                __retarget_lock_acquire_recursive
 .text.__retarget_lock_release_recursive
                0x000000000800cffe        0x2 /opt/st/stm32cubeide_1.6.1/plugins/com.st.stm32cube.ide.mcu.externaltools.gnu-tools-for-stm32.9-2020-q2-update.linux64_1.5.0.202011040924/tools/bin/../lib/gcc/arm-none-eabi/9.3.1/../../../../arm-none-eabi/lib/thumb/v7e-m+fp/hard/libc_nano.a(lib_a-lock.o)
                0x000000000800cffe                __retarget_lock_release_recursive
 *(.glue_7)
 .glue_7        0x000000000800d000        0x0 linker stubs
 *(.glue_7t)
 .glue_7t       0x000000000800d000        0x0 linker stubs
 *(.eh_frame)
 .eh_frame      0x000000000800d000        0x0 /opt/st/stm32cubeide_1.6.1/plugins/com.st.stm32cube.ide.mcu.externaltools.gnu-tools-for-stm32.9-2020-q2-update.linux64_1.5.0.202011040924/tools/bin/../lib/gcc/arm-none-eabi/9.3.1/thumb/v7e-m+fp/hard/crtbegin.o
 *(.init)
 .init          0x000000000800d000        0x4 /opt/st/stm32cubeide_1.6.1/plugins/com.st.stm32cube.ide.mcu.externaltools.gnu-tools-for-stm32.9-2020-q2-update.linux64_1.5.0.202011040924/tools/bin/../lib/gcc/arm-none-eabi/9.3.1/thumb/v7e-m+fp/hard/crti.o
                0x000000000800d000                _init
 .init          0x000000000800d004        0x8 /opt/st/stm32cubeide_1.6.1/plugins/com.st.stm32cube.ide.mcu.externaltools.gnu-tools-for-stm32.9-2020-q2-update.linux64_1.5.0.202011040924/tools/bin/../lib/gcc/arm-none-eabi/9.3.1/thumb/v7e-m+fp/hard/crtn.o
 *(.fini)
 .fini          0x000000000800d00c        0x4 /opt/st/stm32cubeide_1.6.1/plugins/com.st.stm32cube.ide.mcu.externaltools.gnu-tools-for-stm32.9-2020-q2-update.linux64_1.5.0.202011040924/tools/bin/../lib/gcc/arm-none-eabi/9.3.1/thumb/v7e-m+fp/hard/crti.o
                0x000000000800d00c                _fini
 .fini          0x000000000800d010        0x8 /opt/st/stm32cubeide_1.6.1/plugins/com.st.stm32cube.ide.mcu.externaltools.gnu-tools-for-stm32.9-2020-q2-update.linux64_1.5.0.202011040924/tools/bin/../lib/gcc/arm-none-eabi/9.3.1/thumb/v7e-m+fp/hard/crtn.o
                0x000000000800d018                . = ALIGN (0x4)
                0x000000000800d018                _etext = .

.vfp11_veneer   0x000000000800d018        0x0
 .vfp11_veneer  0x000000000800d018        0x0 linker stubs

.v4_bx          0x000000000800d018        0x0
 .v4_bx         0x000000000800d018        0x0 linker stubs

.iplt           0x000000000800d018        0x0
 .iplt          0x000000000800d018        0x0 /opt/st/stm32cubeide_1.6.1/plugins/com.st.stm32cube.ide.mcu.externaltools.gnu-tools-for-stm32.9-2020-q2-update.linux64_1.5.0.202011040924/tools/bin/../lib/gcc/arm-none-eabi/9.3.1/thumb/v7e-m+fp/hard/crtbegin.o

.rodata         0x000000000800d018     0x1890
                0x000000000800d018                . = ALIGN (0x4)
 *(.rodata)
 .rodata        0x000000000800d018       0x2a Core/Src/main.o
 *fill*         0x000000000800d042        0x2 
 .rodata        0x000000000800d044        0x4 Middlewares/ST/STM32_USB_Host_Library/Class/CDC/Src/usbh_cdc.o
 .rodata        0x000000000800d048        0xb Middlewares/ST/STM32_USB_Host_Library/Core/Src/usbh_core.o
 *fill*         0x000000000800d053        0x1 
 .rodata        0x000000000800d054        0x5 Middlewares/Third_Party/FreeRTOS/Source/tasks.o
 *fill*         0x000000000800d059        0x3 
 .rodata        0x000000000800d05c        0xd Middlewares/Third_Party/FreeRTOS/Source/timers.o
 *(.rodata*)
 *fill*         0x000000000800d069        0x3 
 .rodata.face1  0x000000000800d06c      0x400 Core/Src/main.o
                0x000000000800d06c                face1
 .rodata.face2  0x000000000800d46c      0x400 Core/Src/main.o
                0x000000000800d46c                face2
 .rodata.face3  0x000000000800d86c      0x400 Core/Src/main.o
                0x000000000800d86c                face3
 .rodata.face4  0x000000000800dc6c      0x400 Core/Src/main.o
                0x000000000800dc6c                face4
 .rodata.face5  0x000000000800e06c      0x400 Core/Src/main.o
                0x000000000800e06c                face5
 .rodata.face6  0x000000000800e46c      0x400 Core/Src/main.o
                0x000000000800e46c                face6
 .rodata.defaultTask_attributes
                0x000000000800e86c       0x24 Core/Src/main.o
                0x000000000800e86c                defaultTask_attributes
 .rodata.AHBPrescTable
                0x000000000800e890       0x10 Core/Src/system_stm32f4xx.o
                0x000000000800e890                AHBPrescTable
 .rodata.APBPrescTable
                0x000000000800e8a0        0x8 Core/Src/system_stm32f4xx.o
                0x000000000800e8a0                APBPrescTable
                0x000000000800e8a8                . = ALIGN (0x4)

.ARM.extab      0x000000000800e8a8        0x0
                0x000000000800e8a8                . = ALIGN (0x4)
 *(.ARM.extab* .gnu.linkonce.armextab.*)
                0x000000000800e8a8                . = ALIGN (0x4)

.ARM            0x000000000800e8a8        0x8
                0x000000000800e8a8                . = ALIGN (0x4)
                0x000000000800e8a8                __exidx_start = .
 *(.ARM.exidx*)
 .ARM.exidx     0x000000000800e8a8        0x8 /opt/st/stm32cubeide_1.6.1/plugins/com.st.stm32cube.ide.mcu.externaltools.gnu-tools-for-stm32.9-2020-q2-update.linux64_1.5.0.202011040924/tools/bin/../lib/gcc/arm-none-eabi/9.3.1/thumb/v7e-m+fp/hard/libgcc.a(_udivmoddi4.o)
                0x000000000800e8b0                __exidx_end = .
                0x000000000800e8b0                . = ALIGN (0x4)

.rel.dyn        0x000000000800e8b0        0x0
 .rel.iplt      0x000000000800e8b0        0x0 /opt/st/stm32cubeide_1.6.1/plugins/com.st.stm32cube.ide.mcu.externaltools.gnu-tools-for-stm32.9-2020-q2-update.linux64_1.5.0.202011040924/tools/bin/../lib/gcc/arm-none-eabi/9.3.1/thumb/v7e-m+fp/hard/crtbegin.o

.preinit_array  0x000000000800e8b0        0x0
                0x000000000800e8b0                . = ALIGN (0x4)
                0x000000000800e8b0                PROVIDE (__preinit_array_start = .)
 *(.preinit_array*)
                0x000000000800e8b0                PROVIDE (__preinit_array_end = .)
                0x000000000800e8b0                . = ALIGN (0x4)

.init_array     0x000000000800e8b0        0x4
                0x000000000800e8b0                . = ALIGN (0x4)
                0x000000000800e8b0                PROVIDE (__init_array_start = .)
 *(SORT_BY_NAME(.init_array.*))
 *(.init_array*)
 .init_array    0x000000000800e8b0        0x4 /opt/st/stm32cubeide_1.6.1/plugins/com.st.stm32cube.ide.mcu.externaltools.gnu-tools-for-stm32.9-2020-q2-update.linux64_1.5.0.202011040924/tools/bin/../lib/gcc/arm-none-eabi/9.3.1/thumb/v7e-m+fp/hard/crtbegin.o
                0x000000000800e8b4                PROVIDE (__init_array_end = .)
                0x000000000800e8b4                . = ALIGN (0x4)

.fini_array     0x000000000800e8b4        0x4
                0x000000000800e8b4                . = ALIGN (0x4)
                [!provide]                        PROVIDE (__fini_array_start = .)
 *(SORT_BY_NAME(.fini_array.*))
 *(.fini_array*)
 .fini_array    0x000000000800e8b4        0x4 /opt/st/stm32cubeide_1.6.1/plugins/com.st.stm32cube.ide.mcu.externaltools.gnu-tools-for-stm32.9-2020-q2-update.linux64_1.5.0.202011040924/tools/bin/../lib/gcc/arm-none-eabi/9.3.1/thumb/v7e-m+fp/hard/crtbegin.o
                [!provide]                        PROVIDE (__fini_array_end = .)
                0x000000000800e8b8                . = ALIGN (0x4)
                0x000000000800e8b8                _sidata = LOADADDR (.data)

.data           0x0000000020000000       0x94 load address 0x000000000800e8b8
                0x0000000020000000                . = ALIGN (0x4)
                0x0000000020000000                _sdata = .
 *(.data)
 *(.data*)
 .data.SystemCoreClock
                0x0000000020000000        0x4 Core/Src/system_stm32f4xx.o
                0x0000000020000000                SystemCoreClock
 .data.uwTickPrio
                0x0000000020000004        0x4 Drivers/STM32F4xx_HAL_Driver/Src/stm32f4xx_hal.o
                0x0000000020000004                uwTickPrio
 .data.uwTickFreq
                0x0000000020000008        0x1 Drivers/STM32F4xx_HAL_Driver/Src/stm32f4xx_hal.o
                0x0000000020000008                uwTickFreq
 *fill*         0x0000000020000009        0x3 
 .data.CDC_Class
                0x000000002000000c       0x20 Middlewares/ST/STM32_USB_Host_Library/Class/CDC/Src/usbh_cdc.o
                0x000000002000000c                CDC_Class
 .data.uxCriticalNesting
                0x000000002000002c        0x4 Middlewares/Third_Party/FreeRTOS/Source/portable/GCC/ARM_CM4F/port.o
 .data._impure_ptr
                0x0000000020000030        0x4 /opt/st/stm32cubeide_1.6.1/plugins/com.st.stm32cube.ide.mcu.externaltools.gnu-tools-for-stm32.9-2020-q2-update.linux64_1.5.0.202011040924/tools/bin/../lib/gcc/arm-none-eabi/9.3.1/../../../../arm-none-eabi/lib/thumb/v7e-m+fp/hard/libc_nano.a(lib_a-impure.o)
                0x0000000020000030                _impure_ptr
 .data.impure_data
                0x0000000020000034       0x60 /opt/st/stm32cubeide_1.6.1/plugins/com.st.stm32cube.ide.mcu.externaltools.gnu-tools-for-stm32.9-2020-q2-update.linux64_1.5.0.202011040924/tools/bin/../lib/gcc/arm-none-eabi/9.3.1/../../../../arm-none-eabi/lib/thumb/v7e-m+fp/hard/libc_nano.a(lib_a-impure.o)
 *(.RamFunc)
 *(.RamFunc*)
                0x0000000020000094                . = ALIGN (0x4)
                0x0000000020000094                _edata = .

.igot.plt       0x0000000020000094        0x0 load address 0x000000000800e94c
 .igot.plt      0x0000000020000094        0x0 /opt/st/stm32cubeide_1.6.1/plugins/com.st.stm32cube.ide.mcu.externaltools.gnu-tools-for-stm32.9-2020-q2-update.linux64_1.5.0.202011040924/tools/bin/../lib/gcc/arm-none-eabi/9.3.1/thumb/v7e-m+fp/hard/crtbegin.o
                0x0000000020000094                . = ALIGN (0x4)

.bss            0x0000000020000094     0x5628 load address 0x000000000800e94c
                0x0000000020000094                _sbss = .
                0x0000000020000094                __bss_start__ = _sbss
 *(.bss)
 .bss           0x0000000020000094       0x1c /opt/st/stm32cubeide_1.6.1/plugins/com.st.stm32cube.ide.mcu.externaltools.gnu-tools-for-stm32.9-2020-q2-update.linux64_1.5.0.202011040924/tools/bin/../lib/gcc/arm-none-eabi/9.3.1/thumb/v7e-m+fp/hard/crtbegin.o
 *(.bss*)
 .bss.SSD1306_Buffer
                0x00000000200000b0      0x400 Core/Src/ssd1306.o
 .bss.SSD1306   0x00000000200004b0        0x6 Core/Src/ssd1306.o
 *fill*         0x00000000200004b6        0x2 
 .bss.__sbrk_heap_end
                0x00000000200004b8        0x4 Core/Src/sysmem.o
 .bss.KernelState
                0x00000000200004bc        0x4 Middlewares/Third_Party/FreeRTOS/Source/CMSIS_RTOS_V2/cmsis_os2.o
 .bss.Idle_TCB.10893
                0x00000000200004c0       0x5c Middlewares/Third_Party/FreeRTOS/Source/CMSIS_RTOS_V2/cmsis_os2.o
 .bss.Idle_Stack.10894
                0x000000002000051c      0x200 Middlewares/Third_Party/FreeRTOS/Source/CMSIS_RTOS_V2/cmsis_os2.o
 .bss.Timer_TCB.10900
                0x000000002000071c       0x5c Middlewares/Third_Party/FreeRTOS/Source/CMSIS_RTOS_V2/cmsis_os2.o
 .bss.Timer_Stack.10901
                0x0000000020000778      0x400 Middlewares/Third_Party/FreeRTOS/Source/CMSIS_RTOS_V2/cmsis_os2.o
 .bss.pxCurrentTCB
                0x0000000020000b78        0x4 Middlewares/Third_Party/FreeRTOS/Source/tasks.o
                0x0000000020000b78                pxCurrentTCB
 .bss.pxReadyTasksLists
                0x0000000020000b7c      0x460 Middlewares/Third_Party/FreeRTOS/Source/tasks.o
 .bss.xDelayedTaskList1
                0x0000000020000fdc       0x14 Middlewares/Third_Party/FreeRTOS/Source/tasks.o
 .bss.xDelayedTaskList2
                0x0000000020000ff0       0x14 Middlewares/Third_Party/FreeRTOS/Source/tasks.o
 .bss.pxDelayedTaskList
                0x0000000020001004        0x4 Middlewares/Third_Party/FreeRTOS/Source/tasks.o
 .bss.pxOverflowDelayedTaskList
                0x0000000020001008        0x4 Middlewares/Third_Party/FreeRTOS/Source/tasks.o
 .bss.xPendingReadyList
                0x000000002000100c       0x14 Middlewares/Third_Party/FreeRTOS/Source/tasks.o
 .bss.xTasksWaitingTermination
                0x0000000020001020       0x14 Middlewares/Third_Party/FreeRTOS/Source/tasks.o
 .bss.uxDeletedTasksWaitingCleanUp
                0x0000000020001034        0x4 Middlewares/Third_Party/FreeRTOS/Source/tasks.o
 .bss.xSuspendedTaskList
                0x0000000020001038       0x14 Middlewares/Third_Party/FreeRTOS/Source/tasks.o
 .bss.uxCurrentNumberOfTasks
                0x000000002000104c        0x4 Middlewares/Third_Party/FreeRTOS/Source/tasks.o
 .bss.xTickCount
                0x0000000020001050        0x4 Middlewares/Third_Party/FreeRTOS/Source/tasks.o
 .bss.uxTopReadyPriority
                0x0000000020001054        0x4 Middlewares/Third_Party/FreeRTOS/Source/tasks.o
 .bss.xSchedulerRunning
                0x0000000020001058        0x4 Middlewares/Third_Party/FreeRTOS/Source/tasks.o
 .bss.xPendedTicks
                0x000000002000105c        0x4 Middlewares/Third_Party/FreeRTOS/Source/tasks.o
 .bss.xYieldPending
                0x0000000020001060        0x4 Middlewares/Third_Party/FreeRTOS/Source/tasks.o
 .bss.xNumOfOverflows
                0x0000000020001064        0x4 Middlewares/Third_Party/FreeRTOS/Source/tasks.o
 .bss.uxTaskNumber
                0x0000000020001068        0x4 Middlewares/Third_Party/FreeRTOS/Source/tasks.o
 .bss.xNextTaskUnblockTime
                0x000000002000106c        0x4 Middlewares/Third_Party/FreeRTOS/Source/tasks.o
 .bss.xIdleTaskHandle
                0x0000000020001070        0x4 Middlewares/Third_Party/FreeRTOS/Source/tasks.o
 .bss.uxSchedulerSuspended
                0x0000000020001074        0x4 Middlewares/Third_Party/FreeRTOS/Source/tasks.o
 .bss.xActiveTimerList1
                0x0000000020001078       0x14 Middlewares/Third_Party/FreeRTOS/Source/timers.o
 .bss.xActiveTimerList2
                0x000000002000108c       0x14 Middlewares/Third_Party/FreeRTOS/Source/timers.o
 .bss.pxCurrentTimerList
                0x00000000200010a0        0x4 Middlewares/Third_Party/FreeRTOS/Source/timers.o
 .bss.pxOverflowTimerList
                0x00000000200010a4        0x4 Middlewares/Third_Party/FreeRTOS/Source/timers.o
 .bss.xTimerQueue
                0x00000000200010a8        0x4 Middlewares/Third_Party/FreeRTOS/Source/timers.o
 .bss.xTimerTaskHandle
                0x00000000200010ac        0x4 Middlewares/Third_Party/FreeRTOS/Source/timers.o
 .bss.xLastTime.6925
                0x00000000200010b0        0x4 Middlewares/Third_Party/FreeRTOS/Source/timers.o
 .bss.ucStaticTimerQueueStorage.6976
                0x00000000200010b4       0xa0 Middlewares/Third_Party/FreeRTOS/Source/timers.o
 .bss.xStaticTimerQueue.6975
                0x0000000020001154       0x50 Middlewares/Third_Party/FreeRTOS/Source/timers.o
 .bss.ucMaxSysCallPriority
                0x00000000200011a4        0x1 Middlewares/Third_Party/FreeRTOS/Source/portable/GCC/ARM_CM4F/port.o
 *fill*         0x00000000200011a5        0x3 
 .bss.ulMaxPRIGROUPValue
                0x00000000200011a8        0x4 Middlewares/Third_Party/FreeRTOS/Source/portable/GCC/ARM_CM4F/port.o
 .bss.ucHeap    0x00000000200011ac     0x3c00 Middlewares/Third_Party/FreeRTOS/Source/portable/MemMang/heap_4.o
 .bss.xStart    0x0000000020004dac        0x8 Middlewares/Third_Party/FreeRTOS/Source/portable/MemMang/heap_4.o
 .bss.pxEnd     0x0000000020004db4        0x4 Middlewares/Third_Party/FreeRTOS/Source/portable/MemMang/heap_4.o
 .bss.xFreeBytesRemaining
                0x0000000020004db8        0x4 Middlewares/Third_Party/FreeRTOS/Source/portable/MemMang/heap_4.o
 .bss.xMinimumEverFreeBytesRemaining
                0x0000000020004dbc        0x4 Middlewares/Third_Party/FreeRTOS/Source/portable/MemMang/heap_4.o
 .bss.xNumberOfSuccessfulAllocations
                0x0000000020004dc0        0x4 Middlewares/Third_Party/FreeRTOS/Source/portable/MemMang/heap_4.o
 .bss.xNumberOfSuccessfulFrees
                0x0000000020004dc4        0x4 Middlewares/Third_Party/FreeRTOS/Source/portable/MemMang/heap_4.o
 .bss.xBlockAllocatedBit
                0x0000000020004dc8        0x4 Middlewares/Third_Party/FreeRTOS/Source/portable/MemMang/heap_4.o
 .bss.Appli_state
                0x0000000020004dcc        0x1 USB_HOST/App/usb_host.o
                0x0000000020004dcc                Appli_state
 *fill*         0x0000000020004dcd        0x3 
 .bss.__malloc_free_list
                0x0000000020004dd0        0x4 /opt/st/stm32cubeide_1.6.1/plugins/com.st.stm32cube.ide.mcu.externaltools.gnu-tools-for-stm32.9-2020-q2-update.linux64_1.5.0.202011040924/tools/bin/../lib/gcc/arm-none-eabi/9.3.1/../../../../arm-none-eabi/lib/thumb/v7e-m+fp/hard/libc_nano.a(lib_a-nano-mallocr.o)
                0x0000000020004dd0                __malloc_free_list
 .bss.__malloc_sbrk_start
                0x0000000020004dd4        0x4 /opt/st/stm32cubeide_1.6.1/plugins/com.st.stm32cube.ide.mcu.externaltools.gnu-tools-for-stm32.9-2020-q2-update.linux64_1.5.0.202011040924/tools/bin/../lib/gcc/arm-none-eabi/9.3.1/../../../../arm-none-eabi/lib/thumb/v7e-m+fp/hard/libc_nano.a(lib_a-nano-mallocr.o)
                0x0000000020004dd4                __malloc_sbrk_start
 *(COMMON)
 COMMON         0x0000000020004dd8      0x13c Core/Src/main.o
                0x0000000020004dd8                defaultTaskHandle
                0x0000000020004ddc                hi2c1
                0x0000000020004e30                hspi1
                0x0000000020004e88                huart2
                0x0000000020004ecc                hi2s3
 COMMON         0x0000000020004f14       0x48 Core/Src/stm32f4xx_hal_timebase_tim.o
                0x0000000020004f14                htim6
 COMMON         0x0000000020004f5c        0x4 Drivers/STM32F4xx_HAL_Driver/Src/stm32f4xx_hal.o
                0x0000000020004f5c                uwTick
 COMMON         0x0000000020004f60       0x24 Middlewares/ST/STM32_USB_Host_Library/Core/Src/usbh_core.o
                0x0000000020004f60                USBH_Thread_Atrr
 COMMON         0x0000000020004f84       0x40 Middlewares/Third_Party/FreeRTOS/Source/queue.o
                0x0000000020004f84                xQueueRegistry
 COMMON         0x0000000020004fc4      0x3e4 USB_HOST/App/usb_host.o
                0x0000000020004fc4                hUsbHostFS
 COMMON         0x00000000200053a8      0x304 USB_HOST/Target/usbh_conf.o
                0x00000000200053a8                hhcd_USB_OTG_FS
 COMMON         0x00000000200056ac        0x4 /opt/st/stm32cubeide_1.6.1/plugins/com.st.stm32cube.ide.mcu.externaltools.gnu-tools-for-stm32.9-2020-q2-update.linux64_1.5.0.202011040924/tools/bin/../lib/gcc/arm-none-eabi/9.3.1/../../../../arm-none-eabi/lib/thumb/v7e-m+fp/hard/libc_nano.a(lib_a-reent.o)
                0x00000000200056ac                errno
 COMMON         0x00000000200056b0        0x9 /opt/st/stm32cubeide_1.6.1/plugins/com.st.stm32cube.ide.mcu.externaltools.gnu-tools-for-stm32.9-2020-q2-update.linux64_1.5.0.202011040924/tools/bin/../lib/gcc/arm-none-eabi/9.3.1/../../../../arm-none-eabi/lib/thumb/v7e-m+fp/hard/libc_nano.a(lib_a-lock.o)
                0x00000000200056b0                __lock___atexit_recursive_mutex
                0x00000000200056b1                __lock___arc4random_mutex
                0x00000000200056b2                __lock___env_recursive_mutex
                0x00000000200056b3                __lock___sinit_recursive_mutex
                0x00000000200056b4                __lock___malloc_recursive_mutex
                0x00000000200056b5                __lock___at_quick_exit_mutex
                0x00000000200056b6                __lock___dd_hash_mutex
                0x00000000200056b7                __lock___tz_mutex
                0x00000000200056b8                __lock___sfp_recursive_mutex
                0x00000000200056bc                . = ALIGN (0x4)
 *fill*         0x00000000200056b9        0x3 
                0x00000000200056bc                _ebss = .
                0x00000000200056bc                __bss_end__ = _ebss

._user_heap_stack
                0x00000000200056bc      0x604 load address 0x000000000800e94c
                0x00000000200056c0                . = ALIGN (0x8)
 *fill*         0x00000000200056bc        0x4 
                [!provide]                        PROVIDE (end = .)
                0x00000000200056c0                PROVIDE (_end = .)
                0x00000000200058c0                . = (. + _Min_Heap_Size)
 *fill*         0x00000000200056c0      0x200 
                0x0000000020005cc0                . = (. + _Min_Stack_Size)
 *fill*         0x00000000200058c0      0x400 
                0x0000000020005cc0                . = ALIGN (0x8)

/DISCARD/
 libc.a(*)
 libm.a(*)
 libgcc.a(*)

.ARM.attributes
                0x0000000000000000       0x30
 *(.ARM.attributes)
 .ARM.attributes
                0x0000000000000000       0x1e /opt/st/stm32cubeide_1.6.1/plugins/com.st.stm32cube.ide.mcu.externaltools.gnu-tools-for-stm32.9-2020-q2-update.linux64_1.5.0.202011040924/tools/bin/../lib/gcc/arm-none-eabi/9.3.1/thumb/v7e-m+fp/hard/crti.o
 .ARM.attributes
                0x000000000000001e       0x34 /opt/st/stm32cubeide_1.6.1/plugins/com.st.stm32cube.ide.mcu.externaltools.gnu-tools-for-stm32.9-2020-q2-update.linux64_1.5.0.202011040924/tools/bin/../lib/gcc/arm-none-eabi/9.3.1/thumb/v7e-m+fp/hard/crtbegin.o
 .ARM.attributes
                0x0000000000000052       0x34 Core/Src/main.o
 .ARM.attributes
                0x0000000000000086       0x34 Core/Src/ssd1306.o
 .ARM.attributes
                0x00000000000000ba       0x34 Core/Src/stm32f4xx_hal_msp.o
 .ARM.attributes
                0x00000000000000ee       0x34 Core/Src/stm32f4xx_hal_timebase_tim.o
 .ARM.attributes