Archive member included to satisfy reference by file (symbol)

/opt/st/stm32cubeide_1.6.1/plugins/com.st.stm32cube.ide.mcu.externaltools.gnu-tools-for-stm32.9-2020-q2-update.linux64_1.5.0.202011040924/tools/bin/../lib/gcc/arm-none-eabi/9.3.1/../../../../arm-none-eabi/lib/thumb/v7e-m+fp/hard/libc_nano.a(lib_a-errno.o)
                              Core/Src/syscalls.o (__errno)
/opt/st/stm32cubeide_1.6.1/plugins/com.st.stm32cube.ide.mcu.externaltools.gnu-tools-for-stm32.9-2020-q2-update.linux64_1.5.0.202011040924/tools/bin/../lib/gcc/arm-none-eabi/9.3.1/../../../../arm-none-eabi/lib/thumb/v7e-m+fp/hard/libc_nano.a(lib_a-exit.o)
                              /opt/st/stm32cubeide_1.6.1/plugins/com.st.stm32cube.ide.mcu.externaltools.gnu-tools-for-stm32.9-2020-q2-update.linux64_1.5.0.202011040924/tools/bin/../lib/gcc/arm-none-eabi/9.3.1/../../../../arm-none-eabi/lib/thumb/v7e-m+fp/hard/crt0.o (exit)
/opt/st/stm32cubeide_1.6.1/plugins/com.st.stm32cube.ide.mcu.externaltools.gnu-tools-for-stm32.9-2020-q2-update.linux64_1.5.0.202011040924/tools/bin/../lib/gcc/arm-none-eabi/9.3.1/../../../../arm-none-eabi/lib/thumb/v7e-m+fp/hard/libc_nano.a(lib_a-impure.o)
                              /opt/st/stm32cubeide_1.6.1/plugins/com.st.stm32cube.ide.mcu.externaltools.gnu-tools-for-stm32.9-2020-q2-update.linux64_1.5.0.202011040924/tools/bin/../lib/gcc/arm-none-eabi/9.3.1/../../../../arm-none-eabi/lib/thumb/v7e-m+fp/hard/libc_nano.a(lib_a-exit.o) (_global_impure_ptr)
/opt/st/stm32cubeide_1.6.1/plugins/com.st.stm32cube.ide.mcu.externaltools.gnu-tools-for-stm32.9-2020-q2-update.linux64_1.5.0.202011040924/tools/bin/../lib/gcc/arm-none-eabi/9.3.1/../../../../arm-none-eabi/lib/thumb/v7e-m+fp/hard/libc_nano.a(lib_a-init.o)
                              /opt/st/stm32cubeide_1.6.1/plugins/com.st.stm32cube.ide.mcu.externaltools.gnu-tools-for-stm32.9-2020-q2-update.linux64_1.5.0.202011040924/tools/bin/../lib/gcc/arm-none-eabi/9.3.1/../../../../arm-none-eabi/lib/thumb/v7e-m+fp/hard/crt0.o (__libc_init_array)
/opt/st/stm32cubeide_1.6.1/plugins/com.st.stm32cube.ide.mcu.externaltools.gnu-tools-for-stm32.9-2020-q2-update.linux64_1.5.0.202011040924/tools/bin/../lib/gcc/arm-none-eabi/9.3.1/../../../../arm-none-eabi/lib/thumb/v7e-m+fp/hard/libc_nano.a(lib_a-malloc.o)
                              Middlewares/ST/STM32_USB_Host_Library/Class/CDC/Src/usbh_cdc.o (malloc)
/opt/st/stm32cubeide_1.6.1/plugins/com.st.stm32cube.ide.mcu.externaltools.gnu-tools-for-stm32.9-2020-q2-update.linux64_1.5.0.202011040924/tools/bin/../lib/gcc/arm-none-eabi/9.3.1/../../../../arm-none-eabi/lib/thumb/v7e-m+fp/hard/libc_nano.a(lib_a-memcpy-stub.o)
                              Middlewares/Third_Party/FreeRTOS/Source/CMSIS_RTOS_V2/cmsis_os2.o (memcpy)
/opt/st/stm32cubeide_1.6.1/plugins/com.st.stm32cube.ide.mcu.externaltools.gnu-tools-for-stm32.9-2020-q2-update.linux64_1.5.0.202011040924/tools/bin/../lib/gcc/arm-none-eabi/9.3.1/../../../../arm-none-eabi/lib/thumb/v7e-m+fp/hard/libc_nano.a(lib_a-memset.o)
                              /opt/st/stm32cubeide_1.6.1/plugins/com.st.stm32cube.ide.mcu.externaltools.gnu-tools-for-stm32.9-2020-q2-update.linux64_1.5.0.202011040924/tools/bin/../lib/gcc/arm-none-eabi/9.3.1/../../../../arm-none-eabi/lib/thumb/v7e-m+fp/hard/crt0.o (memset)
/opt/st/stm32cubeide_1.6.1/plugins/com.st.stm32cube.ide.mcu.externaltools.gnu-tools-for-stm32.9-2020-q2-update.linux64_1.5.0.202011040924/tools/bin/../lib/gcc/arm-none-eabi/9.3.1/../../../../arm-none-eabi/lib/thumb/v7e-m+fp/hard/libc_nano.a(lib_a-nano-freer.o)
                              /opt/st/stm32cubeide_1.6.1/plugins/com.st.stm32cube.ide.mcu.externaltools.gnu-tools-for-stm32.9-2020-q2-update.linux64_1.5.0.202011040924/tools/bin/../lib/gcc/arm-none-eabi/9.3.1/../../../../arm-none-eabi/lib/thumb/v7e-m+fp/hard/libc_nano.a(lib_a-malloc.o) (_free_r)
/opt/st/stm32cubeide_1.6.1/plugins/com.st.stm32cube.ide.mcu.externaltools.gnu-tools-for-stm32.9-2020-q2-update.linux64_1.5.0.202011040924/tools/bin/../lib/gcc/arm-none-eabi/9.3.1/../../../../arm-none-eabi/lib/thumb/v7e-m+fp/hard/libc_nano.a(lib_a-nano-mallocr.o)
                              /opt/st/stm32cubeide_1.6.1/plugins/com.st.stm32cube.ide.mcu.externaltools.gnu-tools-for-stm32.9-2020-q2-update.linux64_1.5.0.202011040924/tools/bin/../lib/gcc/arm-none-eabi/9.3.1/../../../../arm-none-eabi/lib/thumb/v7e-m+fp/hard/libc_nano.a(lib_a-malloc.o) (_malloc_r)
/opt/st/stm32cubeide_1.6.1/plugins/com.st.stm32cube.ide.mcu.externaltools.gnu-tools-for-stm32.9-2020-q2-update.linux64_1.5.0.202011040924/tools/bin/../lib/gcc/arm-none-eabi/9.3.1/../../../../arm-none-eabi/lib/thumb/v7e-m+fp/hard/libc_nano.a(lib_a-sbrkr.o)
                              /opt/st/stm32cubeide_1.6.1/plugins/com.st.stm32cube.ide.mcu.externaltools.gnu-tools-for-stm32.9-2020-q2-update.linux64_1.5.0.202011040924/tools/bin/../lib/gcc/arm-none-eabi/9.3.1/../../../../arm-none-eabi/lib/thumb/v7e-m+fp/hard/libc_nano.a(lib_a-nano-mallocr.o) (_sbrk_r)
[...]
Memory Configuration

Name             Origin             Length             Attributes
CCMRAM           0x0000000010000000 0x0000000000010000 xrw
RAM              0x0000000020000000 0x0000000000020000 xrw
FLASH            0x0000000008000000 0x0000000000100000 xr
*default*        0x0000000000000000 0xffffffffffffffff

Linker script and memory map

LOAD /opt/st/stm32cubeide_1.6.1/plugins/com.st.stm32cube.ide.mcu.externaltools.gnu-tools-for-stm32.9-2020-q2-update.linux64_1.5.0.202011040924/tools/bin/../lib/gcc/arm-none-eabi/9.3.1/thumb/v7e-m+fp/hard/crti.o
LOAD /opt/st/stm32cubeide_1.6.1/plugins/com.st.stm32cube.ide.mcu.externaltools.gnu-tools-for-stm32.9-2020-q2-update.linux64_1.5.0.202011040924/tools/bin/../lib/gcc/arm-none-eabi/9.3.1/thumb/v7e-m+fp/hard/crtbegin.o
LOAD /opt/st/stm32cubeide_1.6.1/plugins/com.st.stm32cube.ide.mcu.externaltools.gnu-tools-for-stm32.9-2020-q2-update.linux64_1.5.0.202011040924/tools/bin/../lib/gcc/arm-none-eabi/9.3.1/../../../../arm-none-eabi/lib/thumb/v7e-m+fp/hard/crt0.o
LOAD Core/Src/bluetooth_helper.o
LOAD Core/Src/fonts.o
LOAD Core/Src/freertos.o
LOAD Core/Src/main.o
LOAD Core/Src/pca9685.o
LOAD Core/Src/ssd1306.o
LOAD Core/Src/stm32f4xx_hal_msp.o
LOAD Core/Src/stm32f4xx_hal_timebase_tim.o
LOAD Core/Src/stm32f4xx_it.o
LOAD Core/Src/syscalls.o
LOAD Core/Src/sysmem.o
LOAD Core/Src/system_stm32f4xx.o
LOAD Core/Src/test.o
LOAD Core/Startup/startup_stm32f407vgtx.o
LOAD Drivers/STM32F4xx_HAL_Driver/Src/stm32f4xx_hal.o
LOAD Drivers/STM32F4xx_HAL_Driver/Src/stm32f4xx_hal_cortex.o
LOAD Drivers/STM32F4xx_HAL_Driver/Src/stm32f4xx_hal_dma.o
LOAD Drivers/STM32F4xx_HAL_Driver/Src/stm32f4xx_hal_dma_ex.o
LOAD Drivers/STM32F4xx_HAL_Driver/Src/stm32f4xx_hal_exti.o
LOAD Drivers/STM32F4xx_HAL_Driver/Src/stm32f4xx_hal_flash.o
LOAD Drivers/STM32F4xx_HAL_Driver/Src/stm32f4xx_hal_flash_ex.o
LOAD Drivers/STM32F4xx_HAL_Driver/Src/stm32f4xx_hal_flash_ramfunc.o
LOAD Drivers/STM32F4xx_HAL_Driver/Src/stm32f4xx_hal_gpio.o
LOAD Drivers/STM32F4xx_HAL_Driver/Src/stm32f4xx_hal_hcd.o
LOAD Drivers/STM32F4xx_HAL_Driver/Src/stm32f4xx_hal_i2c.o
LOAD Drivers/STM32F4xx_HAL_Driver/Src/stm32f4xx_hal_i2c_ex.o
LOAD Drivers/STM32F4xx_HAL_Driver/Src/stm32f4xx_hal_i2s.o
LOAD Drivers/STM32F4xx_HAL_Driver/Src/stm32f4xx_hal_i2s_ex.o
LOAD Drivers/STM32F4xx_HAL_Driver/Src/stm32f4xx_hal_pwr.o
LOAD Drivers/STM32F4xx_HAL_Driver/Src/stm32f4xx_hal_pwr_ex.o
LOAD Drivers/STM32F4xx_HAL_Driver/Src/stm32f4xx_hal_rcc.o
LOAD Drivers/STM32F4xx_HAL_Driver/Src/stm32f4xx_hal_rcc_ex.o
LOAD Drivers/STM32F4xx_HAL_Driver/Src/stm32f4xx_hal_spi.o
LOAD Drivers/STM32F4xx_HAL_Driver/Src/stm32f4xx_hal_tim.o
LOAD Drivers/STM32F4xx_HAL_Driver/Src/stm32f4xx_hal_tim_ex.o
LOAD Drivers/STM32F4xx_HAL_Driver/Src/stm32f4xx_hal_uart.o
LOAD Drivers/STM32F4xx_HAL_Driver/Src/stm32f4xx_ll_usb.o
LOAD Middlewares/ST/STM32_USB_Host_Library/Class/CDC/Src/usbh_cdc.o
LOAD Middlewares/ST/STM32_USB_Host_Library/Core/Src/usbh_core.o
LOAD Middlewares/ST/STM32_USB_Host_Library/Core/Src/usbh_ctlreq.o
LOAD Middlewares/ST/STM32_USB_Host_Library/Core/Src/usbh_ioreq.o
LOAD Middlewares/ST/STM32_USB_Host_Library/Core/Src/usbh_pipes.o
LOAD Middlewares/Third_Party/FreeRTOS/Source/CMSIS_RTOS_V2/cmsis_os2.o
LOAD Middlewares/Third_Party/FreeRTOS/Source/croutine.o
LOAD Middlewares/Third_Party/FreeRTOS/Source/event_groups.o
LOAD Middlewares/Third_Party/FreeRTOS/Source/list.o
LOAD Middlewares/Third_Party/FreeRTOS/Source/queue.o
LOAD Middlewares/Third_Party/FreeRTOS/Source/stream_buffer.o
LOAD Middlewares/Third_Party/FreeRTOS/Source/tasks.o
LOAD Middlewares/Third_Party/FreeRTOS/Source/timers.o
LOAD Middlewares/Third_Party/FreeRTOS/Source/portable/GCC/ARM_CM4F/port.o
LOAD Middlewares/Third_Party/FreeRTOS/Source/portable/MemMang/heap_4.o
LOAD USB_HOST/App/usb_host.o
LOAD USB_HOST/Target/usbh_conf.o
LOAD USB_HOST/Target/usbh_platform.o
START GROUP
LOAD /opt/st/stm32cubeide_1.6.1/plugins/com.st.stm32cube.ide.mcu.externaltools.gnu-tools-for-stm32.9-2020-q2-update.linux64_1.5.0.202011040924/tools/bin/../lib/gcc/arm-none-eabi/9.3.1/../../../../arm-none-eabi/lib/thumb/v7e-m+fp/hard/libc_nano.a
LOAD /opt/st/stm32cubeide_1.6.1/plugins/com.st.stm32cube.ide.mcu.externaltools.gnu-tools-for-stm32.9-2020-q2-update.linux64_1.5.0.202011040924/tools/bin/../lib/gcc/arm-none-eabi/9.3.1/../../../../arm-none-eabi/lib/thumb/v7e-m+fp/hard/libm.a
END GROUP
START GROUP
LOAD /opt/st/stm32cubeide_1.6.1/plugins/com.st.stm32cube.ide.mcu.externaltools.gnu-tools-for-stm32.9-2020-q2-update.linux64_1.5.0.202011040924/tools/bin/../lib/gcc/arm-none-eabi/9.3.1/thumb/v7e-m+fp/hard/libgcc.a
LOAD /opt/st/stm32cubeide_1.6.1/plugins/com.st.stm32cube.ide.mcu.externaltools.gnu-tools-for-stm32.9-2020-q2-update.linux64_1.5.0.202011040924/tools/bin/../lib/gcc/arm-none-eabi/9.3.1/../../../../arm-none-eabi/lib/thumb/v7e-m+fp/hard/libc_nano.a
END GROUP
START GROUP
LOAD /opt/st/stm32cubeide_1.6.1/plugins/com.st.stm32cube.ide.mcu.externaltools.gnu-tools-for-stm32.9-2020-q2-update.linux64_1.5.0.202011040924/tools/bin/../lib/gcc/arm-none-eabi/9.3.1/thumb/v7e-m+fp/hard/libgcc.a
LOAD /opt/st/stm32cubeide_1.6.1/plugins/com.st.stm32cube.ide.mcu.externaltools.gnu-tools-for-stm32.9-2020-q2-update.linux64_1.5.0.202011040924/tools/bin/../lib/gcc/arm-none-eabi/9.3.1/../../../../arm-none-eabi/lib/thumb/v7e-m+fp/hard/libc_nano.a
LOAD /opt/st/stm32cubeide_1.6.1/plugins/com.st.stm32cube.ide.mcu.externaltools.gnu-tools-for-stm32.9-2020-q2-update.linux64_1.5.0.202011040924/tools/bin/../lib/gcc/arm-none-eabi/9.3.1/../../../../arm-none-eabi/lib/thumb/v7e-m+fp/hard/libnosys.a
END GROUP
START GROUP
LOAD /opt/st/stm32cubeide_1.6.1/plugins/com.st.stm32cube.ide.mcu.externaltools.gnu-tools-for-stm32.9-2020-q2-update.linux64_1.5.0.202011040924/tools/bin/../lib/gcc/arm-none-eabi/9.3.1/thumb/v7e-m+fp/hard/libgcc.a
LOAD /opt/st/stm32cubeide_1.6.1/plugins/com.st.stm32cube.ide.mcu.externaltools.gnu-tools-for-stm32.9-2020-q2-update.linux64_1.5.0.202011040924/tools/bin/../lib/gcc/arm-none-eabi/9.3.1/../../../../arm-none-eabi/lib/thumb/v7e-m+fp/hard/libc_nano.a
LOAD /opt/st/stm32cubeide_1.6.1/plugins/com.st.stm32cube.ide.mcu.externaltools.gnu-tools-for-stm32.9-2020-q2-update.linux64_1.5.0.202011040924/tools/bin/../lib/gcc/arm-none-eabi/9.3.1/../../../../arm-none-eabi/lib/thumb/v7e-m+fp/hard/libnosys.a
END GROUP
LOAD /opt/st/stm32cubeide_1.6.1/plugins/com.st.stm32cube.ide.mcu.externaltools.gnu-tools-for-stm32.9-2020-q2-update.linux64_1.5.0.202011040924/tools/bin/../lib/gcc/arm-none-eabi/9.3.1/thumb/v7e-m+fp/hard/crtend.o
LOAD /opt/st/stm32cubeide_1.6.1/plugins/com.st.stm32cube.ide.mcu.externaltools.gnu-tools-for-stm32.9-2020-q2-update.linux64_1.5.0.202011040924/tools/bin/../lib/gcc/arm-none-eabi/9.3.1/thumb/v7e-m+fp/hard/crtn.o
                0x0000000020020000                _estack = (ORIGIN (RAM) + LENGTH (RAM))
                0x0000000000000200                _Min_Heap_Size = 0x200
                0x0000000000000400                _Min_Stack_Size = 0x400

.isr_vector     0x0000000008000000      0x188
                0x0000000008000000                . = ALIGN (0x4)
 *(.isr_vector)
 .isr_vector    0x0000000008000000      0x188 Core/Startup/startup_stm32f407vgtx.o
                0x0000000008000000                g_pfnVectors
                0x0000000008000188                . = ALIGN (0x4)

.text           0x0000000008000190     0xf4e8
                0x0000000008000190                . = ALIGN (0x4)
 *(.text)
 .text          0x0000000008000190       0x40 /opt/st/stm32cubeide_1.6.1/plugins/com.st.stm32cube.ide.mcu.externaltools.gnu-tools-for-stm32.9-2020-q2-update.linux64_1.5.0.202011040924/tools/bin/../lib/gcc/arm-none-eabi/9.3.1/thumb/v7e-m+fp/hard/crtbegin.o
 .text          0x00000000080001d0       0x10 /opt/st/stm32cubeide_1.6.1/plugins/com.st.stm32cube.ide.mcu.externaltools.gnu-tools-for-stm32.9-2020-q2-update.linux64_1.5.0.202011040924/tools/bin/../lib/gcc/arm-none-eabi/9.3.1/../../../../arm-none-eabi/lib/thumb/v7e-m+fp/hard/libc_nano.a(lib_a-strlen.o)
                0x00000000080001d0                strlen
 .text          0x00000000080001e0      0x378 /opt/st/stm32cubeide_1.6.1/plugins/com.st.stm32cube.ide.mcu.externaltools.gnu-tools-for-stm32.9-2020-q2-update.linux64_1.5.0.202011040924/tools/bin/../lib/gcc/arm-none-eabi/9.3.1/thumb/v7e-m+fp/hard/libgcc.a(_arm_addsubdf3.o)
                0x00000000080001e0                __aeabi_drsub
                0x00000000080001e8                __aeabi_dsub
                0x00000000080001e8                __subdf3
                0x00000000080001ec                __adddf3
                0x00000000080001ec                __aeabi_dadd
                0x0000000008000464                __aeabi_ui2d
                0x0000000008000464                __floatunsidf
                0x0000000008000484                __floatsidf
                0x0000000008000484                __aeabi_i2d
                0x00000000080004a8                __extendsfdf2
                0x00000000080004a8                __aeabi_f2d
                0x00000000080004ec                __aeabi_ul2d
                0x00000000080004ec                __floatundidf
                0x00000000080004fc                __floatdidf
                0x00000000080004fc                __aeabi_l2d
 .text          0x0000000008000558      0x424 /opt/st/stm32cubeide_1.6.1/plugins/com.st.stm32cube.ide.mcu.externaltools.gnu-tools-for-stm32.9-2020-q2-update.linux64_1.5.0.202011040924/tools/bin/../lib/gcc/arm-none-eabi/9.3.1/thumb/v7e-m+fp/hard/libgcc.a(_arm_muldivdf3.o)
                0x0000000008000558                __aeabi_dmul
                0x0000000008000558                __muldf3
                0x00000000080007ac                __aeabi_ddiv
                0x00000000080007ac                __divdf3
 .text          0x000000000800097c      0x110 /opt/st/stm32cubeide_1.6.1/plugins/com.st.stm32cube.ide.mcu.externaltools.gnu-tools-for-stm32.9-2020-q2-update.linux64_1.5.0.202011040924/tools/bin/../lib/gcc/arm-none-eabi/9.3.1/thumb/v7e-m+fp/hard/libgcc.a(_arm_cmpdf2.o)
                0x000000000800097c                __gtdf2
                0x000000000800097c                __gedf2
                0x0000000008000984                __ltdf2
                0x0000000008000984                __ledf2
                0x000000000800098c                __cmpdf2
                0x000000000800098c                __eqdf2
                0x000000000800098c                __nedf2
                0x0000000008000a08                __aeabi_cdrcmple
                0x0000000008000a18                __aeabi_cdcmple
                0x0000000008000a18                __aeabi_cdcmpeq
                0x0000000008000a28                __aeabi_dcmpeq
                0x0000000008000a3c                __aeabi_dcmplt
                0x0000000008000a50                __aeabi_dcmple
                0x0000000008000a64                __aeabi_dcmpge
                0x0000000008000a78                __aeabi_dcmpgt
 .text          0x0000000008000a8c       0x40 /opt/st/stm32cubeide_1.6.1/plugins/com.st.stm32cube.ide.mcu.externaltools.gnu-tools-for-stm32.9-2020-q2-update.linux64_1.5.0.202011040924/tools/bin/../lib/gcc/arm-none-eabi/9.3.1/thumb/v7e-m+fp/hard/libgcc.a(_arm_fixunsdfsi.o)
                0x0000000008000a8c                __fixunsdfsi
                0x0000000008000a8c                __aeabi_d2uiz
 .text          0x0000000008000acc       0xa0 /opt/st/stm32cubeide_1.6.1/plugins/com.st.stm32cube.ide.mcu.externaltools.gnu-tools-for-stm32.9-2020-q2-update.linux64_1.5.0.202011040924/tools/bin/../lib/gcc/arm-none-eabi/9.3.1/thumb/v7e-m+fp/hard/libgcc.a(_arm_truncdfsf2.o)
                0x0000000008000acc                __aeabi_d2f
                0x0000000008000acc                __truncdfsf2
 .text          0x0000000008000b6c       0x30 /opt/st/stm32cubeide_1.6.1/plugins/com.st.stm32cube.ide.mcu.externaltools.gnu-tools-for-stm32.9-2020-q2-update.linux64_1.5.0.202011040924/tools/bin/../lib/gcc/arm-none-eabi/9.3.1/thumb/v7e-m+fp/hard/libgcc.a(_aeabi_uldivmod.o)
                0x0000000008000b6c                __aeabi_uldivmod
 .text          0x0000000008000b9c      0x2c4 /opt/st/stm32cubeide_1.6.1/plugins/com.st.stm32cube.ide.mcu.externaltools.gnu-tools-for-stm32.9-2020-q2-update.linux64_1.5.0.202011040924/tools/bin/../lib/gcc/arm-none-eabi/9.3.1/thumb/v7e-m+fp/hard/libgcc.a(_udivmoddi4.o)
                0x0000000008000b9c                __udivmoddi4
 .text          0x0000000008000e60        0x4 /opt/st/stm32cubeide_1.6.1/plugins/com.st.stm32cube.ide.mcu.externaltools.gnu-tools-for-stm32.9-2020-q2-update.linux64_1.5.0.202011040924/tools/bin/../lib/gcc/arm-none-eabi/9.3.1/thumb/v7e-m+fp/hard/libgcc.a(_dvmd_tls.o)
                0x0000000008000e60                __aeabi_ldiv0
                0x0000000008000e60                __aeabi_idiv0
 *(.text*)
 .text.string_compare
                0x0000000008000e64       0x64 Core/Src/bluetooth_helper.o
                0x0000000008000e64                string_compare
 .text.Message_handler
                0x0000000008000ec8       0xcc Core/Src/bluetooth_helper.o
                0x0000000008000ec8                Message_handler
 .text.start_normal
                0x0000000008000f94       0xb0 Core/Src/main.o
                0x0000000008000f94                start_normal
 .text.walk     0x0000000008001044      0x1b0 Core/Src/main.o
                0x0000000008001044                walk
 .text.bt_config
                0x00000000080011f4       0xa8 Core/Src/main.o
                0x00000000080011f4                bt_config
 .text.faces    0x000000000800129c      0x104 Core/Src/main.o
                0x000000000800129c                faces
 .text.main     0x00000000080013a0       0x9c Core/Src/main.o
                0x00000000080013a0                main
 .text.SystemClock_Config
                0x000000000800143c      0x104 Core/Src/main.o
                0x000000000800143c                SystemClock_Config
 .text.MX_I2C1_Init
                0x0000000008001540       0x5c Core/Src/main.o
 .text.MX_I2C3_Init
                0x000000000800159c       0x5c Core/Src/main.o
 .text.MX_I2S3_Init
                0x00000000080015f8       0x60 Core/Src/main.o
 .text.MX_SPI1_Init
                0x0000000008001658       0x6c Core/Src/main.o
 .text.MX_TIM2_Init
                0x00000000080016c4       0x9c Core/Src/main.o
 .text.MX_USART2_UART_Init
                0x0000000008001760       0x54 Core/Src/main.o
 .text.MX_GPIO_Init
                0x00000000080017b4      0x21c Core/Src/main.o
 .text.StartDefaultTask
                0x00000000080019d0       0x14 Core/Src/main.o
                0x00000000080019d0                StartDefaultTask
 .text.HAL_TIM_PeriodElapsedCallback
                0x00000000080019e4       0x24 Core/Src/main.o
                0x00000000080019e4                HAL_TIM_PeriodElapsedCallback
 .text.Error_Handler
                0x0000000008001a08        0xa Core/Src/main.o
                0x0000000008001a08                Error_Handler
 *fill*         0x0000000008001a12        0x2 
 .text.PCA9685_SetBit
                0x0000000008001a14       0xb4 Core/Src/pca9685.o
                0x0000000008001a14                PCA9685_SetBit
 .text.PCA9685_SoftwareReset
                0x0000000008001ac8       0x34 Core/Src/pca9685.o
                0x0000000008001ac8                PCA9685_SoftwareReset
 .text.PCA9685_SleepMode
                0x0000000008001afc       0x20 Core/Src/pca9685.o
                0x0000000008001afc                PCA9685_SleepMode
 .text.PCA9685_RestartMode
                0x0000000008001b1c       0x20 Core/Src/pca9685.o
                0x0000000008001b1c                PCA9685_RestartMode
 .text.PCA9685_AutoIncrement
                0x0000000008001b3c       0x20 Core/Src/pca9685.o
                0x0000000008001b3c                PCA9685_AutoIncrement
 *fill*         0x0000000008001b5c        0x4 
 .text.PCA9685_SetPwmFrequency
                0x0000000008001b60       0xf8 Core/Src/pca9685.o
                0x0000000008001b60                PCA9685_SetPwmFrequency
 .text.PCA9685_SetPwm
                0x0000000008001c58       0x74 Core/Src/pca9685.o
                0x0000000008001c58                PCA9685_SetPwm
 .text.PCA9685_SetPin
                0x0000000008001ccc       0xbc Core/Src/pca9685.o
                0x0000000008001ccc                PCA9685_SetPin
 .text.PCA9685_SetServoAngle
                0x0000000008001d88       0xb8 Core/Src/pca9685.o
                0x0000000008001d88                PCA9685_SetServoAngle
 .text.PCA9685_Init
                0x0000000008001e40       0x2c Core/Src/pca9685.o
                0x0000000008001e40                PCA9685_Init
 .text.SSD1306_DrawBitmap
                0x0000000008001e6c       0xd0 Core/Src/ssd1306.o
                0x0000000008001e6c                SSD1306_DrawBitmap
 .text.SSD1306_Init
                0x0000000008001f3c      0x188 Core/Src/ssd1306.o
                0x0000000008001f3c                SSD1306_Init
 .text.SSD1306_UpdateScreen
                0x00000000080020c4       0x5c Core/Src/ssd1306.o
                0x00000000080020c4                SSD1306_UpdateScreen
 .text.SSD1306_Fill
                0x0000000008002120       0x30 Core/Src/ssd1306.o
                0x0000000008002120                SSD1306_Fill
 .text.SSD1306_DrawPixel
                0x0000000008002150       0xc0 Core/Src/ssd1306.o
                0x0000000008002150                SSD1306_DrawPixel
 .text.SSD1306_Clear
                0x0000000008002210       0x12 Core/Src/ssd1306.o
                0x0000000008002210                SSD1306_Clear
 *fill*         0x0000000008002222        0x2 
 .text.ssd1306_I2C_Init
                0x0000000008002224       0x2c Core/Src/ssd1306.o
                0x0000000008002224                ssd1306_I2C_Init
 .text.ssd1306_I2C_WriteMulti
                0x0000000008002250       0x90 Core/Src/ssd1306.o
                0x0000000008002250                ssd1306_I2C_WriteMulti
 .text.ssd1306_I2C_Write
                0x00000000080022e0       0x3c Core/Src/ssd1306.o
                0x00000000080022e0                ssd1306_I2C_Write
 .text.HAL_MspInit
                0x000000000800231c       0x68 Core/Src/stm32f4xx_hal_msp.o
                0x000000000800231c                HAL_MspInit
 .text.HAL_I2C_MspInit
                0x0000000008002384      0x140 Core/Src/stm32f4xx_hal_msp.o
                0x0000000008002384                HAL_I2C_MspInit
 .text.HAL_I2S_MspInit
                0x00000000080024c4       0xd0 Core/Src/stm32f4xx_hal_msp.o
                0x00000000080024c4                HAL_I2S_MspInit
 .text.HAL_SPI_MspInit
                0x0000000008002594       0x90 Core/Src/stm32f4xx_hal_msp.o
                0x0000000008002594                HAL_SPI_MspInit
 .text.HAL_TIM_Base_MspInit
                0x0000000008002624       0x4c Core/Src/stm32f4xx_hal_msp.o
                0x0000000008002624                HAL_TIM_Base_MspInit
 .text.HAL_UART_MspInit
                0x0000000008002670       0xa0 Core/Src/stm32f4xx_hal_msp.o
                0x0000000008002670                HAL_UART_MspInit
 .text.HAL_InitTick
                0x0000000008002710       0xb4 Core/Src/stm32f4xx_hal_timebase_tim.o
                0x0000000008002710                HAL_InitTick
 .text.NMI_Handler
                0x00000000080027c4        0x6 Core/Src/stm32f4xx_it.o
                0x00000000080027c4                NMI_Handler
 .text.HardFault_Handler
                0x00000000080027ca        0x6 Core/Src/stm32f4xx_it.o
                0x00000000080027ca                HardFault_Handler
 .text.MemManage_Handler
                0x00000000080027d0        0x6 Core/Src/stm32f4xx_it.o
                0x00000000080027d0                MemManage_Handler
 .text.BusFault_Handler
                0x00000000080027d6        0x6 Core/Src/stm32f4xx_it.o
                0x00000000080027d6                BusFault_Handler
 .text.UsageFault_Handler
                0x00000000080027dc        0x6 Core/Src/stm32f4xx_it.o
                0x00000000080027dc                UsageFault_Handler
 .text.DebugMon_Handler
                0x00000000080027e2        0xe Core/Src/stm32f4xx_it.o
                0x00000000080027e2                DebugMon_Handler
 .text.RCC_IRQHandler
                0x00000000080027f0        0xe Core/Src/stm32f4xx_it.o
                0x00000000080027f0                RCC_IRQHandler
 *fill*         0x00000000080027fe        0x2 
 .text.TIM2_IRQHandler
                0x0000000008002800       0x3c Core/Src/stm32f4xx_it.o
                0x0000000008002800                TIM2_IRQHandler
 .text.USART2_IRQHandler
                0x000000000800283c       0x48 Core/Src/stm32f4xx_it.o
                0x000000000800283c                USART2_IRQHandler
 .text.TIM6_DAC_IRQHandler
                0x0000000008002884       0x14 Core/Src/stm32f4xx_it.o
                0x0000000008002884                TIM6_DAC_IRQHandler
 .text.OTG_FS_IRQHandler
                0x0000000008002898       0x14 Core/Src/stm32f4xx_it.o
                0x0000000008002898                OTG_FS_IRQHandler
 .text._sbrk    0x00000000080028ac       0x6c Core/Src/sysmem.o
                0x00000000080028ac                _sbrk
 .text.SystemInit
                0x0000000008002918       0x24 Core/Src/system_stm32f4xx.o
                0x0000000008002918                SystemInit
 .text.Reset_Handler
                0x000000000800293c       0x50 Core/Startup/startup_stm32f407vgtx.o
                0x000000000800293c                Reset_Handler
 .text.Default_Handler
                0x000000000800298c        0x2 Core/Startup/startup_stm32f407vgtx.o
                0x000000000800298c                RTC_Alarm_IRQHandler
                0x000000000800298c                HASH_RNG_IRQHandler
                0x000000000800298c                EXTI2_IRQHandler
                0x000000000800298c                TIM8_CC_IRQHandler
                0x000000000800298c                TIM1_CC_IRQHandler
                0x000000000800298c                DMA2_Stream5_IRQHandler
                0x000000000800298c                DMA1_Stream5_IRQHandler
                0x000000000800298c                PVD_IRQHandler
                0x000000000800298c                SDIO_IRQHandler
                0x000000000800298c                TAMP_STAMP_IRQHandler
                0x000000000800298c                CAN2_RX1_IRQHandler
                0x000000000800298c                EXTI3_IRQHandler
                0x000000000800298c                TIM8_TRG_COM_TIM14_IRQHandler
                0x000000000800298c                TIM1_UP_TIM10_IRQHandler
                0x000000000800298c                TIM8_UP_TIM13_IRQHandler
                0x000000000800298c                I2C3_ER_IRQHandler
                0x000000000800298c                EXTI0_IRQHandler
                0x000000000800298c                I2C2_EV_IRQHandler
                0x000000000800298c                DMA1_Stream2_IRQHandler
                0x000000000800298c                CAN1_RX0_IRQHandler
                0x000000000800298c                FPU_IRQHandler
                0x000000000800298c                OTG_HS_WKUP_IRQHandler
                0x000000000800298c                CAN2_SCE_IRQHandler
                0x000000000800298c                DMA2_Stream2_IRQHandler
                0x000000000800298c                SPI1_IRQHandler
                0x000000000800298c                TIM1_BRK_TIM9_IRQHandler
                0x000000000800298c                DCMI_IRQHandler
                0x000000000800298c                CAN2_RX0_IRQHandler
                0x000000000800298c                DMA2_Stream3_IRQHandler
                0x000000000800298c                USART6_IRQHandler
                0x000000000800298c                USART3_IRQHandler
                0x000000000800298c                CAN1_RX1_IRQHandler
                0x000000000800298c                UART5_IRQHandler
                0x000000000800298c                DMA2_Stream0_IRQHandler
                0x000000000800298c                TIM4_IRQHandler
                0x000000000800298c                I2C1_EV_IRQHandler
                0x000000000800298c                DMA1_Stream6_IRQHandler
                0x000000000800298c                DMA1_Stream1_IRQHandler
                0x000000000800298c                UART4_IRQHandler
                0x000000000800298c                TIM3_IRQHandler
                0x000000000800298c                TIM8_BRK_TIM12_IRQHandler
                0x000000000800298c                Default_Handler
                0x000000000800298c                EXTI15_10_IRQHandler
                0x000000000800298c                ADC_IRQHandler
                0x000000000800298c                DMA1_Stream7_IRQHandler
                0x000000000800298c                TIM7_IRQHandler
                0x000000000800298c                CAN2_TX_IRQHandler
                0x000000000800298c                TIM5_IRQHandler
                0x000000000800298c                DMA2_Stream7_IRQHandler
                0x000000000800298c                I2C3_EV_IRQHandler
                0x000000000800298c                EXTI9_5_IRQHandler
                0x000000000800298c                RTC_WKUP_IRQHandler
                0x000000000800298c                ETH_WKUP_IRQHandler
                0x000000000800298c                SPI2_IRQHandler
                0x000000000800298c                OTG_HS_EP1_IN_IRQHandler
                0x000000000800298c                DMA1_Stream0_IRQHandler
                0x000000000800298c                CAN1_TX_IRQHandler
                0x000000000800298c                EXTI4_IRQHandler
                0x000000000800298c                FSMC_IRQHandler
                0x000000000800298c                ETH_IRQHandler
                0x000000000800298c                OTG_HS_EP1_OUT_IRQHandler
                0x000000000800298c                WWDG_IRQHandler
                0x000000000800298c                OTG_FS_WKUP_IRQHandler
                0x000000000800298c                TIM1_TRG_COM_TIM11_IRQHandler
                0x000000000800298c                OTG_HS_IRQHandler
                0x000000000800298c                EXTI1_IRQHandler
                0x000000000800298c                I2C2_ER_IRQHandler
                0x000000000800298c                DMA2_Stream1_IRQHandler
                0x000000000800298c                CAN1_SCE_IRQHandler
                0x000000000800298c                FLASH_IRQHandler
                0x000000000800298c                DMA2_Stream4_IRQHandler
                0x000000000800298c                USART1_IRQHandler
                0x000000000800298c                SPI3_IRQHandler
                0x000000000800298c                DMA1_Stream4_IRQHandler
                0x000000000800298c                I2C1_ER_IRQHandler
                0x000000000800298c                DMA2_Stream6_IRQHandler
                0x000000000800298c                DMA1_Stream3_IRQHandler
 *fill*         0x000000000800298e        0x2 
 .text.HAL_Init
                0x0000000008002990       0x44 Drivers/STM32F4xx_HAL_Driver/Src/stm32f4xx_hal.o
                0x0000000008002990                HAL_Init
 .text.HAL_IncTick
                0x00000000080029d4       0x28 Drivers/STM32F4xx_HAL_Driver/Src/stm32f4xx_hal.o
                0x00000000080029d4                HAL_IncTick
 .text.HAL_GetTick
                0x00000000080029fc       0x18 Drivers/STM32F4xx_HAL_Driver/Src/stm32f4xx_hal.o
                0x00000000080029fc                HAL_GetTick
 .text.HAL_Delay
                0x0000000008002a14       0x48 Drivers/STM32F4xx_HAL_Driver/Src/stm32f4xx_hal.o
                0x0000000008002a14                HAL_Delay
 .text.__NVIC_SetPriorityGrouping
                0x0000000008002a5c       0x48 Drivers/STM32F4xx_HAL_Driver/Src/stm32f4xx_hal_cortex.o
 .text.__NVIC_GetPriorityGrouping
                0x0000000008002aa4       0x1c Drivers/STM32F4xx_HAL_Driver/Src/stm32f4xx_hal_cortex.o
 .text.__NVIC_EnableIRQ
                0x0000000008002ac0       0x3c Drivers/STM32F4xx_HAL_Driver/Src/stm32f4xx_hal_cortex.o
 .text.__NVIC_SetPriority
                0x0000000008002afc       0x54 Drivers/STM32F4xx_HAL_Driver/Src/stm32f4xx_hal_cortex.o
 .text.NVIC_EncodePriority
                0x0000000008002b50       0x66 Drivers/STM32F4xx_HAL_Driver/Src/stm32f4xx_hal_cortex.o
 .text.HAL_NVIC_SetPriorityGrouping
                0x0000000008002bb6       0x16 Drivers/STM32F4xx_HAL_Driver/Src/stm32f4xx_hal_cortex.o
                0x0000000008002bb6                HAL_NVIC_SetPriorityGrouping
 .text.HAL_NVIC_SetPriority
                0x0000000008002bcc       0x38 Drivers/STM32F4xx_HAL_Driver/Src/stm32f4xx_hal_cortex.o
                0x0000000008002bcc                HAL_NVIC_SetPriority
 .text.HAL_NVIC_EnableIRQ
                0x0000000008002c04       0x1c Drivers/STM32F4xx_HAL_Driver/Src/stm32f4xx_hal_cortex.o
                0x0000000008002c04                HAL_NVIC_EnableIRQ
 .text.HAL_DMA_Abort
                0x0000000008002c20       0xe0 Drivers/STM32F4xx_HAL_Driver/Src/stm32f4xx_hal_dma.o
                0x0000000008002c20                HAL_DMA_Abort
 .text.HAL_DMA_Abort_IT
                0x0000000008002d00       0x44 Drivers/STM32F4xx_HAL_Driver/Src/stm32f4xx_hal_dma.o
                0x0000000008002d00                HAL_DMA_Abort_IT
 .text.HAL_GPIO_Init
                0x0000000008002d44      0x338 Drivers/STM32F4xx_HAL_Driver/Src/stm32f4xx_hal_gpio.o
                0x0000000008002d44                HAL_GPIO_Init
 .text.HAL_GPIO_WritePin
                0x000000000800307c       0x32 Drivers/STM32F4xx_HAL_Driver/Src/stm32f4xx_hal_gpio.o
                0x000000000800307c                HAL_GPIO_WritePin
 .text.HAL_HCD_Init
                0x00000000080030ae       0xc4 Drivers/STM32F4xx_HAL_Driver/Src/stm32f4xx_hal_hcd.o
                0x00000000080030ae                HAL_HCD_Init
 .text.HAL_HCD_HC_Init
                0x0000000008003172      0x11e Drivers/STM32F4xx_HAL_Driver/Src/stm32f4xx_hal_hcd.o
                0x0000000008003172                HAL_HCD_HC_Init
 .text.HAL_HCD_HC_Halt
                0x0000000008003290       0x46 Drivers/STM32F4xx_HAL_Driver/Src/stm32f4xx_hal_hcd.o
                0x0000000008003290                HAL_HCD_HC_Halt
 *fill*         0x00000000080032d6        0x2 
 .text.HAL_HCD_HC_SubmitRequest
                0x00000000080032d8      0x2ac Drivers/STM32F4xx_HAL_Driver/Src/stm32f4xx_hal_hcd.o
                0x00000000080032d8                HAL_HCD_HC_SubmitRequest
 .text.HAL_HCD_IRQHandler
                0x0000000008003584      0x208 Drivers/STM32F4xx_HAL_Driver/Src/stm32f4xx_hal_hcd.o
                0x0000000008003584                HAL_HCD_IRQHandler
 .text.HAL_HCD_Start
                0x000000000800378c       0x46 Drivers/STM32F4xx_HAL_Driver/Src/stm32f4xx_hal_hcd.o
                0x000000000800378c                HAL_HCD_Start
 .text.HAL_HCD_Stop
                0x00000000080037d2       0x3a Drivers/STM32F4xx_HAL_Driver/Src/stm32f4xx_hal_hcd.o
                0x00000000080037d2                HAL_HCD_Stop
 .text.HAL_HCD_ResetPort
                0x000000000800380c       0x1c Drivers/STM32F4xx_HAL_Driver/Src/stm32f4xx_hal_hcd.o
                0x000000000800380c                HAL_HCD_ResetPort
 .text.HAL_HCD_HC_GetURBState
                0x0000000008003828       0x28 Drivers/STM32F4xx_HAL_Driver/Src/stm32f4xx_hal_hcd.o
                0x0000000008003828                HAL_HCD_HC_GetURBState
 .text.HAL_HCD_HC_GetXferCount
                0x0000000008003850       0x28 Drivers/STM32F4xx_HAL_Driver/Src/stm32f4xx_hal_hcd.o
                0x0000000008003850                HAL_HCD_HC_GetXferCount
 .text.HAL_HCD_GetCurrentFrame
                0x0000000008003878       0x1c Drivers/STM32F4xx_HAL_Driver/Src/stm32f4xx_hal_hcd.o
                0x0000000008003878                HAL_HCD_GetCurrentFrame
 .text.HAL_HCD_GetCurrentSpeed
                0x0000000008003894       0x1c Drivers/STM32F4xx_HAL_Driver/Src/stm32f4xx_hal_hcd.o
                0x0000000008003894                HAL_HCD_GetCurrentSpeed
 .text.HCD_HC_IN_IRQHandler
                0x00000000080038b0      0x844 Drivers/STM32F4xx_HAL_Driver/Src/stm32f4xx_hal_hcd.o
 .text.HCD_HC_OUT_IRQHandler
                0x00000000080040f4      0x7fa Drivers/STM32F4xx_HAL_Driver/Src/stm32f4xx_hal_hcd.o
 .text.HCD_RXQLVL_IRQHandler
                0x00000000080048ee      0x1a4 Drivers/STM32F4xx_HAL_Driver/Src/stm32f4xx_hal_hcd.o
 .text.HCD_Port_IRQHandler
                0x0000000008004a92       0xe6 Drivers/STM32F4xx_HAL_Driver/Src/stm32f4xx_hal_hcd.o
 .text.HAL_I2C_Init
                0x0000000008004b78      0x288 Drivers/STM32F4xx_HAL_Driver/Src/stm32f4xx_hal_i2c.o
                0x0000000008004b78                HAL_I2C_Init
 .text.HAL_I2C_Master_Transmit
                0x0000000008004e00      0x1fc Drivers/STM32F4xx_HAL_Driver/Src/stm32f4xx_hal_i2c.o
                0x0000000008004e00                HAL_I2C_Master_Transmit
 .text.HAL_I2C_Mem_Write
                0x0000000008004ffc      0x1f4 Drivers/STM32F4xx_HAL_Driver/Src/stm32f4xx_hal_i2c.o
                0x0000000008004ffc                HAL_I2C_Mem_Write
 .text.HAL_I2C_Mem_Read
                0x00000000080051f0      0x44c Drivers/STM32F4xx_HAL_Driver/Src/stm32f4xx_hal_i2c.o
                0x00000000080051f0                HAL_I2C_Mem_Read
 .text.HAL_I2C_IsDeviceReady
                0x000000000800563c      0x25c Drivers/STM32F4xx_HAL_Driver/Src/stm32f4xx_hal_i2c.o
                0x000000000800563c                HAL_I2C_IsDeviceReady
 .text.I2C_MasterRequestWrite
                0x0000000008005898      0x104 Drivers/STM32F4xx_HAL_Driver/Src/stm32f4xx_hal_i2c.o
 .text.I2C_RequestMemoryWrite
                0x000000000800599c      0x12c Drivers/STM32F4xx_HAL_Driver/Src/stm32f4xx_hal_i2c.o
 .text.I2C_RequestMemoryRead
                0x0000000008005ac8      0x1d0 Drivers/STM32F4xx_HAL_Driver/Src/stm32f4xx_hal_i2c.o
 .text.I2C_WaitOnFlagUntilTimeout
                0x0000000008005c98       0xae Drivers/STM32F4xx_HAL_Driver/Src/stm32f4xx_hal_i2c.o
 .text.I2C_WaitOnMasterAddressFlagUntilTimeout
                0x0000000008005d46       0xfe Drivers/STM32F4xx_HAL_Driver/Src/stm32f4xx_hal_i2c.o
 .text.I2C_WaitOnTXEFlagUntilTimeout
                0x0000000008005e44       0x82 Drivers/STM32F4xx_HAL_Driver/Src/stm32f4xx_hal_i2c.o
 .text.I2C_WaitOnBTFFlagUntilTimeout
                0x0000000008005ec6       0x82 Drivers/STM32F4xx_HAL_Driver/Src/stm32f4xx_hal_i2c.o
 .text.I2C_WaitOnRXNEFlagUntilTimeout
                0x0000000008005f48       0xac Drivers/STM32F4xx_HAL_Driver/Src/stm32f4xx_hal_i2c.o
 .text.I2C_IsAcknowledgeFailed
                0x0000000008005ff4       0x5e Drivers/STM32F4xx_HAL_Driver/Src/stm32f4xx_hal_i2c.o
 *fill*         0x0000000008006052        0x2 
 .text.HAL_I2S_Init
                0x0000000008006054      0x280 Drivers/STM32F4xx_HAL_Driver/Src/stm32f4xx_hal_i2s.o
                0x0000000008006054                HAL_I2S_Init
 .text.HAL_I2S_TxCpltCallback
                0x00000000080062d4       0x14 Drivers/STM32F4xx_HAL_Driver/Src/stm32f4xx_hal_i2s.o
                0x00000000080062d4                HAL_I2S_TxCpltCallback
 .text.HAL_I2S_RxCpltCallback
                0x00000000080062e8       0x14 Drivers/STM32F4xx_HAL_Driver/Src/stm32f4xx_hal_i2s.o
                0x00000000080062e8                HAL_I2S_RxCpltCallback
 .text.HAL_I2S_ErrorCallback
                0x00000000080062fc       0x14 Drivers/STM32F4xx_HAL_Driver/Src/stm32f4xx_hal_i2s.o
                0x00000000080062fc                HAL_I2S_ErrorCallback
 .text.I2S_Transmit_IT
                0x0000000008006310       0x5c Drivers/STM32F4xx_HAL_Driver/Src/stm32f4xx_hal_i2s.o
 .text.I2S_Receive_IT
                0x000000000800636c       0x5e Drivers/STM32F4xx_HAL_Driver/Src/stm32f4xx_hal_i2s.o
 .text.I2S_IRQHandler
                0x00000000080063ca      0x114 Drivers/STM32F4xx_HAL_Driver/Src/stm32f4xx_hal_i2s.o
 *fill*         0x00000000080064de        0x2 
 .text.HAL_I2SEx_FullDuplex_IRQHandler
                0x00000000080064e0      0x2a8 Drivers/STM32F4xx_HAL_Driver/Src/stm32f4xx_hal_i2s_ex.o
                0x00000000080064e0                HAL_I2SEx_FullDuplex_IRQHandler
 .text.HAL_I2SEx_TxRxCpltCallback
                0x0000000008006788       0x14 Drivers/STM32F4xx_HAL_Driver/Src/stm32f4xx_hal_i2s_ex.o
                0x0000000008006788                HAL_I2SEx_TxRxCpltCallback
 .text.I2SEx_TxISR_I2S
                0x000000000800679c       0x62 Drivers/STM32F4xx_HAL_Driver/Src/stm32f4xx_hal_i2s_ex.o
 *fill*         0x00000000080067fe        0x2 
 .text.I2SEx_TxISR_I2SExt
                0x0000000008006800       0x98 Drivers/STM32F4xx_HAL_Driver/Src/stm32f4xx_hal_i2s_ex.o
 .text.I2SEx_RxISR_I2S
                0x0000000008006898       0x64 Drivers/STM32F4xx_HAL_Driver/Src/stm32f4xx_hal_i2s_ex.o
 .text.I2SEx_RxISR_I2SExt
                0x00000000080068fc       0x98 Drivers/STM32F4xx_HAL_Driver/Src/stm32f4xx_hal_i2s_ex.o
 .text.HAL_RCC_OscConfig
                0x0000000008006994      0x4f0 Drivers/STM32F4xx_HAL_Driver/Src/stm32f4xx_hal_rcc.o
                0x0000000008006994                HAL_RCC_OscConfig
 .text.HAL_RCC_ClockConfig
                0x0000000008006e84      0x1cc Drivers/STM32F4xx_HAL_Driver/Src/stm32f4xx_hal_rcc.o
                0x0000000008006e84                HAL_RCC_ClockConfig
 .text.HAL_RCC_GetSysClockFreq
                0x0000000008007050      0x1c4 Drivers/STM32F4xx_HAL_Driver/Src/stm32f4xx_hal_rcc.o
                0x0000000008007050                HAL_RCC_GetSysClockFreq
 .text.HAL_RCC_GetHCLKFreq
                0x0000000008007214       0x18 Drivers/STM32F4xx_HAL_Driver/Src/stm32f4xx_hal_rcc.o
                0x0000000008007214                HAL_RCC_GetHCLKFreq
 .text.HAL_RCC_GetPCLK1Freq
                0x000000000800722c       0x28 Drivers/STM32F4xx_HAL_Driver/Src/stm32f4xx_hal_rcc.o
                0x000000000800722c                HAL_RCC_GetPCLK1Freq
 .text.HAL_RCC_GetPCLK2Freq
                0x0000000008007254       0x28 Drivers/STM32F4xx_HAL_Driver/Src/stm32f4xx_hal_rcc.o
                0x0000000008007254                HAL_RCC_GetPCLK2Freq
 .text.HAL_RCC_GetClockConfig
                0x000000000800727c       0x64 Drivers/STM32F4xx_HAL_Driver/Src/stm32f4xx_hal_rcc.o
                0x000000000800727c                HAL_RCC_GetClockConfig
 .text.HAL_RCCEx_PeriphCLKConfig
                0x00000000080072e0      0x1c4 Drivers/STM32F4xx_HAL_Driver/Src/stm32f4xx_hal_rcc_ex.o
                0x00000000080072e0                HAL_RCCEx_PeriphCLKConfig
 .text.HAL_RCCEx_GetPeriphCLKFreq
                0x00000000080074a4       0xbc Drivers/STM32F4xx_HAL_Driver/Src/stm32f4xx_hal_rcc_ex.o
                0x00000000080074a4                HAL_RCCEx_GetPeriphCLKFreq
 .text.HAL_SPI_Init
                0x0000000008007560      0x112 Drivers/STM32F4xx_HAL_Driver/Src/stm32f4xx_hal_spi.o
                0x0000000008007560                HAL_SPI_Init
 .text.HAL_TIM_Base_Init
                0x0000000008007672       0x9e Drivers/STM32F4xx_HAL_Driver/Src/stm32f4xx_hal_tim.o
                0x0000000008007672                HAL_TIM_Base_Init
 .text.HAL_TIM_Base_Start_IT
                0x0000000008007710       0xe0 Drivers/STM32F4xx_HAL_Driver/Src/stm32f4xx_hal_tim.o
                0x0000000008007710                HAL_TIM_Base_Start_IT
 .text.HAL_TIM_IRQHandler
                0x00000000080077f0      0x210 Drivers/STM32F4xx_HAL_Driver/Src/stm32f4xx_hal_tim.o
                0x00000000080077f0                HAL_TIM_IRQHandler
 .text.HAL_TIM_ConfigClockSource
                0x0000000008007a00      0x188 Drivers/STM32F4xx_HAL_Driver/Src/stm32f4xx_hal_tim.o
                0x0000000008007a00                HAL_TIM_ConfigClockSource
 .text.HAL_TIM_OC_DelayElapsedCallback
                0x0000000008007b88       0x14 Drivers/STM32F4xx_HAL_Driver/Src/stm32f4xx_hal_tim.o
                0x0000000008007b88                HAL_TIM_OC_DelayElapsedCallback
 .text.HAL_TIM_IC_CaptureCallback
                0x0000000008007b9c       0x14 Drivers/STM32F4xx_HAL_Driver/Src/stm32f4xx_hal_tim.o
                0x0000000008007b9c                HAL_TIM_IC_CaptureCallback
 .text.HAL_TIM_PWM_PulseFinishedCallback
                0x0000000008007bb0       0x14 Drivers/STM32F4xx_HAL_Driver/Src/stm32f4xx_hal_tim.o
                0x0000000008007bb0                HAL_TIM_PWM_PulseFinishedCallback
 .text.HAL_TIM_TriggerCallback
                0x0000000008007bc4       0x14 Drivers/STM32F4xx_HAL_Driver/Src/stm32f4xx_hal_tim.o
                0x0000000008007bc4                HAL_TIM_TriggerCallback
 .text.TIM_Base_SetConfig
                0x0000000008007bd8      0x140 Drivers/STM32F4xx_HAL_Driver/Src/stm32f4xx_hal_tim.o
                0x0000000008007bd8                TIM_Base_SetConfig
 .text.TIM_TI1_ConfigInputStage
                0x0000000008007d18       0x5e Drivers/STM32F4xx_HAL_Driver/Src/stm32f4xx_hal_tim.o
 .text.TIM_TI2_ConfigInputStage
                0x0000000008007d76       0x60 Drivers/STM32F4xx_HAL_Driver/Src/stm32f4xx_hal_tim.o
 .text.TIM_ITRx_SetConfig
                0x0000000008007dd6       0x36 Drivers/STM32F4xx_HAL_Driver/Src/stm32f4xx_hal_tim.o
 .text.TIM_ETR_SetConfig
                0x0000000008007e0c       0x40 Drivers/STM32F4xx_HAL_Driver/Src/stm32f4xx_hal_tim.o
                0x0000000008007e0c                TIM_ETR_SetConfig
 .text.HAL_TIMEx_MasterConfigSynchronization
                0x0000000008007e4c       0xf8 Drivers/STM32F4xx_HAL_Driver/Src/stm32f4xx_hal_tim_ex.o
                0x0000000008007e4c                HAL_TIMEx_MasterConfigSynchronization
 .text.HAL_TIMEx_CommutCallback
                0x0000000008007f44       0x14 Drivers/STM32F4xx_HAL_Driver/Src/stm32f4xx_hal_tim_ex.o
                0x0000000008007f44                HAL_TIMEx_CommutCallback
 .text.HAL_TIMEx_BreakCallback
                0x0000000008007f58       0x14 Drivers/STM32F4xx_HAL_Driver/Src/stm32f4xx_hal_tim_ex.o
                0x0000000008007f58                HAL_TIMEx_BreakCallback
 .text.HAL_UART_Init
                0x0000000008007f6c       0x9a Drivers/STM32F4xx_HAL_Driver/Src/stm32f4xx_hal_uart.o
                0x0000000008007f6c                HAL_UART_Init
 .text.HAL_UART_Transmit
                0x0000000008008006      0x124 Drivers/STM32F4xx_HAL_Driver/Src/stm32f4xx_hal_uart.o
                0x0000000008008006                HAL_UART_Transmit
 .text.HAL_UART_Receive
                0x000000000800812a      0x144 Drivers/STM32F4xx_HAL_Driver/Src/stm32f4xx_hal_uart.o
                0x000000000800812a                HAL_UART_Receive
 *fill*         0x000000000800826e        0x2 
 .text.HAL_UART_IRQHandler
                0x0000000008008270      0x358 Drivers/STM32F4xx_HAL_Driver/Src/stm32f4xx_hal_uart.o
                0x0000000008008270                HAL_UART_IRQHandler
 .text.HAL_UART_TxCpltCallback
                0x00000000080085c8       0x14 Drivers/STM32F4xx_HAL_Driver/Src/stm32f4xx_hal_uart.o
                0x00000000080085c8                HAL_UART_TxCpltCallback
 .text.HAL_UART_RxCpltCallback
                0x00000000080085dc       0x14 Drivers/STM32F4xx_HAL_Driver/Src/stm32f4xx_hal_uart.o
                0x00000000080085dc                HAL_UART_RxCpltCallback
 .text.HAL_UART_ErrorCallback
                0x00000000080085f0       0x14 Drivers/STM32F4xx_HAL_Driver/Src/stm32f4xx_hal_uart.o
                0x00000000080085f0                HAL_UART_ErrorCallback
 .text.HAL_UARTEx_RxEventCallback
                0x0000000008008604       0x18 Drivers/STM32F4xx_HAL_Driver/Src/stm32f4xx_hal_uart.o
                0x0000000008008604                HAL_UARTEx_RxEventCallback
 .text.UART_WaitOnFlagUntilTimeout
                0x000000000800861c       0x94 Drivers/STM32F4xx_HAL_Driver/Src/stm32f4xx_hal_uart.o
 .text.UART_EndRxTransfer
                0x00000000080086b0       0x5a Drivers/STM32F4xx_HAL_Driver/Src/stm32f4xx_hal_uart.o
 .text.UART_DMAAbortOnError
                0x000000000800870a       0x28 Drivers/STM32F4xx_HAL_Driver/Src/stm32f4xx_hal_uart.o
 .text.UART_Transmit_IT
                0x0000000008008732       0xa0 Drivers/STM32F4xx_HAL_Driver/Src/stm32f4xx_hal_uart.o
 .text.UART_EndTransmit_IT
                0x00000000080087d2       0x30 Drivers/STM32F4xx_HAL_Driver/Src/stm32f4xx_hal_uart.o
 .text.UART_Receive_IT
                0x0000000008008802      0x12e Drivers/STM32F4xx_HAL_Driver/Src/stm32f4xx_hal_uart.o
 .text.UART_SetConfig
                0x0000000008008930      0x390 Drivers/STM32F4xx_HAL_Driver/Src/stm32f4xx_hal_uart.o
 .text.USB_CoreInit
                0x0000000008008cc0       0xc2 Drivers/STM32F4xx_HAL_Driver/Src/stm32f4xx_ll_usb.o
                0x0000000008008cc0                USB_CoreInit
 .text.USB_EnableGlobalInt
                0x0000000008008d82       0x22 Drivers/STM32F4xx_HAL_Driver/Src/stm32f4xx_ll_usb.o
                0x0000000008008d82                USB_EnableGlobalInt
 .text.USB_DisableGlobalInt
                0x0000000008008da4       0x22 Drivers/STM32F4xx_HAL_Driver/Src/stm32f4xx_ll_usb.o
                0x0000000008008da4                USB_DisableGlobalInt
 .text.USB_SetCurrentMode
                0x0000000008008dc6       0x54 Drivers/STM32F4xx_HAL_Driver/Src/stm32f4xx_ll_usb.o
                0x0000000008008dc6                USB_SetCurrentMode
 *fill*         0x0000000008008e1a        0x2 
 .text.USB_FlushTxFifo
                0x0000000008008e1c       0x4c Drivers/STM32F4xx_HAL_Driver/Src/stm32f4xx_ll_usb.o
                0x0000000008008e1c                USB_FlushTxFifo
 .text.USB_FlushRxFifo
                0x0000000008008e68       0x44 Drivers/STM32F4xx_HAL_Driver/Src/stm32f4xx_ll_usb.o
                0x0000000008008e68                USB_FlushRxFifo
 .text.USB_WritePacket
                0x0000000008008eac       0x6a Drivers/STM32F4xx_HAL_Driver/Src/stm32f4xx_ll_usb.o
                0x0000000008008eac                USB_WritePacket
 .text.USB_ReadPacket
                0x0000000008008f16       0x52 Drivers/STM32F4xx_HAL_Driver/Src/stm32f4xx_ll_usb.o
                0x0000000008008f16                USB_ReadPacket
 .text.USB_ReadInterrupts
                0x0000000008008f68       0x26 Drivers/STM32F4xx_HAL_Driver/Src/stm32f4xx_ll_usb.o
                0x0000000008008f68                USB_ReadInterrupts
 .text.USB_GetMode
                0x0000000008008f8e       0x1c Drivers/STM32F4xx_HAL_Driver/Src/stm32f4xx_ll_usb.o
                0x0000000008008f8e                USB_GetMode
 *fill*         0x0000000008008faa        0x2 
 .text.USB_CoreReset
                0x0000000008008fac       0x68 Drivers/STM32F4xx_HAL_Driver/Src/stm32f4xx_ll_usb.o
 .text.USB_HostInit
                0x0000000008009014      0x178 Drivers/STM32F4xx_HAL_Driver/Src/stm32f4xx_ll_usb.o
                0x0000000008009014                USB_HostInit
 .text.USB_InitFSLSPClkSel
                0x000000000800918c       0x74 Drivers/STM32F4xx_HAL_Driver/Src/stm32f4xx_ll_usb.o
                0x000000000800918c                USB_InitFSLSPClkSel
 .text.USB_ResetPort
                0x0000000008009200       0x54 Drivers/STM32F4xx_HAL_Driver/Src/stm32f4xx_ll_usb.o
                0x0000000008009200                USB_ResetPort
 .text.USB_DriveVbus
                0x0000000008009254       0x72 Drivers/STM32F4xx_HAL_Driver/Src/stm32f4xx_ll_usb.o
                0x0000000008009254                USB_DriveVbus
 .text.USB_GetHostSpeed
                0x00000000080092c6       0x2e Drivers/STM32F4xx_HAL_Driver/Src/stm32f4xx_ll_usb.o
                0x00000000080092c6                USB_GetHostSpeed
 .text.USB_GetCurrentFrame
                0x00000000080092f4       0x22 Drivers/STM32F4xx_HAL_Driver/Src/stm32f4xx_ll_usb.o
                0x00000000080092f4                USB_GetCurrentFrame
 *fill*         0x0000000008009316        0x2 
 .text.USB_HC_Init
                0x0000000008009318      0x21c Drivers/STM32F4xx_HAL_Driver/Src/stm32f4xx_ll_usb.o
                0x0000000008009318                USB_HC_Init
 .text.USB_HC_StartXfer
                0x0000000008009534      0x284 Drivers/STM32F4xx_HAL_Driver/Src/stm32f4xx_ll_usb.o
                0x0000000008009534                USB_HC_StartXfer
 .text.USB_HC_ReadInterrupt
                0x00000000080097b8       0x22 Drivers/STM32F4xx_HAL_Driver/Src/stm32f4xx_ll_usb.o
                0x00000000080097b8                USB_HC_ReadInterrupt
 .text.USB_HC_Halt
                0x00000000080097da      0x238 Drivers/STM32F4xx_HAL_Driver/Src/stm32f4xx_ll_usb.o
                0x00000000080097da                USB_HC_Halt
 *fill*         0x0000000008009a12        0x2 
 .text.USB_DoPing
                0x0000000008009a14       0x78 Drivers/STM32F4xx_HAL_Driver/Src/stm32f4xx_ll_usb.o
                0x0000000008009a14                USB_DoPing
 .text.USB_StopHost
                0x0000000008009a8c      0x10c Drivers/STM32F4xx_HAL_Driver/Src/stm32f4xx_ll_usb.o
                0x0000000008009a8c                USB_StopHost
 .text.USBH_CDC_InterfaceInit
                0x0000000008009b98      0x2ac Middlewares/ST/STM32_USB_Host_Library/Class/CDC/Src/usbh_cdc.o
 .text.USBH_CDC_InterfaceDeInit
                0x0000000008009e44       0xb2 Middlewares/ST/STM32_USB_Host_Library/Class/CDC/Src/usbh_cdc.o
 .text.USBH_CDC_ClassRequest
                0x0000000008009ef6       0x3e Middlewares/ST/STM32_USB_Host_Library/Class/CDC/Src/usbh_cdc.o
 .text.USBH_CDC_Process
                0x0000000008009f34      0x12c Middlewares/ST/STM32_USB_Host_Library/Class/CDC/Src/usbh_cdc.o
 .text.USBH_CDC_SOFProcess
                0x000000000800a060       0x16 Middlewares/ST/STM32_USB_Host_Library/Class/CDC/Src/usbh_cdc.o
 .text.GetLineCoding
                0x000000000800a076       0x3e Middlewares/ST/STM32_USB_Host_Library/Class/CDC/Src/usbh_cdc.o
 .text.SetLineCoding
                0x000000000800a0b4       0x3e Middlewares/ST/STM32_USB_Host_Library/Class/CDC/Src/usbh_cdc.o
 .text.CDC_ProcessTransmission
                0x000000000800a0f2      0x124 Middlewares/ST/STM32_USB_Host_Library/Class/CDC/Src/usbh_cdc.o
 .text.CDC_ProcessReception
                0x000000000800a216       0xd2 Middlewares/ST/STM32_USB_Host_Library/Class/CDC/Src/usbh_cdc.o
 .text.USBH_CDC_TransmitCallback
                0x000000000800a2e8       0x14 Middlewares/ST/STM32_USB_Host_Library/Class/CDC/Src/usbh_cdc.o
                0x000000000800a2e8                USBH_CDC_TransmitCallback
 .text.USBH_CDC_ReceiveCallback
                0x000000000800a2fc       0x14 Middlewares/ST/STM32_USB_Host_Library/Class/CDC/Src/usbh_cdc.o
                0x000000000800a2fc                USBH_CDC_ReceiveCallback
 .text.USBH_CDC_LineCodingChanged
                0x000000000800a310       0x14 Middlewares/ST/STM32_USB_Host_Library/Class/CDC/Src/usbh_cdc.o
                0x000000000800a310                USBH_CDC_LineCodingChanged
 .text.USBH_Init
                0x000000000800a324       0xb8 Middlewares/ST/STM32_USB_Host_Library/Core/Src/usbh_core.o
                0x000000000800a324                USBH_Init
 .text.DeInitStateMachine
                0x000000000800a3dc       0xa8 Middlewares/ST/STM32_USB_Host_Library/Core/Src/usbh_core.o
 .text.USBH_RegisterClass
                0x000000000800a484       0x54 Middlewares/ST/STM32_USB_Host_Library/Core/Src/usbh_core.o
                0x000000000800a484                USBH_RegisterClass
 .text.USBH_SelectInterface
                0x000000000800a4d8       0x38 Middlewares/ST/STM32_USB_Host_Library/Core/Src/usbh_core.o
                0x000000000800a4d8                USBH_SelectInterface
 .text.USBH_FindInterface
                0x000000000800a510       0x8c Middlewares/ST/STM32_USB_Host_Library/Core/Src/usbh_core.o
                0x000000000800a510                USBH_FindInterface
 .text.USBH_Start
                0x000000000800a59c       0x20 Middlewares/ST/STM32_USB_Host_Library/Core/Src/usbh_core.o
                0x000000000800a59c                USBH_Start
 .text.USBH_Process
                0x000000000800a5bc      0x4c4 Middlewares/ST/STM32_USB_Host_Library/Core/Src/usbh_core.o
                0x000000000800a5bc                USBH_Process
 .text.USBH_HandleEnum
                0x000000000800aa80      0x458 Middlewares/ST/STM32_USB_Host_Library/Core/Src/usbh_core.o
 .text.USBH_LL_SetTimer
                0x000000000800aed8       0x1e Middlewares/ST/STM32_USB_Host_Library/Core/Src/usbh_core.o
                0x000000000800aed8                USBH_LL_SetTimer
 .text.USBH_LL_IncTimer
                0x000000000800aef6       0x24 Middlewares/ST/STM32_USB_Host_Library/Core/Src/usbh_core.o
                0x000000000800aef6                USBH_LL_IncTimer
 .text.USBH_HandleSof
                0x000000000800af1a       0x30 Middlewares/ST/STM32_USB_Host_Library/Core/Src/usbh_core.o
 .text.USBH_LL_PortEnabled
                0x000000000800af4a       0x34 Middlewares/ST/STM32_USB_Host_Library/Core/Src/usbh_core.o
                0x000000000800af4a                USBH_LL_PortEnabled
 .text.USBH_LL_PortDisabled
                0x000000000800af7e       0x1c Middlewares/ST/STM32_USB_Host_Library/Core/Src/usbh_core.o
                0x000000000800af7e                USBH_LL_PortDisabled
 .text.USBH_LL_Connect
                0x000000000800af9a       0x46 Middlewares/ST/STM32_USB_Host_Library/Core/Src/usbh_core.o
                0x000000000800af9a                USBH_LL_Connect
 .text.USBH_LL_Disconnect
                0x000000000800afe0       0x64 Middlewares/ST/STM32_USB_Host_Library/Core/Src/usbh_core.o
                0x000000000800afe0                USBH_LL_Disconnect
 .text.USBH_Process_OS
                0x000000000800b044       0x2e Middlewares/ST/STM32_USB_Host_Library/Core/Src/usbh_core.o
 .text.USBH_LL_NotifyURBChange
                0x000000000800b072       0x2e Middlewares/ST/STM32_USB_Host_Library/Core/Src/usbh_core.o
                0x000000000800b072                USBH_LL_NotifyURBChange
 .text.USBH_Get_DevDesc
                0x000000000800b0a0       0x50 Middlewares/ST/STM32_USB_Host_Library/Core/Src/usbh_ctlreq.o
                0x000000000800b0a0                USBH_Get_DevDesc
 .text.USBH_Get_CfgDesc
                0x000000000800b0f0       0x48 Middlewares/ST/STM32_USB_Host_Library/Core/Src/usbh_ctlreq.o
                0x000000000800b0f0                USBH_Get_CfgDesc
 .text.USBH_Get_StringDesc
                0x000000000800b138       0x56 Middlewares/ST/STM32_USB_Host_Library/Core/Src/usbh_ctlreq.o
                0x000000000800b138                USBH_Get_StringDesc
 .text.USBH_GetDescriptor
                0x000000000800b18e       0x6a Middlewares/ST/STM32_USB_Host_Library/Core/Src/usbh_ctlreq.o
                0x000000000800b18e                USBH_GetDescriptor
 .text.USBH_SetAddress
                0x000000000800b1f8       0x48 Middlewares/ST/STM32_USB_Host_Library/Core/Src/usbh_ctlreq.o
                0x000000000800b1f8                USBH_SetAddress
 .text.USBH_SetCfg
                0x000000000800b240       0x46 Middlewares/ST/STM32_USB_Host_Library/Core/Src/usbh_ctlreq.o
                0x000000000800b240                USBH_SetCfg
 .text.USBH_SetFeature
                0x000000000800b286       0x48 Middlewares/ST/STM32_USB_Host_Library/Core/Src/usbh_ctlreq.o
                0x000000000800b286                USBH_SetFeature
 .text.USBH_ClrFeature
                0x000000000800b2ce       0x48 Middlewares/ST/STM32_USB_Host_Library/Core/Src/usbh_ctlreq.o
                0x000000000800b2ce                USBH_ClrFeature
 .text.USBH_ParseDevDesc
                0x000000000800b316       0xe0 Middlewares/ST/STM32_USB_Host_Library/Core/Src/usbh_ctlreq.o
 .text.USBH_ParseCfgDesc
                0x000000000800b3f6      0x144 Middlewares/ST/STM32_USB_Host_Library/Core/Src/usbh_ctlreq.o
 .text.USBH_ParseInterfaceDesc
                0x000000000800b53a       0x5e Middlewares/ST/STM32_USB_Host_Library/Core/Src/usbh_ctlreq.o
 .text.USBH_ParseEPDesc
                0x000000000800b598       0x5a Middlewares/ST/STM32_USB_Host_Library/Core/Src/usbh_ctlreq.o
 .text.USBH_ParseStringDesc
                0x000000000800b5f2       0x66 Middlewares/ST/STM32_USB_Host_Library/Core/Src/usbh_ctlreq.o
 .text.USBH_GetNextDesc
                0x000000000800b658       0x36 Middlewares/ST/STM32_USB_Host_Library/Core/Src/usbh_ctlreq.o
                0x000000000800b658                USBH_GetNextDesc
 .text.USBH_CtlReq
                0x000000000800b68e       0xb2 Middlewares/ST/STM32_USB_Host_Library/Core/Src/usbh_ctlreq.o
                0x000000000800b68e                USBH_CtlReq
 .text.USBH_HandleControl
                0x000000000800b740      0x490 Middlewares/ST/STM32_USB_Host_Library/Core/Src/usbh_ctlreq.o
 .text.USBH_CtlSendSetup
                0x000000000800bbd0       0x34 Middlewares/ST/STM32_USB_Host_Library/Core/Src/usbh_ioreq.o
                0x000000000800bbd0                USBH_CtlSendSetup
 .text.USBH_CtlSendData
                0x000000000800bc04       0x4a Middlewares/ST/STM32_USB_Host_Library/Core/Src/usbh_ioreq.o
                0x000000000800bc04                USBH_CtlSendData
 .text.USBH_CtlReceiveData
                0x000000000800bc4e       0x3c Middlewares/ST/STM32_USB_Host_Library/Core/Src/usbh_ioreq.o
                0x000000000800bc4e                USBH_CtlReceiveData
 .text.USBH_BulkSendData
                0x000000000800bc8a       0x4a Middlewares/ST/STM32_USB_Host_Library/Core/Src/usbh_ioreq.o
                0x000000000800bc8a                USBH_BulkSendData
 .text.USBH_BulkReceiveData
                0x000000000800bcd4       0x3c Middlewares/ST/STM32_USB_Host_Library/Core/Src/usbh_ioreq.o
                0x000000000800bcd4                USBH_BulkReceiveData
 .text.USBH_OpenPipe
                0x000000000800bd10       0x3e Middlewares/ST/STM32_USB_Host_Library/Core/Src/usbh_pipes.o
                0x000000000800bd10                USBH_OpenPipe
 .text.USBH_ClosePipe
                0x000000000800bd4e       0x20 Middlewares/ST/STM32_USB_Host_Library/Core/Src/usbh_pipes.o
                0x000000000800bd4e                USBH_ClosePipe
 .text.USBH_AllocPipe
                0x000000000800bd6e       0x42 Middlewares/ST/STM32_USB_Host_Library/Core/Src/usbh_pipes.o
                0x000000000800bd6e                USBH_AllocPipe
 .text.USBH_FreePipe
                0x000000000800bdb0       0x3c Middlewares/ST/STM32_USB_Host_Library/Core/Src/usbh_pipes.o
                0x000000000800bdb0                USBH_FreePipe
 .text.USBH_GetFreePipe
                0x000000000800bdec       0x48 Middlewares/ST/STM32_USB_Host_Library/Core/Src/usbh_pipes.o
 .text.__NVIC_SetPriority
                0x000000000800be34       0x54 Middlewares/Third_Party/FreeRTOS/Source/CMSIS_RTOS_V2/cmsis_os2.o
 .text.SysTick_Handler
                0x000000000800be88       0x20 Middlewares/Third_Party/FreeRTOS/Source/CMSIS_RTOS_V2/cmsis_os2.o
                0x000000000800be88                SysTick_Handler
 .text.SVC_Setup
                0x000000000800bea8       0x12 Middlewares/Third_Party/FreeRTOS/Source/CMSIS_RTOS_V2/cmsis_os2.o
 *fill*         0x000000000800beba        0x2 
 .text.osKernelInitialize
                0x000000000800bebc       0x48 Middlewares/Third_Party/FreeRTOS/Source/CMSIS_RTOS_V2/cmsis_os2.o
                0x000000000800bebc                osKernelInitialize
 .text.osKernelStart
                0x000000000800bf04       0x4c Middlewares/Third_Party/FreeRTOS/Source/CMSIS_RTOS_V2/cmsis_os2.o
                0x000000000800bf04                osKernelStart
 .text.osThreadNew
                0x000000000800bf50      0x124 Middlewares/Third_Party/FreeRTOS/Source/CMSIS_RTOS_V2/cmsis_os2.o
                0x000000000800bf50                osThreadNew
 .text.osDelay  0x000000000800c074       0x36 Middlewares/Third_Party/FreeRTOS/Source/CMSIS_RTOS_V2/cmsis_os2.o
                0x000000000800c074                osDelay
 .text.osMessageQueueNew
                0x000000000800c0aa       0xe6 Middlewares/Third_Party/FreeRTOS/Source/CMSIS_RTOS_V2/cmsis_os2.o
                0x000000000800c0aa                osMessageQueueNew
 .text.osMessageQueuePut
                0x000000000800c190       0xc0 Middlewares/Third_Party/FreeRTOS/Source/CMSIS_RTOS_V2/cmsis_os2.o
                0x000000000800c190                osMessageQueuePut
 .text.osMessageQueueGet
                0x000000000800c250       0xbc Middlewares/Third_Party/FreeRTOS/Source/CMSIS_RTOS_V2/cmsis_os2.o
                0x000000000800c250                osMessageQueueGet
 .text.vApplicationGetIdleTaskMemory
                0x000000000800c30c       0x34 Middlewares/Third_Party/FreeRTOS/Source/CMSIS_RTOS_V2/cmsis_os2.o
                0x000000000800c30c                vApplicationGetIdleTaskMemory
 .text.vApplicationGetTimerTaskMemory
                0x000000000800c340       0x34 Middlewares/Third_Party/FreeRTOS/Source/CMSIS_RTOS_V2/cmsis_os2.o
                0x000000000800c340                vApplicationGetTimerTaskMemory
 .text.vListInitialise
                0x000000000800c374       0x40 Middlewares/Third_Party/FreeRTOS/Source/list.o
                0x000000000800c374                vListInitialise
 .text.vListInitialiseItem
                0x000000000800c3b4       0x1a Middlewares/Third_Party/FreeRTOS/Source/list.o
                0x000000000800c3b4                vListInitialiseItem
 .text.vListInsertEnd
                0x000000000800c3ce       0x48 Middlewares/Third_Party/FreeRTOS/Source/list.o
                0x000000000800c3ce                vListInsertEnd
 .text.vListInsert
                0x000000000800c416       0x72 Middlewares/Third_Party/FreeRTOS/Source/list.o
                0x000000000800c416                vListInsert
 .text.uxListRemove
                0x000000000800c488       0x54 Middlewares/Third_Party/FreeRTOS/Source/list.o
                0x000000000800c488                uxListRemove
 .text.xQueueGenericReset
                0x000000000800c4dc       0xd0 Middlewares/Third_Party/FreeRTOS/Source/queue.o
                0x000000000800c4dc                xQueueGenericReset
 .text.xQueueGenericCreateStatic
                0x000000000800c5ac       0xf0 Middlewares/Third_Party/FreeRTOS/Source/queue.o
                0x000000000800c5ac                xQueueGenericCreateStatic
 .text.xQueueGenericCreate
                0x000000000800c69c       0x74 Middlewares/Third_Party/FreeRTOS/Source/queue.o
                0x000000000800c69c                xQueueGenericCreate
 .text.prvInitialiseNewQueue
                0x000000000800c710       0x46 Middlewares/Third_Party/FreeRTOS/Source/queue.o
 *fill*         0x000000000800c756        0x2 
 .text.xQueueGenericSend
                0x000000000800c758      0x1fc Middlewares/Third_Party/FreeRTOS/Source/queue.o
                0x000000000800c758                xQueueGenericSend
 .text.xQueueGenericSendFromISR
                0x000000000800c954      0x136 Middlewares/Third_Party/FreeRTOS/Source/queue.o
                0x000000000800c954                xQueueGenericSendFromISR
 *fill*         0x000000000800ca8a        0x2 
 .text.xQueueReceive
                0x000000000800ca8c      0x1c0 Middlewares/Third_Party/FreeRTOS/Source/queue.o
                0x000000000800ca8c                xQueueReceive
 .text.xQueueReceiveFromISR
                0x000000000800cc4c      0x100 Middlewares/Third_Party/FreeRTOS/Source/queue.o
                0x000000000800cc4c                xQueueReceiveFromISR
 .text.prvCopyDataToQueue
                0x000000000800cd4c       0xd4 Middlewares/Third_Party/FreeRTOS/Source/queue.o
 .text.prvCopyDataFromQueue
                0x000000000800ce20       0x4c Middlewares/Third_Party/FreeRTOS/Source/queue.o
 .text.prvUnlockQueue
                0x000000000800ce6c       0xa4 Middlewares/Third_Party/FreeRTOS/Source/queue.o
 .text.prvIsQueueEmpty
                0x000000000800cf10       0x2c Middlewares/Third_Party/FreeRTOS/Source/queue.o
 .text.prvIsQueueFull
                0x000000000800cf3c       0x30 Middlewares/Third_Party/FreeRTOS/Source/queue.o
 .text.vQueueAddToRegistry
                0x000000000800cf6c       0x54 Middlewares/Third_Party/FreeRTOS/Source/queue.o
                0x000000000800cf6c                vQueueAddToRegistry
 .text.vQueueWaitForMessageRestricted
                0x000000000800cfc0       0x68 Middlewares/Third_Party/FreeRTOS/Source/queue.o
                0x000000000800cfc0                vQueueWaitForMessageRestricted
 .text.xTaskCreateStatic
                0x000000000800d028       0xba Middlewares/Third_Party/FreeRTOS/Source/tasks.o
                0x000000000800d028                xTaskCreateStatic
 .text.xTaskCreate
                0x000000000800d0e2       0x8a Middlewares/Third_Party/FreeRTOS/Source/tasks.o
                0x000000000800d0e2                xTaskCreate
 .text.prvInitialiseNewTask
                0x000000000800d16c      0x11e Middlewares/Third_Party/FreeRTOS/Source/tasks.o
 *fill*         0x000000000800d28a        0x2 
 .text.prvAddNewTaskToReadyList
                0x000000000800d28c       0xe0 Middlewares/Third_Party/FreeRTOS/Source/tasks.o
 .text.vTaskDelay
                0x000000000800d36c       0x68 Middlewares/Third_Party/FreeRTOS/Source/tasks.o
                0x000000000800d36c                vTaskDelay
 .text.vTaskStartScheduler
                0x000000000800d3d4       0xcc Middlewares/Third_Party/FreeRTOS/Source/tasks.o
                0x000000000800d3d4                vTaskStartScheduler
 .text.vTaskSuspendAll
                0x000000000800d4a0       0x1c Middlewares/Third_Party/FreeRTOS/Source/tasks.o
                0x000000000800d4a0                vTaskSuspendAll
 .text.xTaskResumeAll
                0x000000000800d4bc      0x13c Middlewares/Third_Party/FreeRTOS/Source/tasks.o
                0x000000000800d4bc                xTaskResumeAll
 .text.xTaskGetTickCount
                0x000000000800d5f8       0x20 Middlewares/Third_Party/FreeRTOS/Source/tasks.o
                0x000000000800d5f8                xTaskGetTickCount
 .text.xTaskIncrementTick
                0x000000000800d618      0x174 Middlewares/Third_Party/FreeRTOS/Source/tasks.o
                0x000000000800d618                xTaskIncrementTick
 .text.vTaskSwitchContext
                0x000000000800d78c       0xbc Middlewares/Third_Party/FreeRTOS/Source/tasks.o
                0x000000000800d78c                vTaskSwitchContext
 .text.vTaskPlaceOnEventList
                0x000000000800d848       0x48 Middlewares/Third_Party/FreeRTOS/Source/tasks.o
                0x000000000800d848                vTaskPlaceOnEventList
 .text.vTaskPlaceOnEventListRestricted
                0x000000000800d890       0x58 Middlewares/Third_Party/FreeRTOS/Source/tasks.o
                0x000000000800d890                vTaskPlaceOnEventListRestricted
 .text.xTaskRemoveFromEventList
                0x000000000800d8e8       0xc8 Middlewares/Third_Party/FreeRTOS/Source/tasks.o
                0x000000000800d8e8                xTaskRemoveFromEventList
 .text.vTaskInternalSetTimeOutState
                0x000000000800d9b0       0x2c Middlewares/Third_Party/FreeRTOS/Source/tasks.o
                0x000000000800d9b0                vTaskInternalSetTimeOutState
 .text.xTaskCheckForTimeOut
                0x000000000800d9dc       0xc4 Middlewares/Third_Party/FreeRTOS/Source/tasks.o
                0x000000000800d9dc                xTaskCheckForTimeOut
 .text.vTaskMissedYield
                0x000000000800daa0       0x18 Middlewares/Third_Party/FreeRTOS/Source/tasks.o
                0x000000000800daa0                vTaskMissedYield
 .text.prvIdleTask
                0x000000000800dab8       0x30 Middlewares/Third_Party/FreeRTOS/Source/tasks.o
 .text.prvInitialiseTaskLists
                0x000000000800dae8       0x80 Middlewares/Third_Party/FreeRTOS/Source/tasks.o
 .text.prvCheckTasksWaitingTermination
                0x000000000800db68       0x5c Middlewares/Third_Party/FreeRTOS/Source/tasks.o
 .text.prvDeleteTCB
                0x000000000800dbc4       0x5e Middlewares/Third_Party/FreeRTOS/Source/tasks.o
 *fill*         0x000000000800dc22        0x2 
 .text.prvResetNextTaskUnblockTime
                0x000000000800dc24       0x40 Middlewares/Third_Party/FreeRTOS/Source/tasks.o
 .text.xTaskGetSchedulerState
                0x000000000800dc64       0x3c Middlewares/Third_Party/FreeRTOS/Source/tasks.o
                0x000000000800dc64                xTaskGetSchedulerState
 .text.xTaskPriorityDisinherit
                0x000000000800dca0       0xdc Middlewares/Third_Party/FreeRTOS/Source/tasks.o
                0x000000000800dca0                xTaskPriorityDisinherit
 .text.prvAddCurrentTaskToDelayedList
                0x000000000800dd7c       0xa8 Middlewares/Third_Party/FreeRTOS/Source/tasks.o
 .text.xTimerCreateTimerTask
                0x000000000800de24       0x90 Middlewares/Third_Party/FreeRTOS/Source/timers.o
                0x000000000800de24                xTimerCreateTimerTask
 .text.xTimerGenericCommand
                0x000000000800deb4       0x9c Middlewares/Third_Party/FreeRTOS/Source/timers.o
                0x000000000800deb4                xTimerGenericCommand
 .text.prvProcessExpiredTimer
                0x000000000800df50       0x98 Middlewares/Third_Party/FreeRTOS/Source/timers.o
 .text.prvTimerTask
                0x000000000800dfe8       0x24 Middlewares/Third_Party/FreeRTOS/Source/timers.o
 .text.prvProcessTimerOrBlockTask
                0x000000000800e00c       0x9c Middlewares/Third_Party/FreeRTOS/Source/timers.o
 .text.prvGetNextExpireTime
                0x000000000800e0a8       0x48 Middlewares/Third_Party/FreeRTOS/Source/timers.o
 .text.prvSampleTimeNow
                0x000000000800e0f0       0x40 Middlewares/Third_Party/FreeRTOS/Source/timers.o
 .text.prvInsertTimerInActiveList
                0x000000000800e130       0x84 Middlewares/Third_Party/FreeRTOS/Source/timers.o
 .text.prvProcessReceivedCommands
                0x000000000800e1b4      0x1c4 Middlewares/Third_Party/FreeRTOS/Source/timers.o
 .text.prvSwitchTimerLists
                0x000000000800e378       0xc8 Middlewares/Third_Party/FreeRTOS/Source/timers.o
 .text.prvCheckForValidListAndQueue
                0x000000000800e440       0x80 Middlewares/Third_Party/FreeRTOS/Source/timers.o
 .text.pxPortInitialiseStack
                0x000000000800e4c0       0x68 Middlewares/Third_Party/FreeRTOS/Source/portable/GCC/ARM_CM4F/port.o
                0x000000000800e4c0                pxPortInitialiseStack
 .text.prvTaskExitError
                0x000000000800e528       0x58 Middlewares/Third_Party/FreeRTOS/Source/portable/GCC/ARM_CM4F/port.o
 .text.SVC_Handler
                0x000000000800e580       0x28 Middlewares/Third_Party/FreeRTOS/Source/portable/GCC/ARM_CM4F/port.o
                0x000000000800e580                SVC_Handler
 .text.prvPortStartFirstTask
                0x000000000800e5a8       0x28 Middlewares/Third_Party/FreeRTOS/Source/portable/GCC/ARM_CM4F/port.o
 .text.xPortStartScheduler
                0x000000000800e5d0      0x144 Middlewares/Third_Party/FreeRTOS/Source/portable/GCC/ARM_CM4F/port.o
                0x000000000800e5d0                xPortStartScheduler
 .text.vPortEnterCritical
                0x000000000800e714       0x60 Middlewares/Third_Party/FreeRTOS/Source/portable/GCC/ARM_CM4F/port.o
                0x000000000800e714                vPortEnterCritical
 .text.vPortExitCritical
                0x000000000800e774       0x54 Middlewares/Third_Party/FreeRTOS/Source/portable/GCC/ARM_CM4F/port.o
                0x000000000800e774                vPortExitCritical
 *fill*         0x000000000800e7c8        0x8 
 .text.PendSV_Handler
                0x000000000800e7d0       0x68 Middlewares/Third_Party/FreeRTOS/Source/portable/GCC/ARM_CM4F/port.o
                0x000000000800e7d0                PendSV_Handler
 .text.xPortSysTickHandler
                0x000000000800e838       0x44 Middlewares/Third_Party/FreeRTOS/Source/portable/GCC/ARM_CM4F/port.o
                0x000000000800e838                xPortSysTickHandler
 .text.vPortSetupTimerInterrupt
                0x000000000800e87c       0x48 Middlewares/Third_Party/FreeRTOS/Source/portable/GCC/ARM_CM4F/port.o
                0x000000000800e87c                vPortSetupTimerInterrupt
 .text.vPortEnableVFP
                0x000000000800e8c4       0x14 Middlewares/Third_Party/FreeRTOS/Source/portable/GCC/ARM_CM4F/port.o
 .text.vPortValidateInterruptPriority
                0x000000000800e8d8       0x80 Middlewares/Third_Party/FreeRTOS/Source/portable/GCC/ARM_CM4F/port.o
                0x000000000800e8d8                vPortValidateInterruptPriority
 .text.pvPortMalloc
                0x000000000800e958      0x198 Middlewares/Third_Party/FreeRTOS/Source/portable/MemMang/heap_4.o
                0x000000000800e958                pvPortMalloc
 .text.vPortFree
                0x000000000800eaf0       0xc4 Middlewares/Third_Party/FreeRTOS/Source/portable/MemMang/heap_4.o
                0x000000000800eaf0                vPortFree
 .text.prvHeapInit
                0x000000000800ebb4       0xc4 Middlewares/Third_Party/FreeRTOS/Source/portable/MemMang/heap_4.o
 .text.prvInsertBlockIntoFreeList
                0x000000000800ec78       0xb4 Middlewares/Third_Party/FreeRTOS/Source/portable/MemMang/heap_4.o
 .text.MX_USB_HOST_Init
                0x000000000800ed2c       0x4c USB_HOST/App/usb_host.o
                0x000000000800ed2c                MX_USB_HOST_Init
 .text.USBH_UserProcess
                0x000000000800ed78       0x5c USB_HOST/App/usb_host.o
 .text.HAL_HCD_MspInit
                0x000000000800edd4       0xc4 USB_HOST/Target/usbh_conf.o
                0x000000000800edd4                HAL_HCD_MspInit
 .text.HAL_HCD_SOF_Callback
                0x000000000800ee98       0x1c USB_HOST/Target/usbh_conf.o
                0x000000000800ee98                HAL_HCD_SOF_Callback
 .text.HAL_HCD_Connect_Callback
                0x000000000800eeb4       0x1c USB_HOST/Target/usbh_conf.o
                0x000000000800eeb4                HAL_HCD_Connect_Callback
 .text.HAL_HCD_Disconnect_Callback
                0x000000000800eed0       0x1c USB_HOST/Target/usbh_conf.o
                0x000000000800eed0                HAL_HCD_Disconnect_Callback
 .text.HAL_HCD_HC_NotifyURBChange_Callback
                0x000000000800eeec       0x24 USB_HOST/Target/usbh_conf.o
                0x000000000800eeec                HAL_HCD_HC_NotifyURBChange_Callback
 .text.HAL_HCD_PortEnabled_Callback
                0x000000000800ef10       0x1c USB_HOST/Target/usbh_conf.o
                0x000000000800ef10                HAL_HCD_PortEnabled_Callback
 .text.HAL_HCD_PortDisabled_Callback
                0x000000000800ef2c       0x1c USB_HOST/Target/usbh_conf.o
                0x000000000800ef2c                HAL_HCD_PortDisabled_Callback
 .text.USBH_LL_Init
                0x000000000800ef48       0x78 USB_HOST/Target/usbh_conf.o
                0x000000000800ef48                USBH_LL_Init
 .text.USBH_LL_Start
                0x000000000800efc0       0x36 USB_HOST/Target/usbh_conf.o
                0x000000000800efc0                USBH_LL_Start
 .text.USBH_LL_Stop
                0x000000000800eff6       0x36 USB_HOST/Target/usbh_conf.o
                0x000000000800eff6                USBH_LL_Stop
 .text.USBH_LL_GetSpeed
                0x000000000800f02c       0x4e USB_HOST/Target/usbh_conf.o
                0x000000000800f02c                USBH_LL_GetSpeed
 .text.USBH_LL_ResetPort
                0x000000000800f07a       0x36 USB_HOST/Target/usbh_conf.o
                0x000000000800f07a                USBH_LL_ResetPort
 .text.USBH_LL_GetLastXferSize
                0x000000000800f0b0       0x26 USB_HOST/Target/usbh_conf.o
                0x000000000800f0b0                USBH_LL_GetLastXferSize
 .text.USBH_LL_OpenPipe
                0x000000000800f0d6       0x5e USB_HOST/Target/usbh_conf.o
                0x000000000800f0d6                USBH_LL_OpenPipe
 .text.USBH_LL_ClosePipe
                0x000000000800f134       0x3e USB_HOST/Target/usbh_conf.o
                0x000000000800f134                USBH_LL_ClosePipe
 .text.USBH_LL_SubmitURB
                0x000000000800f172       0x62 USB_HOST/Target/usbh_conf.o
                0x000000000800f172                USBH_LL_SubmitURB
 .text.USBH_LL_GetURBState
                0x000000000800f1d4       0x26 USB_HOST/Target/usbh_conf.o
                0x000000000800f1d4                USBH_LL_GetURBState
 .text.USBH_LL_DriverVBUS
                0x000000000800f1fa       0x2e USB_HOST/Target/usbh_conf.o
                0x000000000800f1fa                USBH_LL_DriverVBUS
 .text.USBH_LL_SetToggle
                0x000000000800f228       0x60 USB_HOST/Target/usbh_conf.o
                0x000000000800f228                USBH_LL_SetToggle
 .text.USBH_Delay
                0x000000000800f288       0x16 USB_HOST/Target/usbh_conf.o
                0x000000000800f288                USBH_Delay
 *fill*         0x000000000800f29e        0x2 
 .text.USBH_Get_USB_Status
                0x000000000800f2a0       0x58 USB_HOST/Target/usbh_conf.o
                0x000000000800f2a0                USBH_Get_USB_Status
 .text.MX_DriverVbusFS
                0x000000000800f2f8       0x38 USB_HOST/Target/usbh_platform.o
                0x000000000800f2f8                MX_DriverVbusFS
 .text.__errno  0x000000000800f330        0xc /opt/st/stm32cubeide_1.6.1/plugins/com.st.stm32cube.ide.mcu.externaltools.gnu-tools-for-stm32.9-2020-q2-update.linux64_1.5.0.202011040924/tools/bin/../lib/gcc/arm-none-eabi/9.3.1/../../../../arm-none-eabi/lib/thumb/v7e-m+fp/hard/libc_nano.a(lib_a-errno.o)
                0x000000000800f330                __errno
 .text.__libc_init_array
                0x000000000800f33c       0x48 /opt/st/stm32cubeide_1.6.1/plugins/com.st.stm32cube.ide.mcu.externaltools.gnu-tools-for-stm32.9-2020-q2-update.linux64_1.5.0.202011040924/tools/bin/../lib/gcc/arm-none-eabi/9.3.1/../../../../arm-none-eabi/lib/thumb/v7e-m+fp/hard/libc_nano.a(lib_a-init.o)
                0x000000000800f33c                __libc_init_array
 .text.malloc   0x000000000800f384       0x10 /opt/st/stm32cubeide_1.6.1/plugins/com.st.stm32cube.ide.mcu.externaltools.gnu-tools-for-stm32.9-2020-q2-update.linux64_1.5.0.202011040924/tools/bin/../lib/gcc/arm-none-eabi/9.3.1/../../../../arm-none-eabi/lib/thumb/v7e-m+fp/hard/libc_nano.a(lib_a-malloc.o)
                0x000000000800f384                malloc
 .text.free     0x000000000800f394       0x10 /opt/st/stm32cubeide_1.6.1/plugins/com.st.stm32cube.ide.mcu.externaltools.gnu-tools-for-stm32.9-2020-q2-update.linux64_1.5.0.202011040924/tools/bin/../lib/gcc/arm-none-eabi/9.3.1/../../../../arm-none-eabi/lib/thumb/v7e-m+fp/hard/libc_nano.a(lib_a-malloc.o)
                0x000000000800f394                free
 .text.memcpy   0x000000000800f3a4       0x1c /opt/st/stm32cubeide_1.6.1/plugins/com.st.stm32cube.ide.mcu.externaltools.gnu-tools-for-stm32.9-2020-q2-update.linux64_1.5.0.202011040924/tools/bin/../lib/gcc/arm-none-eabi/9.3.1/../../../../arm-none-eabi/lib/thumb/v7e-m+fp/hard/libc_nano.a(lib_a-memcpy-stub.o)
                0x000000000800f3a4                memcpy
 .text.memset   0x000000000800f3c0       0x10 /opt/st/stm32cubeide_1.6.1/plugins/com.st.stm32cube.ide.mcu.externaltools.gnu-tools-for-stm32.9-2020-q2-update.linux64_1.5.0.202011040924/tools/bin/../lib/gcc/arm-none-eabi/9.3.1/../../../../arm-none-eabi/lib/thumb/v7e-m+fp/hard/libc_nano.a(lib_a-memset.o)
                0x000000000800f3c0                memset
 .text._free_r  0x000000000800f3d0       0xa0 /opt/st/stm32cubeide_1.6.1/plugins/com.st.stm32cube.ide.mcu.externaltools.gnu-tools-for-stm32.9-2020-q2-update.linux64_1.5.0.202011040924/tools/bin/../lib/gcc/arm-none-eabi/9.3.1/../../../../arm-none-eabi/lib/thumb/v7e-m+fp/hard/libc_nano.a(lib_a-nano-freer.o)
                0x000000000800f3d0                _free_r
 .text._malloc_r
                0x000000000800f470       0xb4 /opt/st/stm32cubeide_1.6.1/plugins/com.st.stm32cube.ide.mcu.externaltools.gnu-tools-for-stm32.9-2020-q2-update.linux64_1.5.0.202011040924/tools/bin/../lib/gcc/arm-none-eabi/9.3.1/../../../../arm-none-eabi/lib/thumb/v7e-m+fp/hard/libc_nano.a(lib_a-nano-mallocr.o)
                0x000000000800f470                _malloc_r
 .text._sbrk_r  0x000000000800f524       0x20 /opt/st/stm32cubeide_1.6.1/plugins/com.st.stm32cube.ide.mcu.externaltools.gnu-tools-for-stm32.9-2020-q2-update.linux64_1.5.0.202011040924/tools/bin/../lib/gcc/arm-none-eabi/9.3.1/../../../../arm-none-eabi/lib/thumb/v7e-m+fp/hard/libc_nano.a(lib_a-sbrkr.o)
                0x000000000800f524                _sbrk_r
 .text.__malloc_lock
                0x000000000800f544        0xc /opt/st/stm32cubeide_1.6.1/plugins/com.st.stm32cube.ide.mcu.externaltools.gnu-tools-for-stm32.9-2020-q2-update.linux64_1.5.0.202011040924/tools/bin/../lib/gcc/arm-none-eabi/9.3.1/../../../../arm-none-eabi/lib/thumb/v7e-m+fp/hard/libc_nano.a(lib_a-mlock.o)
                0x000000000800f544                __malloc_lock
 .text.__malloc_unlock
                0x000000000800f550        0xc /opt/st/stm32cubeide_1.6.1/plugins/com.st.stm32cube.ide.mcu.externaltools.gnu-tools-for-stm32.9-2020-q2-update.linux64_1.5.0.202011040924/tools/bin/../lib/gcc/arm-none-eabi/9.3.1/../../../../arm-none-eabi/lib/thumb/v7e-m+fp/hard/libc_nano.a(lib_a-mlock.o)
                0x000000000800f550                __malloc_unlock
 .text.__retarget_lock_acquire_recursive
                0x000000000800f55c        0x2 /opt/st/stm32cubeide_1.6.1/plugins/com.st.stm32cube.ide.mcu.externaltools.gnu-tools-for-stm32.9-2020-q2-update.linux64_1.5.0.202011040924/tools/bin/../lib/gcc/arm-none-eabi/9.3.1/../../../../arm-none-eabi/lib/thumb/v7e-m+fp/hard/libc_nano.a(lib_a-lock.o)
                0x000000000800f55c                __retarget_lock_acquire_recursive
 .text.__retarget_lock_release_recursive
                0x000000000800f55e        0x2 /opt/st/stm32cubeide_1.6.1/plugins/com.st.stm32cube.ide.mcu.externaltools.gnu-tools-for-stm32.9-2020-q2-update.linux64_1.5.0.202011040924/tools/bin/../lib/gcc/arm-none-eabi/9.3.1/../../../../arm-none-eabi/lib/thumb/v7e-m+fp/hard/libc_nano.a(lib_a-lock.o)
                0x000000000800f55e                __retarget_lock_release_recursive
 .text.floor    0x000000000800f560      0x100 /opt/st/stm32cubeide_1.6.1/plugins/com.st.stm32cube.ide.mcu.externaltools.gnu-tools-for-stm32.9-2020-q2-update.linux64_1.5.0.202011040924/tools/bin/../lib/gcc/arm-none-eabi/9.3.1/../../../../arm-none-eabi/lib/thumb/v7e-m+fp/hard/libm.a(lib_a-s_floor.o)
                0x000000000800f560                floor
 *(.glue_7)
 .glue_7        0x000000000800f660        0x0 linker stubs
 *(.glue_7t)
 .glue_7t       0x000000000800f660        0x0 linker stubs
 *(.eh_frame)
 .eh_frame      0x000000000800f660        0x0 /opt/st/stm32cubeide_1.6.1/plugins/com.st.stm32cube.ide.mcu.externaltools.gnu-tools-for-stm32.9-2020-q2-update.linux64_1.5.0.202011040924/tools/bin/../lib/gcc/arm-none-eabi/9.3.1/thumb/v7e-m+fp/hard/crtbegin.o
 *(.init)
 .init          0x000000000800f660        0x4 /opt/st/stm32cubeide_1.6.1/plugins/com.st.stm32cube.ide.mcu.externaltools.gnu-tools-for-stm32.9-2020-q2-update.linux64_1.5.0.202011040924/tools/bin/../lib/gcc/arm-none-eabi/9.3.1/thumb/v7e-m+fp/hard/crti.o
                0x000000000800f660                _init
 .init          0x000000000800f664        0x8 /opt/st/stm32cubeide_1.6.1/plugins/com.st.stm32cube.ide.mcu.externaltools.gnu-tools-for-stm32.9-2020-q2-update.linux64_1.5.0.202011040924/tools/bin/../lib/gcc/arm-none-eabi/9.3.1/thumb/v7e-m+fp/hard/crtn.o
 *(.fini)
 .fini          0x000000000800f66c        0x4 /opt/st/stm32cubeide_1.6.1/plugins/com.st.stm32cube.ide.mcu.externaltools.gnu-tools-for-stm32.9-2020-q2-update.linux64_1.5.0.202011040924/tools/bin/../lib/gcc/arm-none-eabi/9.3.1/thumb/v7e-m+fp/hard/crti.o
                0x000000000800f66c                _fini
 .fini          0x000000000800f670        0x8 /opt/st/stm32cubeide_1.6.1/plugins/com.st.stm32cube.ide.mcu.externaltools.gnu-tools-for-stm32.9-2020-q2-update.linux64_1.5.0.202011040924/tools/bin/../lib/gcc/arm-none-eabi/9.3.1/thumb/v7e-m+fp/hard/crtn.o
                0x000000000800f678                . = ALIGN (0x4)
                0x000000000800f678                _etext = .

.vfp11_veneer   0x000000000800f678        0x0
 .vfp11_veneer  0x000000000800f678        0x0 linker stubs

.v4_bx          0x000000000800f678        0x0
 .v4_bx         0x000000000800f678        0x0 linker stubs

.iplt           0x000000000800f678        0x0
 .iplt          0x000000000800f678        0x0 /opt/st/stm32cubeide_1.6.1/plugins/com.st.stm32cube.ide.mcu.externaltools.gnu-tools-for-stm32.9-2020-q2-update.linux64_1.5.0.202011040924/tools/bin/../lib/gcc/arm-none-eabi/9.3.1/thumb/v7e-m+fp/hard/crtbegin.o

.rodata         0x000000000800f678     0x18d0
                0x000000000800f678                . = ALIGN (0x4)
 *(.rodata)
 .rodata        0x000000000800f678       0x2e Core/Src/bluetooth_helper.o
 *fill*         0x000000000800f6a6        0x2 
 .rodata        0x000000000800f6a8       0x3c Core/Src/main.o
 .rodata        0x000000000800f6e4        0x4 Middlewares/ST/STM32_USB_Host_Library/Class/CDC/Src/usbh_cdc.o
 .rodata        0x000000000800f6e8        0xb Middlewares/ST/STM32_USB_Host_Library/Core/Src/usbh_core.o
 *fill*         0x000000000800f6f3        0x1 
 .rodata        0x000000000800f6f4        0x5 Middlewares/Third_Party/FreeRTOS/Source/tasks.o
 *fill*         0x000000000800f6f9        0x3 
 .rodata        0x000000000800f6fc        0xd Middlewares/Third_Party/FreeRTOS/Source/timers.o
 *(.rodata*)
 *fill*         0x000000000800f709        0x3 
 .rodata.face1  0x000000000800f70c      0x400 Core/Src/main.o
                0x000000000800f70c                face1
 .rodata.face2  0x000000000800fb0c      0x400 Core/Src/main.o
                0x000000000800fb0c                face2
 .rodata.face3  0x000000000800ff0c      0x400 Core/Src/main.o
                0x000000000800ff0c                face3
 .rodata.face4  0x000000000801030c      0x400 Core/Src/main.o
                0x000000000801030c                face4
 .rodata.face5  0x000000000801070c      0x400 Core/Src/main.o
                0x000000000801070c                face5
 .rodata.face6  0x0000000008010b0c      0x400 Core/Src/main.o
                0x0000000008010b0c                face6
 .rodata.defaultTask_attributes
                0x0000000008010f0c       0x24 Core/Src/main.o
                0x0000000008010f0c                defaultTask_attributes
 .rodata.AHBPrescTable
                0x0000000008010f30       0x10 Core/Src/system_stm32f4xx.o
                0x0000000008010f30                AHBPrescTable
 .rodata.APBPrescTable
                0x0000000008010f40        0x8 Core/Src/system_stm32f4xx.o
                0x0000000008010f40                APBPrescTable
                0x0000000008010f48                . = ALIGN (0x4)

.ARM.extab      0x0000000008010f48        0x0
                0x0000000008010f48                . = ALIGN (0x4)
 *(.ARM.extab* .gnu.linkonce.armextab.*)
                0x0000000008010f48                . = ALIGN (0x4)

.ARM            0x0000000008010f48        0x8
                0x0000000008010f48                . = ALIGN (0x4)
                0x0000000008010f48                __exidx_start = .
 *(.ARM.exidx*)
 .ARM.exidx     0x0000000008010f48        0x8 /opt/st/stm32cubeide_1.6.1/plugins/com.st.stm32cube.ide.mcu.externaltools.gnu-tools-for-stm32.9-2020-q2-update.linux64_1.5.0.202011040924/tools/bin/../lib/gcc/arm-none-eabi/9.3.1/thumb/v7e-m+fp/hard/libgcc.a(_udivmoddi4.o)
                0x0000000008010f50                __exidx_end = .
                0x0000000008010f50                . = ALIGN (0x4)

.rel.dyn        0x0000000008010f50        0x0
 .rel.iplt      0x0000000008010f50        0x0 /opt/st/stm32cubeide_1.6.1/plugins/com.st.stm32cube.ide.mcu.externaltools.gnu-tools-for-stm32.9-2020-q2-update.linux64_1.5.0.202011040924/tools/bin/../lib/gcc/arm-none-eabi/9.3.1/thumb/v7e-m+fp/hard/crtbegin.o

.preinit_array  0x0000000008010f50        0x0
                0x0000000008010f50                . = ALIGN (0x4)
                0x0000000008010f50                PROVIDE (__preinit_array_start = .)
 *(.preinit_array*)
                0x0000000008010f50                PROVIDE (__preinit_array_end = .)
                0x0000000008010f50                . = ALIGN (0x4)

.init_array     0x0000000008010f50        0x4
                0x0000000008010f50                . = ALIGN (0x4)
                0x0000000008010f50                PROVIDE (__init_array_start = .)
 *(SORT_BY_NAME(.init_array.*))
 *(.init_array*)
 .init_array    0x0000000008010f50        0x4 /opt/st/stm32cubeide_1.6.1/plugins/com.st.stm32cube.ide.mcu.externaltools.gnu-tools-for-stm32.9-2020-q2-update.linux64_1.5.0.202011040924/tools/bin/../lib/gcc/arm-none-eabi/9.3.1/thumb/v7e-m+fp/hard/crtbegin.o
                0x0000000008010f54                PROVIDE (__init_array_end = .)
                0x0000000008010f54                . = ALIGN (0x4)

.fini_array     0x0000000008010f54        0x4
                0x0000000008010f54                . = ALIGN (0x4)
                [!provide]                        PROVIDE (__fini_array_start = .)
 *(SORT_BY_NAME(.fini_array.*))
 *(.fini_array*)
 .fini_array    0x0000000008010f54        0x4 /opt/st/stm32cubeide_1.6.1/plugins/com.st.stm32cube.ide.mcu.externaltools.gnu-tools-for-stm32.9-2020-q2-update.linux64_1.5.0.202011040924/tools/bin/../lib/gcc/arm-none-eabi/9.3.1/thumb/v7e-m+fp/hard/crtbegin.o
                [!provide]                        PROVIDE (__fini_array_end = .)
                0x0000000008010f58                . = ALIGN (0x4)
                0x0000000008010f58                _sidata = LOADADDR (.data)

.data           0x0000000020000000       0x94 load address 0x0000000008010f58
                0x0000000020000000                . = ALIGN (0x4)
                0x0000000020000000                _sdata = .
 *(.data)
 *(.data*)
 .data.SystemCoreClock
                0x0000000020000000        0x4 Core/Src/system_stm32f4xx.o
                0x0000000020000000                SystemCoreClock
 .data.uwTickPrio
                0x0000000020000004        0x4 Drivers/STM32F4xx_HAL_Driver/Src/stm32f4xx_hal.o
                0x0000000020000004                uwTickPrio
 .data.uwTickFreq
                0x0000000020000008        0x1 Drivers/STM32F4xx_HAL_Driver/Src/stm32f4xx_hal.o
                0x0000000020000008                uwTickFreq
 *fill*         0x0000000020000009        0x3 
 .data.CDC_Class
                0x000000002000000c       0x20 Middlewares/ST/STM32_USB_Host_Library/Class/CDC/Src/usbh_cdc.o
                0x000000002000000c                CDC_Class
 .data.uxCriticalNesting
                0x000000002000002c        0x4 Middlewares/Third_Party/FreeRTOS/Source/portable/GCC/ARM_CM4F/port.o
 .data._impure_ptr
                0x0000000020000030        0x4 /opt/st/stm32cubeide_1.6.1/plugins/com.st.stm32cube.ide.mcu.externaltools.gnu-tools-for-stm32.9-2020-q2-update.linux64_1.5.0.202011040924/tools/bin/../lib/gcc/arm-none-eabi/9.3.1/../../../../arm-none-eabi/lib/thumb/v7e-m+fp/hard/libc_nano.a(lib_a-impure.o)
                0x0000000020000030                _impure_ptr
 .data.impure_data
                0x0000000020000034       0x60 /opt/st/stm32cubeide_1.6.1/plugins/com.st.stm32cube.ide.mcu.externaltools.gnu-tools-for-stm32.9-2020-q2-update.linux64_1.5.0.202011040924/tools/bin/../lib/gcc/arm-none-eabi/9.3.1/../../../../arm-none-eabi/lib/thumb/v7e-m+fp/hard/libc_nano.a(lib_a-impure.o)
 *(.RamFunc)
 *(.RamFunc*)
                0x0000000020000094                . = ALIGN (0x4)
                0x0000000020000094                _edata = .

.igot.plt       0x0000000020000094        0x0 load address 0x0000000008010fec
 .igot.plt      0x0000000020000094        0x0 /opt/st/stm32cubeide_1.6.1/plugins/com.st.stm32cube.ide.mcu.externaltools.gnu-tools-for-stm32.9-2020-q2-update.linux64_1.5.0.202011040924/tools/bin/../lib/gcc/arm-none-eabi/9.3.1/thumb/v7e-m+fp/hard/crtbegin.o
                0x0000000020000094                . = ALIGN (0x4)

.bss            0x0000000020000094     0x5734 load address 0x0000000008010fec
                0x0000000020000094                _sbss = .
                0x0000000020000094                __bss_start__ = _sbss
 *(.bss)
 .bss           0x0000000020000094       0x1c /opt/st/stm32cubeide_1.6.1/plugins/com.st.stm32cube.ide.mcu.externaltools.gnu-tools-for-stm32.9-2020-q2-update.linux64_1.5.0.202011040924/tools/bin/../lib/gcc/arm-none-eabi/9.3.1/thumb/v7e-m+fp/hard/crtbegin.o
 *(.bss*)
 .bss.timer_count
                0x00000000200000b0        0x1 Core/Src/bluetooth_helper.o
                0x00000000200000b0                timer_count
 .bss.buffer_index
                0x00000000200000b1        0x1 Core/Src/bluetooth_helper.o
                0x00000000200000b1                buffer_index
 *fill*         0x00000000200000b2        0x2 
 .bss.SSD1306_Buffer
                0x00000000200000b4      0x400 Core/Src/ssd1306.o
 .bss.SSD1306   0x00000000200004b4        0x6 Core/Src/ssd1306.o
 *fill*         0x00000000200004ba        0x2 
 .bss.__sbrk_heap_end
                0x00000000200004bc        0x4 Core/Src/sysmem.o
 .bss.KernelState
                0x00000000200004c0        0x4 Middlewares/Third_Party/FreeRTOS/Source/CMSIS_RTOS_V2/cmsis_os2.o
 .bss.Idle_TCB.10893
                0x00000000200004c4       0x5c Middlewares/Third_Party/FreeRTOS/Source/CMSIS_RTOS_V2/cmsis_os2.o
 .bss.Idle_Stack.10894
                0x0000000020000520      0x200 Middlewares/Third_Party/FreeRTOS/Source/CMSIS_RTOS_V2/cmsis_os2.o
 .bss.Timer_TCB.10900
                0x0000000020000720       0x5c Middlewares/Third_Party/FreeRTOS/Source/CMSIS_RTOS_V2/cmsis_os2.o
 .bss.Timer_Stack.10901
                0x000000002000077c      0x400 Middlewares/Third_Party/FreeRTOS/Source/CMSIS_RTOS_V2/cmsis_os2.o
 .bss.pxCurrentTCB
                0x0000000020000b7c        0x4 Middlewares/Third_Party/FreeRTOS/Source/tasks.o
                0x0000000020000b7c                pxCurrentTCB
 .bss.pxReadyTasksLists
                0x0000000020000b80      0x460 Middlewares/Third_Party/FreeRTOS/Source/tasks.o
 .bss.xDelayedTaskList1
                0x0000000020000fe0       0x14 Middlewares/Third_Party/FreeRTOS/Source/tasks.o
 .bss.xDelayedTaskList2
                0x0000000020000ff4       0x14 Middlewares/Third_Party/FreeRTOS/Source/tasks.o
 .bss.pxDelayedTaskList
                0x0000000020001008        0x4 Middlewares/Third_Party/FreeRTOS/Source/tasks.o
 .bss.pxOverflowDelayedTaskList
                0x000000002000100c        0x4 Middlewares/Third_Party/FreeRTOS/Source/tasks.o
 .bss.xPendingReadyList