Archive member included to satisfy reference by file (symbol)

/opt/st/stm32cubeide_1.6.1/plugins/com.st.stm32cube.ide.mcu.externaltools.gnu-tools-for-stm32.9-2020-q2-update.linux64_1.5.0.202011040924/tools/bin/../lib/gcc/arm-none-eabi/9.3.1/../../../../arm-none-eabi/lib/thumb/v7e-m+fp/hard/libc_nano.a(lib_a-errno.o)
                              Core/Src/syscalls.o (__errno)
/opt/st/stm32cubeide_1.6.1/plugins/com.st.stm32cube.ide.mcu.externaltools.gnu-tools-for-stm32.9-2020-q2-update.linux64_1.5.0.202011040924/tools/bin/../lib/gcc/arm-none-eabi/9.3.1/../../../../arm-none-eabi/lib/thumb/v7e-m+fp/hard/libc_nano.a(lib_a-exit.o)
                              /opt/st/stm32cubeide_1.6.1/plugins/com.st.stm32cube.ide.mcu.externaltools.gnu-tools-for-stm32.9-2020-q2-update.linux64_1.5.0.202011040924/tools/bin/../lib/gcc/arm-none-eabi/9.3.1/../../../../arm-none-eabi/lib/thumb/v7e-m+fp/hard/crt0.o (exit)
/opt/st/stm32cubeide_1.6.1/plugins/com.st.stm32cube.ide.mcu.externaltools.gnu-tools-for-stm32.9-2020-q2-update.linux64_1.5.0.202011040924/tools/bin/../lib/gcc/arm-none-eabi/9.3.1/../../../../arm-none-eabi/lib/thumb/v7e-m+fp/hard/libc_nano.a(lib_a-impure.o)
                              /opt/st/stm32cubeide_1.6.1/plugins/com.st.stm32cube.ide.mcu.externaltools.gnu-tools-for-stm32.9-2020-q2-update.linux64_1.5.0.202011040924/tools/bin/../lib/gcc/arm-none-eabi/9.3.1/../../../../arm-none-eabi/lib/thumb/v7e-m+fp/hard/libc_nano.a(lib_a-exit.o) (_global_impure_ptr)
/opt/st/stm32cubeide_1.6.1/plugins/com.st.stm32cube.ide.mcu.externaltools.gnu-tools-for-stm32.9-2020-q2-update.linux64_1.5.0.202011040924/tools/bin/../lib/gcc/arm-none-eabi/9.3.1/../../../../arm-none-eabi/lib/thumb/v7e-m+fp/hard/libc_nano.a(lib_a-init.o)
                              /opt/st/stm32cubeide_1.6.1/plugins/com.st.stm32cube.ide.mcu.externaltools.gnu-tools-for-stm32.9-2020-q2-update.linux64_1.5.0.202011040924/tools/bin/../lib/gcc/arm-none-eabi/9.3.1/../../../../arm-none-eabi/lib/thumb/v7e-m+fp/hard/crt0.o (__libc_init_array)
/opt/st/stm32cubeide_1.6.1/plugins/com.st.stm32cube.ide.mcu.externaltools.gnu-tools-for-stm32.9-2020-q2-update.linux64_1.5.0.202011040924/tools/bin/../lib/gcc/arm-none-eabi/9.3.1/../../../../arm-none-eabi/lib/thumb/v7e-m+fp/hard/libc_nano.a(lib_a-malloc.o)
                              Middlewares/ST/STM32_USB_Host_Library/Class/CDC/Src/usbh_cdc.o (malloc)
/opt/st/stm32cubeide_1.6.1/plugins/com.st.stm32cube.ide.mcu.externaltools.gnu-tools-for-stm32.9-2020-q2-update.linux64_1.5.0.202011040924/tools/bin/../lib/gcc/arm-none-eabi/9.3.1/../../../../arm-none-eabi/lib/thumb/v7e-m+fp/hard/libc_nano.a(lib_a-memcpy-stub.o)
                              Middlewares/Third_Party/FreeRTOS/Source/CMSIS_RTOS_V2/cmsis_os2.o (memcpy)
/opt/st/stm32cubeide_1.6.1/plugins/com.st.stm32cube.ide.mcu.externaltools.gnu-tools-for-stm32.9-2020-q2-update.linux64_1.5.0.202011040924/tools/bin/../lib/gcc/arm-none-eabi/9.3.1/../../../../arm-none-eabi/lib/thumb/v7e-m+fp/hard/libc_nano.a(lib_a-memset.o)
                              /opt/st/stm32cubeide_1.6.1/plugins/com.st.stm32cube.ide.mcu.externaltools.gnu-tools-for-stm32.9-2020-q2-update.linux64_1.5.0.202011040924/tools/bin/../lib/gcc/arm-none-eabi/9.3.1/../../../../arm-none-eabi/lib/thumb/v7e-m+fp/hard/crt0.o (memset)
/opt/st/stm32cubeide_1.6.1/plugins/com.st.stm32cube.ide.mcu.externaltools.gnu-tools-for-stm32.9-2020-q2-update.linux64_1.5.0.202011040924/tools/bin/../lib/gcc/arm-none-eabi/9.3.1/../../../../arm-none-eabi/lib/thumb/v7e-m+fp/hard/libc_nano.a(lib_a-nano-freer.o)
                              /opt/st/stm32cubeide_1.6.1/plugins/com.st.stm32cube.ide.mcu.externaltools.gnu-tools-for-stm32.9-2020-q2-update.linux64_1.5.0.202011040924/tools/bin/../lib/gcc/arm-none-eabi/9.3.1/../../../../arm-none-eabi/lib/thumb/v7e-m+fp/hard/libc_nano.a(lib_a-malloc.o) (_free_r)
/opt/st/stm32cubeide_1.6.1/plugins/com.st.stm32cube.ide.mcu.externaltools.gnu-tools-for-stm32.9-2020-q2-update.linux64_1.5.0.202011040924/tools/bin/../lib/gcc/arm-none-eabi/9.3.1/../../../../arm-none-eabi/lib/thumb/v7e-m+fp/hard/libc_nano.a(lib_a-nano-mallocr.o)
                              /opt/st/stm32cubeide_1.6.1/plugins/com.st.stm32cube.ide.mcu.externaltools.gnu-tools-for-stm32.9-2020-q2-update.linux64_1.5.0.202011040924/tools/bin/../lib/gcc/arm-none-eabi/9.3.1/../../../../arm-none-eabi/lib/thumb/v7e-m+fp/hard/libc_nano.a(lib_a-malloc.o) (_malloc_r)
/opt/st/stm32cubeide_1.6.1/plugins/com.st.stm32cube.ide.mcu.externaltools.gnu-tools-for-stm32.9-2020-q2-update.linux64_1.5.0.202011040924/tools/bin/../lib/gcc/arm-none-eabi/9.3.1/../../../../arm-none-eabi/lib/thumb/v7e-m+fp/hard/libc_nano.a(lib_a-sbrkr.o)
                              /opt/st/stm32cubeide_1.6.1/plugins/com.st.stm32cube.ide.mcu.externaltools.gnu-tools-for-stm32.9-2020-q2-update.linux64_1.5.0.202011040924/tools/bin/../lib/gcc/arm-none-eabi/9.3.1/../../../../arm-none-eabi/lib/thumb/v7e-m+fp/hard/libc_nano.a(lib_a-nano-mallocr.o) (_sbrk_r)
[...]
Memory Configuration

Name             Origin             Length             Attributes
CCMRAM           0x0000000010000000 0x0000000000010000 xrw
RAM              0x0000000020000000 0x0000000000020000 xrw
FLASH            0x0000000008000000 0x0000000000100000 xr
*default*        0x0000000000000000 0xffffffffffffffff

Linker script and memory map

LOAD /opt/st/stm32cubeide_1.6.1/plugins/com.st.stm32cube.ide.mcu.externaltools.gnu-tools-for-stm32.9-2020-q2-update.linux64_1.5.0.202011040924/tools/bin/../lib/gcc/arm-none-eabi/9.3.1/thumb/v7e-m+fp/hard/crti.o
LOAD /opt/st/stm32cubeide_1.6.1/plugins/com.st.stm32cube.ide.mcu.externaltools.gnu-tools-for-stm32.9-2020-q2-update.linux64_1.5.0.202011040924/tools/bin/../lib/gcc/arm-none-eabi/9.3.1/thumb/v7e-m+fp/hard/crtbegin.o
LOAD /opt/st/stm32cubeide_1.6.1/plugins/com.st.stm32cube.ide.mcu.externaltools.gnu-tools-for-stm32.9-2020-q2-update.linux64_1.5.0.202011040924/tools/bin/../lib/gcc/arm-none-eabi/9.3.1/../../../../arm-none-eabi/lib/thumb/v7e-m+fp/hard/crt0.o
LOAD Core/Src/fonts.o
LOAD Core/Src/freertos.o
LOAD Core/Src/main.o
LOAD Core/Src/pca9685.o
LOAD Core/Src/ssd1306.o
LOAD Core/Src/stm32f4xx_hal_msp.o
LOAD Core/Src/stm32f4xx_hal_timebase_tim.o
LOAD Core/Src/stm32f4xx_it.o
LOAD Core/Src/syscalls.o
LOAD Core/Src/sysmem.o
LOAD Core/Src/system_stm32f4xx.o
LOAD Core/Src/test.o
LOAD Core/Startup/startup_stm32f407vgtx.o
LOAD Drivers/STM32F4xx_HAL_Driver/Src/stm32f4xx_hal.o
LOAD Drivers/STM32F4xx_HAL_Driver/Src/stm32f4xx_hal_cortex.o
LOAD Drivers/STM32F4xx_HAL_Driver/Src/stm32f4xx_hal_dma.o
LOAD Drivers/STM32F4xx_HAL_Driver/Src/stm32f4xx_hal_dma_ex.o
LOAD Drivers/STM32F4xx_HAL_Driver/Src/stm32f4xx_hal_exti.o
LOAD Drivers/STM32F4xx_HAL_Driver/Src/stm32f4xx_hal_flash.o
LOAD Drivers/STM32F4xx_HAL_Driver/Src/stm32f4xx_hal_flash_ex.o
LOAD Drivers/STM32F4xx_HAL_Driver/Src/stm32f4xx_hal_flash_ramfunc.o
LOAD Drivers/STM32F4xx_HAL_Driver/Src/stm32f4xx_hal_gpio.o
LOAD Drivers/STM32F4xx_HAL_Driver/Src/stm32f4xx_hal_hcd.o
LOAD Drivers/STM32F4xx_HAL_Driver/Src/stm32f4xx_hal_i2c.o
LOAD Drivers/STM32F4xx_HAL_Driver/Src/stm32f4xx_hal_i2c_ex.o
LOAD Drivers/STM32F4xx_HAL_Driver/Src/stm32f4xx_hal_i2s.o
LOAD Drivers/STM32F4xx_HAL_Driver/Src/stm32f4xx_hal_i2s_ex.o
LOAD Drivers/STM32F4xx_HAL_Driver/Src/stm32f4xx_hal_pwr.o
LOAD Drivers/STM32F4xx_HAL_Driver/Src/stm32f4xx_hal_pwr_ex.o
LOAD Drivers/STM32F4xx_HAL_Driver/Src/stm32f4xx_hal_rcc.o
LOAD Drivers/STM32F4xx_HAL_Driver/Src/stm32f4xx_hal_rcc_ex.o
LOAD Drivers/STM32F4xx_HAL_Driver/Src/stm32f4xx_hal_spi.o
LOAD Drivers/STM32F4xx_HAL_Driver/Src/stm32f4xx_hal_tim.o
LOAD Drivers/STM32F4xx_HAL_Driver/Src/stm32f4xx_hal_tim_ex.o
LOAD Drivers/STM32F4xx_HAL_Driver/Src/stm32f4xx_hal_uart.o
LOAD Drivers/STM32F4xx_HAL_Driver/Src/stm32f4xx_ll_usb.o
LOAD Middlewares/ST/STM32_USB_Host_Library/Class/CDC/Src/usbh_cdc.o
LOAD Middlewares/ST/STM32_USB_Host_Library/Core/Src/usbh_core.o
LOAD Middlewares/ST/STM32_USB_Host_Library/Core/Src/usbh_ctlreq.o
LOAD Middlewares/ST/STM32_USB_Host_Library/Core/Src/usbh_ioreq.o
LOAD Middlewares/ST/STM32_USB_Host_Library/Core/Src/usbh_pipes.o
LOAD Middlewares/Third_Party/FreeRTOS/Source/CMSIS_RTOS_V2/cmsis_os2.o
LOAD Middlewares/Third_Party/FreeRTOS/Source/croutine.o
LOAD Middlewares/Third_Party/FreeRTOS/Source/event_groups.o
LOAD Middlewares/Third_Party/FreeRTOS/Source/list.o
LOAD Middlewares/Third_Party/FreeRTOS/Source/queue.o
LOAD Middlewares/Third_Party/FreeRTOS/Source/stream_buffer.o
LOAD Middlewares/Third_Party/FreeRTOS/Source/tasks.o
LOAD Middlewares/Third_Party/FreeRTOS/Source/timers.o
LOAD Middlewares/Third_Party/FreeRTOS/Source/portable/GCC/ARM_CM4F/port.o
LOAD Middlewares/Third_Party/FreeRTOS/Source/portable/MemMang/heap_4.o
LOAD USB_HOST/App/usb_host.o
LOAD USB_HOST/Target/usbh_conf.o
LOAD USB_HOST/Target/usbh_platform.o
START GROUP
LOAD /opt/st/stm32cubeide_1.6.1/plugins/com.st.stm32cube.ide.mcu.externaltools.gnu-tools-for-stm32.9-2020-q2-update.linux64_1.5.0.202011040924/tools/bin/../lib/gcc/arm-none-eabi/9.3.1/../../../../arm-none-eabi/lib/thumb/v7e-m+fp/hard/libc_nano.a
LOAD /opt/st/stm32cubeide_1.6.1/plugins/com.st.stm32cube.ide.mcu.externaltools.gnu-tools-for-stm32.9-2020-q2-update.linux64_1.5.0.202011040924/tools/bin/../lib/gcc/arm-none-eabi/9.3.1/../../../../arm-none-eabi/lib/thumb/v7e-m+fp/hard/libm.a
END GROUP
START GROUP
LOAD /opt/st/stm32cubeide_1.6.1/plugins/com.st.stm32cube.ide.mcu.externaltools.gnu-tools-for-stm32.9-2020-q2-update.linux64_1.5.0.202011040924/tools/bin/../lib/gcc/arm-none-eabi/9.3.1/thumb/v7e-m+fp/hard/libgcc.a
LOAD /opt/st/stm32cubeide_1.6.1/plugins/com.st.stm32cube.ide.mcu.externaltools.gnu-tools-for-stm32.9-2020-q2-update.linux64_1.5.0.202011040924/tools/bin/../lib/gcc/arm-none-eabi/9.3.1/../../../../arm-none-eabi/lib/thumb/v7e-m+fp/hard/libc_nano.a
END GROUP
START GROUP
LOAD /opt/st/stm32cubeide_1.6.1/plugins/com.st.stm32cube.ide.mcu.externaltools.gnu-tools-for-stm32.9-2020-q2-update.linux64_1.5.0.202011040924/tools/bin/../lib/gcc/arm-none-eabi/9.3.1/thumb/v7e-m+fp/hard/libgcc.a
LOAD /opt/st/stm32cubeide_1.6.1/plugins/com.st.stm32cube.ide.mcu.externaltools.gnu-tools-for-stm32.9-2020-q2-update.linux64_1.5.0.202011040924/tools/bin/../lib/gcc/arm-none-eabi/9.3.1/../../../../arm-none-eabi/lib/thumb/v7e-m+fp/hard/libc_nano.a
LOAD /opt/st/stm32cubeide_1.6.1/plugins/com.st.stm32cube.ide.mcu.externaltools.gnu-tools-for-stm32.9-2020-q2-update.linux64_1.5.0.202011040924/tools/bin/../lib/gcc/arm-none-eabi/9.3.1/../../../../arm-none-eabi/lib/thumb/v7e-m+fp/hard/libnosys.a
END GROUP
START GROUP
LOAD /opt/st/stm32cubeide_1.6.1/plugins/com.st.stm32cube.ide.mcu.externaltools.gnu-tools-for-stm32.9-2020-q2-update.linux64_1.5.0.202011040924/tools/bin/../lib/gcc/arm-none-eabi/9.3.1/thumb/v7e-m+fp/hard/libgcc.a
LOAD /opt/st/stm32cubeide_1.6.1/plugins/com.st.stm32cube.ide.mcu.externaltools.gnu-tools-for-stm32.9-2020-q2-update.linux64_1.5.0.202011040924/tools/bin/../lib/gcc/arm-none-eabi/9.3.1/../../../../arm-none-eabi/lib/thumb/v7e-m+fp/hard/libc_nano.a
LOAD /opt/st/stm32cubeide_1.6.1/plugins/com.st.stm32cube.ide.mcu.externaltools.gnu-tools-for-stm32.9-2020-q2-update.linux64_1.5.0.202011040924/tools/bin/../lib/gcc/arm-none-eabi/9.3.1/../../../../arm-none-eabi/lib/thumb/v7e-m+fp/hard/libnosys.a
END GROUP
LOAD /opt/st/stm32cubeide_1.6.1/plugins/com.st.stm32cube.ide.mcu.externaltools.gnu-tools-for-stm32.9-2020-q2-update.linux64_1.5.0.202011040924/tools/bin/../lib/gcc/arm-none-eabi/9.3.1/thumb/v7e-m+fp/hard/crtend.o
LOAD /opt/st/stm32cubeide_1.6.1/plugins/com.st.stm32cube.ide.mcu.externaltools.gnu-tools-for-stm32.9-2020-q2-update.linux64_1.5.0.202011040924/tools/bin/../lib/gcc/arm-none-eabi/9.3.1/thumb/v7e-m+fp/hard/crtn.o
                0x0000000020020000                _estack = (ORIGIN (RAM) + LENGTH (RAM))
                0x0000000000000200                _Min_Heap_Size = 0x200
                0x0000000000000400                _Min_Stack_Size = 0x400

.isr_vector     0x0000000008000000      0x188
                0x0000000008000000                . = ALIGN (0x4)
 *(.isr_vector)
 .isr_vector    0x0000000008000000      0x188 Core/Startup/startup_stm32f407vgtx.o
                0x0000000008000000                g_pfnVectors
                0x0000000008000188                . = ALIGN (0x4)

.text           0x0000000008000190     0xe938
                0x0000000008000190                . = ALIGN (0x4)
 *(.text)
 .text          0x0000000008000190       0x40 /opt/st/stm32cubeide_1.6.1/plugins/com.st.stm32cube.ide.mcu.externaltools.gnu-tools-for-stm32.9-2020-q2-update.linux64_1.5.0.202011040924/tools/bin/../lib/gcc/arm-none-eabi/9.3.1/thumb/v7e-m+fp/hard/crtbegin.o
 .text          0x00000000080001d0      0x378 /opt/st/stm32cubeide_1.6.1/plugins/com.st.stm32cube.ide.mcu.externaltools.gnu-tools-for-stm32.9-2020-q2-update.linux64_1.5.0.202011040924/tools/bin/../lib/gcc/arm-none-eabi/9.3.1/thumb/v7e-m+fp/hard/libgcc.a(_arm_addsubdf3.o)
                0x00000000080001d0                __aeabi_drsub
                0x00000000080001d8                __aeabi_dsub
                0x00000000080001d8                __subdf3
                0x00000000080001dc                __adddf3
                0x00000000080001dc                __aeabi_dadd
                0x0000000008000454                __aeabi_ui2d
                0x0000000008000454                __floatunsidf
                0x0000000008000474                __floatsidf
                0x0000000008000474                __aeabi_i2d
                0x0000000008000498                __extendsfdf2
                0x0000000008000498                __aeabi_f2d
                0x00000000080004dc                __aeabi_ul2d
                0x00000000080004dc                __floatundidf
                0x00000000080004ec                __floatdidf
                0x00000000080004ec                __aeabi_l2d
 .text          0x0000000008000548      0x424 /opt/st/stm32cubeide_1.6.1/plugins/com.st.stm32cube.ide.mcu.externaltools.gnu-tools-for-stm32.9-2020-q2-update.linux64_1.5.0.202011040924/tools/bin/../lib/gcc/arm-none-eabi/9.3.1/thumb/v7e-m+fp/hard/libgcc.a(_arm_muldivdf3.o)
                0x0000000008000548                __aeabi_dmul
                0x0000000008000548                __muldf3
                0x000000000800079c                __aeabi_ddiv
                0x000000000800079c                __divdf3
 .text          0x000000000800096c      0x110 /opt/st/stm32cubeide_1.6.1/plugins/com.st.stm32cube.ide.mcu.externaltools.gnu-tools-for-stm32.9-2020-q2-update.linux64_1.5.0.202011040924/tools/bin/../lib/gcc/arm-none-eabi/9.3.1/thumb/v7e-m+fp/hard/libgcc.a(_arm_cmpdf2.o)
                0x000000000800096c                __gtdf2
                0x000000000800096c                __gedf2
                0x0000000008000974                __ltdf2
                0x0000000008000974                __ledf2
                0x000000000800097c                __cmpdf2
                0x000000000800097c                __eqdf2
                0x000000000800097c                __nedf2
                0x00000000080009f8                __aeabi_cdrcmple
                0x0000000008000a08                __aeabi_cdcmple
                0x0000000008000a08                __aeabi_cdcmpeq
                0x0000000008000a18                __aeabi_dcmpeq
                0x0000000008000a2c                __aeabi_dcmplt
                0x0000000008000a40                __aeabi_dcmple
                0x0000000008000a54                __aeabi_dcmpge
                0x0000000008000a68                __aeabi_dcmpgt
 .text          0x0000000008000a7c       0x40 /opt/st/stm32cubeide_1.6.1/plugins/com.st.stm32cube.ide.mcu.externaltools.gnu-tools-for-stm32.9-2020-q2-update.linux64_1.5.0.202011040924/tools/bin/../lib/gcc/arm-none-eabi/9.3.1/thumb/v7e-m+fp/hard/libgcc.a(_arm_fixunsdfsi.o)
                0x0000000008000a7c                __fixunsdfsi
                0x0000000008000a7c                __aeabi_d2uiz
 .text          0x0000000008000abc       0xa0 /opt/st/stm32cubeide_1.6.1/plugins/com.st.stm32cube.ide.mcu.externaltools.gnu-tools-for-stm32.9-2020-q2-update.linux64_1.5.0.202011040924/tools/bin/../lib/gcc/arm-none-eabi/9.3.1/thumb/v7e-m+fp/hard/libgcc.a(_arm_truncdfsf2.o)
                0x0000000008000abc                __aeabi_d2f
                0x0000000008000abc                __truncdfsf2
 .text          0x0000000008000b5c       0x30 /opt/st/stm32cubeide_1.6.1/plugins/com.st.stm32cube.ide.mcu.externaltools.gnu-tools-for-stm32.9-2020-q2-update.linux64_1.5.0.202011040924/tools/bin/../lib/gcc/arm-none-eabi/9.3.1/thumb/v7e-m+fp/hard/libgcc.a(_aeabi_uldivmod.o)
                0x0000000008000b5c                __aeabi_uldivmod
 .text          0x0000000008000b8c      0x2c4 /opt/st/stm32cubeide_1.6.1/plugins/com.st.stm32cube.ide.mcu.externaltools.gnu-tools-for-stm32.9-2020-q2-update.linux64_1.5.0.202011040924/tools/bin/../lib/gcc/arm-none-eabi/9.3.1/thumb/v7e-m+fp/hard/libgcc.a(_udivmoddi4.o)
                0x0000000008000b8c                __udivmoddi4
 .text          0x0000000008000e50        0x4 /opt/st/stm32cubeide_1.6.1/plugins/com.st.stm32cube.ide.mcu.externaltools.gnu-tools-for-stm32.9-2020-q2-update.linux64_1.5.0.202011040924/tools/bin/../lib/gcc/arm-none-eabi/9.3.1/thumb/v7e-m+fp/hard/libgcc.a(_dvmd_tls.o)
                0x0000000008000e50                __aeabi_ldiv0
                0x0000000008000e50                __aeabi_idiv0
 *(.text*)
 .text.start_normal
                0x0000000008000e54       0xb0 Core/Src/main.o
                0x0000000008000e54                start_normal
 .text.faces    0x0000000008000f04      0x104 Core/Src/main.o
                0x0000000008000f04                faces
 .text.main     0x0000000008001008       0x98 Core/Src/main.o
                0x0000000008001008                main
 .text.SystemClock_Config
                0x00000000080010a0      0x104 Core/Src/main.o
                0x00000000080010a0                SystemClock_Config
 .text.MX_I2C1_Init
                0x00000000080011a4       0x5c Core/Src/main.o
 .text.MX_I2C3_Init
                0x0000000008001200       0x5c Core/Src/main.o
 .text.MX_I2S3_Init
                0x000000000800125c       0x60 Core/Src/main.o
 .text.MX_SPI1_Init
                0x00000000080012bc       0x6c Core/Src/main.o
 .text.MX_USART2_UART_Init
                0x0000000008001328       0x54 Core/Src/main.o
 .text.MX_GPIO_Init
                0x000000000800137c      0x1fc Core/Src/main.o
 .text.StartDefaultTask
                0x0000000008001578       0x14 Core/Src/main.o
                0x0000000008001578                StartDefaultTask
 .text.HAL_TIM_PeriodElapsedCallback
                0x000000000800158c       0x24 Core/Src/main.o
                0x000000000800158c                HAL_TIM_PeriodElapsedCallback
 .text.Error_Handler
                0x00000000080015b0        0xa Core/Src/main.o
                0x00000000080015b0                Error_Handler
 *fill*         0x00000000080015ba        0x2 
 .text.PCA9685_SetBit
                0x00000000080015bc       0xb4 Core/Src/pca9685.o
                0x00000000080015bc                PCA9685_SetBit
 .text.PCA9685_SoftwareReset
                0x0000000008001670       0x34 Core/Src/pca9685.o
                0x0000000008001670                PCA9685_SoftwareReset
 .text.PCA9685_SleepMode
                0x00000000080016a4       0x20 Core/Src/pca9685.o
                0x00000000080016a4                PCA9685_SleepMode
 .text.PCA9685_RestartMode
                0x00000000080016c4       0x20 Core/Src/pca9685.o
                0x00000000080016c4                PCA9685_RestartMode
 .text.PCA9685_AutoIncrement
                0x00000000080016e4       0x20 Core/Src/pca9685.o
                0x00000000080016e4                PCA9685_AutoIncrement
 *fill*         0x0000000008001704        0x4 
 .text.PCA9685_SetPwmFrequency
                0x0000000008001708       0xf8 Core/Src/pca9685.o
                0x0000000008001708                PCA9685_SetPwmFrequency
 .text.PCA9685_SetPwm
                0x0000000008001800       0x74 Core/Src/pca9685.o
                0x0000000008001800                PCA9685_SetPwm
 .text.PCA9685_SetPin
                0x0000000008001874       0xbc Core/Src/pca9685.o
                0x0000000008001874                PCA9685_SetPin
 .text.PCA9685_SetServoAngle
                0x0000000008001930       0xb8 Core/Src/pca9685.o
                0x0000000008001930                PCA9685_SetServoAngle
 .text.PCA9685_Init
                0x00000000080019e8       0x2c Core/Src/pca9685.o
                0x00000000080019e8                PCA9685_Init
 .text.SSD1306_DrawBitmap
                0x0000000008001a14       0xd0 Core/Src/ssd1306.o
                0x0000000008001a14                SSD1306_DrawBitmap
 .text.SSD1306_Init
                0x0000000008001ae4      0x188 Core/Src/ssd1306.o
                0x0000000008001ae4                SSD1306_Init
 .text.SSD1306_UpdateScreen
                0x0000000008001c6c       0x5c Core/Src/ssd1306.o
                0x0000000008001c6c                SSD1306_UpdateScreen
 .text.SSD1306_Fill
                0x0000000008001cc8       0x30 Core/Src/ssd1306.o
                0x0000000008001cc8                SSD1306_Fill
 .text.SSD1306_DrawPixel
                0x0000000008001cf8       0xc0 Core/Src/ssd1306.o
                0x0000000008001cf8                SSD1306_DrawPixel
 .text.SSD1306_Clear
                0x0000000008001db8       0x12 Core/Src/ssd1306.o
                0x0000000008001db8                SSD1306_Clear
 *fill*         0x0000000008001dca        0x2 
 .text.ssd1306_I2C_Init
                0x0000000008001dcc       0x2c Core/Src/ssd1306.o
                0x0000000008001dcc                ssd1306_I2C_Init
 .text.ssd1306_I2C_WriteMulti
                0x0000000008001df8       0x90 Core/Src/ssd1306.o
                0x0000000008001df8                ssd1306_I2C_WriteMulti
 .text.ssd1306_I2C_Write
                0x0000000008001e88       0x3c Core/Src/ssd1306.o
                0x0000000008001e88                ssd1306_I2C_Write
 .text.HAL_MspInit
                0x0000000008001ec4       0x68 Core/Src/stm32f4xx_hal_msp.o
                0x0000000008001ec4                HAL_MspInit
 .text.HAL_I2C_MspInit
                0x0000000008001f2c      0x140 Core/Src/stm32f4xx_hal_msp.o
                0x0000000008001f2c                HAL_I2C_MspInit
 .text.HAL_I2S_MspInit
                0x000000000800206c       0xd0 Core/Src/stm32f4xx_hal_msp.o
                0x000000000800206c                HAL_I2S_MspInit
 .text.HAL_SPI_MspInit
                0x000000000800213c       0x90 Core/Src/stm32f4xx_hal_msp.o
                0x000000000800213c                HAL_SPI_MspInit
 .text.HAL_UART_MspInit
                0x00000000080021cc       0xa0 Core/Src/stm32f4xx_hal_msp.o
                0x00000000080021cc                HAL_UART_MspInit
 .text.HAL_InitTick
                0x000000000800226c       0xb4 Core/Src/stm32f4xx_hal_timebase_tim.o
                0x000000000800226c                HAL_InitTick
 .text.NMI_Handler
                0x0000000008002320        0x6 Core/Src/stm32f4xx_it.o
                0x0000000008002320                NMI_Handler
 .text.HardFault_Handler
                0x0000000008002326        0x6 Core/Src/stm32f4xx_it.o
                0x0000000008002326                HardFault_Handler
 .text.MemManage_Handler
                0x000000000800232c        0x6 Core/Src/stm32f4xx_it.o
                0x000000000800232c                MemManage_Handler
 .text.BusFault_Handler
                0x0000000008002332        0x6 Core/Src/stm32f4xx_it.o
                0x0000000008002332                BusFault_Handler
 .text.UsageFault_Handler
                0x0000000008002338        0x6 Core/Src/stm32f4xx_it.o
                0x0000000008002338                UsageFault_Handler
 .text.DebugMon_Handler
                0x000000000800233e        0xe Core/Src/stm32f4xx_it.o
                0x000000000800233e                DebugMon_Handler
 .text.RCC_IRQHandler
                0x000000000800234c        0xe Core/Src/stm32f4xx_it.o
                0x000000000800234c                RCC_IRQHandler
 *fill*         0x000000000800235a        0x2 
 .text.USART2_IRQHandler
                0x000000000800235c       0x14 Core/Src/stm32f4xx_it.o
                0x000000000800235c                USART2_IRQHandler
 .text.TIM6_DAC_IRQHandler
                0x0000000008002370       0x14 Core/Src/stm32f4xx_it.o
                0x0000000008002370                TIM6_DAC_IRQHandler
 .text.OTG_FS_IRQHandler
                0x0000000008002384       0x14 Core/Src/stm32f4xx_it.o
                0x0000000008002384                OTG_FS_IRQHandler
 .text._sbrk    0x0000000008002398       0x6c Core/Src/sysmem.o
                0x0000000008002398                _sbrk
 .text.SystemInit
                0x0000000008002404       0x24 Core/Src/system_stm32f4xx.o
                0x0000000008002404                SystemInit
 .text.Reset_Handler
                0x0000000008002428       0x50 Core/Startup/startup_stm32f407vgtx.o
                0x0000000008002428                Reset_Handler
 .text.Default_Handler
                0x0000000008002478        0x2 Core/Startup/startup_stm32f407vgtx.o
                0x0000000008002478                RTC_Alarm_IRQHandler
                0x0000000008002478                HASH_RNG_IRQHandler
                0x0000000008002478                EXTI2_IRQHandler
                0x0000000008002478                TIM8_CC_IRQHandler
                0x0000000008002478                TIM1_CC_IRQHandler
                0x0000000008002478                DMA2_Stream5_IRQHandler
                0x0000000008002478                DMA1_Stream5_IRQHandler
                0x0000000008002478                PVD_IRQHandler
                0x0000000008002478                SDIO_IRQHandler
                0x0000000008002478                TAMP_STAMP_IRQHandler
                0x0000000008002478                CAN2_RX1_IRQHandler
                0x0000000008002478                EXTI3_IRQHandler
                0x0000000008002478                TIM8_TRG_COM_TIM14_IRQHandler
                0x0000000008002478                TIM1_UP_TIM10_IRQHandler
                0x0000000008002478                TIM8_UP_TIM13_IRQHandler
                0x0000000008002478                I2C3_ER_IRQHandler
                0x0000000008002478                EXTI0_IRQHandler
                0x0000000008002478                I2C2_EV_IRQHandler
                0x0000000008002478                DMA1_Stream2_IRQHandler
                0x0000000008002478                CAN1_RX0_IRQHandler
                0x0000000008002478                FPU_IRQHandler
                0x0000000008002478                OTG_HS_WKUP_IRQHandler
                0x0000000008002478                CAN2_SCE_IRQHandler
                0x0000000008002478                DMA2_Stream2_IRQHandler
                0x0000000008002478                SPI1_IRQHandler
                0x0000000008002478                TIM1_BRK_TIM9_IRQHandler
                0x0000000008002478                DCMI_IRQHandler
                0x0000000008002478                CAN2_RX0_IRQHandler
                0x0000000008002478                DMA2_Stream3_IRQHandler
                0x0000000008002478                USART6_IRQHandler
                0x0000000008002478                USART3_IRQHandler
                0x0000000008002478                CAN1_RX1_IRQHandler
                0x0000000008002478                UART5_IRQHandler
                0x0000000008002478                DMA2_Stream0_IRQHandler
                0x0000000008002478                TIM4_IRQHandler
                0x0000000008002478                I2C1_EV_IRQHandler
                0x0000000008002478                DMA1_Stream6_IRQHandler
                0x0000000008002478                DMA1_Stream1_IRQHandler
                0x0000000008002478                UART4_IRQHandler
                0x0000000008002478                TIM3_IRQHandler
                0x0000000008002478                TIM8_BRK_TIM12_IRQHandler
                0x0000000008002478                Default_Handler
                0x0000000008002478                EXTI15_10_IRQHandler
                0x0000000008002478                ADC_IRQHandler
                0x0000000008002478                DMA1_Stream7_IRQHandler
                0x0000000008002478                TIM7_IRQHandler
                0x0000000008002478                CAN2_TX_IRQHandler
                0x0000000008002478                TIM5_IRQHandler
                0x0000000008002478                DMA2_Stream7_IRQHandler
                0x0000000008002478                I2C3_EV_IRQHandler
                0x0000000008002478                EXTI9_5_IRQHandler
                0x0000000008002478                RTC_WKUP_IRQHandler
                0x0000000008002478                ETH_WKUP_IRQHandler
                0x0000000008002478                SPI2_IRQHandler
                0x0000000008002478                OTG_HS_EP1_IN_IRQHandler
                0x0000000008002478                DMA1_Stream0_IRQHandler
                0x0000000008002478                CAN1_TX_IRQHandler
                0x0000000008002478                EXTI4_IRQHandler
                0x0000000008002478                FSMC_IRQHandler
                0x0000000008002478                ETH_IRQHandler
                0x0000000008002478                OTG_HS_EP1_OUT_IRQHandler
                0x0000000008002478                WWDG_IRQHandler
                0x0000000008002478                TIM2_IRQHandler
                0x0000000008002478                OTG_FS_WKUP_IRQHandler
                0x0000000008002478                TIM1_TRG_COM_TIM11_IRQHandler
                0x0000000008002478                OTG_HS_IRQHandler
                0x0000000008002478                EXTI1_IRQHandler
                0x0000000008002478                I2C2_ER_IRQHandler
                0x0000000008002478                DMA2_Stream1_IRQHandler
                0x0000000008002478                CAN1_SCE_IRQHandler
                0x0000000008002478                FLASH_IRQHandler
                0x0000000008002478                DMA2_Stream4_IRQHandler
                0x0000000008002478                USART1_IRQHandler
                0x0000000008002478                SPI3_IRQHandler
                0x0000000008002478                DMA1_Stream4_IRQHandler
                0x0000000008002478                I2C1_ER_IRQHandler
                0x0000000008002478                DMA2_Stream6_IRQHandler
                0x0000000008002478                DMA1_Stream3_IRQHandler
 *fill*         0x000000000800247a        0x2 
 .text.HAL_Init
                0x000000000800247c       0x44 Drivers/STM32F4xx_HAL_Driver/Src/stm32f4xx_hal.o
                0x000000000800247c                HAL_Init
 .text.HAL_IncTick
                0x00000000080024c0       0x28 Drivers/STM32F4xx_HAL_Driver/Src/stm32f4xx_hal.o
                0x00000000080024c0                HAL_IncTick
 .text.HAL_GetTick
                0x00000000080024e8       0x18 Drivers/STM32F4xx_HAL_Driver/Src/stm32f4xx_hal.o
                0x00000000080024e8                HAL_GetTick
 .text.HAL_Delay
                0x0000000008002500       0x48 Drivers/STM32F4xx_HAL_Driver/Src/stm32f4xx_hal.o
                0x0000000008002500                HAL_Delay
 .text.__NVIC_SetPriorityGrouping
                0x0000000008002548       0x48 Drivers/STM32F4xx_HAL_Driver/Src/stm32f4xx_hal_cortex.o
 .text.__NVIC_GetPriorityGrouping
                0x0000000008002590       0x1c Drivers/STM32F4xx_HAL_Driver/Src/stm32f4xx_hal_cortex.o
 .text.__NVIC_EnableIRQ
                0x00000000080025ac       0x3c Drivers/STM32F4xx_HAL_Driver/Src/stm32f4xx_hal_cortex.o
 .text.__NVIC_SetPriority
                0x00000000080025e8       0x54 Drivers/STM32F4xx_HAL_Driver/Src/stm32f4xx_hal_cortex.o
 .text.NVIC_EncodePriority
                0x000000000800263c       0x66 Drivers/STM32F4xx_HAL_Driver/Src/stm32f4xx_hal_cortex.o
 .text.HAL_NVIC_SetPriorityGrouping
                0x00000000080026a2       0x16 Drivers/STM32F4xx_HAL_Driver/Src/stm32f4xx_hal_cortex.o
                0x00000000080026a2                HAL_NVIC_SetPriorityGrouping
 .text.HAL_NVIC_SetPriority
                0x00000000080026b8       0x38 Drivers/STM32F4xx_HAL_Driver/Src/stm32f4xx_hal_cortex.o
                0x00000000080026b8                HAL_NVIC_SetPriority
 .text.HAL_NVIC_EnableIRQ
                0x00000000080026f0       0x1c Drivers/STM32F4xx_HAL_Driver/Src/stm32f4xx_hal_cortex.o
                0x00000000080026f0                HAL_NVIC_EnableIRQ
 .text.HAL_DMA_Abort
                0x000000000800270c       0xe0 Drivers/STM32F4xx_HAL_Driver/Src/stm32f4xx_hal_dma.o
                0x000000000800270c                HAL_DMA_Abort
 .text.HAL_DMA_Abort_IT
                0x00000000080027ec       0x44 Drivers/STM32F4xx_HAL_Driver/Src/stm32f4xx_hal_dma.o
                0x00000000080027ec                HAL_DMA_Abort_IT
 .text.HAL_GPIO_Init
                0x0000000008002830      0x338 Drivers/STM32F4xx_HAL_Driver/Src/stm32f4xx_hal_gpio.o
                0x0000000008002830                HAL_GPIO_Init
 .text.HAL_GPIO_WritePin
                0x0000000008002b68       0x32 Drivers/STM32F4xx_HAL_Driver/Src/stm32f4xx_hal_gpio.o
                0x0000000008002b68                HAL_GPIO_WritePin
 .text.HAL_HCD_Init
                0x0000000008002b9a       0xc4 Drivers/STM32F4xx_HAL_Driver/Src/stm32f4xx_hal_hcd.o
                0x0000000008002b9a                HAL_HCD_Init
 .text.HAL_HCD_HC_Init
                0x0000000008002c5e      0x11e Drivers/STM32F4xx_HAL_Driver/Src/stm32f4xx_hal_hcd.o
                0x0000000008002c5e                HAL_HCD_HC_Init
 .text.HAL_HCD_HC_Halt
                0x0000000008002d7c       0x46 Drivers/STM32F4xx_HAL_Driver/Src/stm32f4xx_hal_hcd.o
                0x0000000008002d7c                HAL_HCD_HC_Halt
 *fill*         0x0000000008002dc2        0x2 
 .text.HAL_HCD_HC_SubmitRequest
                0x0000000008002dc4      0x2ac Drivers/STM32F4xx_HAL_Driver/Src/stm32f4xx_hal_hcd.o
                0x0000000008002dc4                HAL_HCD_HC_SubmitRequest
 .text.HAL_HCD_IRQHandler
                0x0000000008003070      0x208 Drivers/STM32F4xx_HAL_Driver/Src/stm32f4xx_hal_hcd.o
                0x0000000008003070                HAL_HCD_IRQHandler
 .text.HAL_HCD_Start
                0x0000000008003278       0x46 Drivers/STM32F4xx_HAL_Driver/Src/stm32f4xx_hal_hcd.o
                0x0000000008003278                HAL_HCD_Start
 .text.HAL_HCD_Stop
                0x00000000080032be       0x3a Drivers/STM32F4xx_HAL_Driver/Src/stm32f4xx_hal_hcd.o
                0x00000000080032be                HAL_HCD_Stop
 .text.HAL_HCD_ResetPort
                0x00000000080032f8       0x1c Drivers/STM32F4xx_HAL_Driver/Src/stm32f4xx_hal_hcd.o
                0x00000000080032f8                HAL_HCD_ResetPort
 .text.HAL_HCD_HC_GetURBState
                0x0000000008003314       0x28 Drivers/STM32F4xx_HAL_Driver/Src/stm32f4xx_hal_hcd.o
                0x0000000008003314                HAL_HCD_HC_GetURBState
 .text.HAL_HCD_HC_GetXferCount
                0x000000000800333c       0x28 Drivers/STM32F4xx_HAL_Driver/Src/stm32f4xx_hal_hcd.o
                0x000000000800333c                HAL_HCD_HC_GetXferCount
 .text.HAL_HCD_GetCurrentFrame
                0x0000000008003364       0x1c Drivers/STM32F4xx_HAL_Driver/Src/stm32f4xx_hal_hcd.o
                0x0000000008003364                HAL_HCD_GetCurrentFrame
 .text.HAL_HCD_GetCurrentSpeed
                0x0000000008003380       0x1c Drivers/STM32F4xx_HAL_Driver/Src/stm32f4xx_hal_hcd.o
                0x0000000008003380                HAL_HCD_GetCurrentSpeed
 .text.HCD_HC_IN_IRQHandler
                0x000000000800339c      0x844 Drivers/STM32F4xx_HAL_Driver/Src/stm32f4xx_hal_hcd.o
 .text.HCD_HC_OUT_IRQHandler
                0x0000000008003be0      0x7fa Drivers/STM32F4xx_HAL_Driver/Src/stm32f4xx_hal_hcd.o
 .text.HCD_RXQLVL_IRQHandler
                0x00000000080043da      0x1a4 Drivers/STM32F4xx_HAL_Driver/Src/stm32f4xx_hal_hcd.o
 .text.HCD_Port_IRQHandler
                0x000000000800457e       0xe6 Drivers/STM32F4xx_HAL_Driver/Src/stm32f4xx_hal_hcd.o
 .text.HAL_I2C_Init
                0x0000000008004664      0x288 Drivers/STM32F4xx_HAL_Driver/Src/stm32f4xx_hal_i2c.o
                0x0000000008004664                HAL_I2C_Init
 .text.HAL_I2C_Master_Transmit
                0x00000000080048ec      0x1fc Drivers/STM32F4xx_HAL_Driver/Src/stm32f4xx_hal_i2c.o
                0x00000000080048ec                HAL_I2C_Master_Transmit
 .text.HAL_I2C_Mem_Write
                0x0000000008004ae8      0x1f4 Drivers/STM32F4xx_HAL_Driver/Src/stm32f4xx_hal_i2c.o
                0x0000000008004ae8                HAL_I2C_Mem_Write
 .text.HAL_I2C_Mem_Read
                0x0000000008004cdc      0x44c Drivers/STM32F4xx_HAL_Driver/Src/stm32f4xx_hal_i2c.o
                0x0000000008004cdc                HAL_I2C_Mem_Read
 .text.HAL_I2C_IsDeviceReady
                0x0000000008005128      0x25c Drivers/STM32F4xx_HAL_Driver/Src/stm32f4xx_hal_i2c.o
                0x0000000008005128                HAL_I2C_IsDeviceReady
 .text.I2C_MasterRequestWrite
                0x0000000008005384      0x104 Drivers/STM32F4xx_HAL_Driver/Src/stm32f4xx_hal_i2c.o
 .text.I2C_RequestMemoryWrite
                0x0000000008005488      0x12c Drivers/STM32F4xx_HAL_Driver/Src/stm32f4xx_hal_i2c.o
 .text.I2C_RequestMemoryRead
                0x00000000080055b4      0x1d0 Drivers/STM32F4xx_HAL_Driver/Src/stm32f4xx_hal_i2c.o
 .text.I2C_WaitOnFlagUntilTimeout
                0x0000000008005784       0xae Drivers/STM32F4xx_HAL_Driver/Src/stm32f4xx_hal_i2c.o
 .text.I2C_WaitOnMasterAddressFlagUntilTimeout
                0x0000000008005832       0xfe Drivers/STM32F4xx_HAL_Driver/Src/stm32f4xx_hal_i2c.o
 .text.I2C_WaitOnTXEFlagUntilTimeout
                0x0000000008005930       0x82 Drivers/STM32F4xx_HAL_Driver/Src/stm32f4xx_hal_i2c.o
 .text.I2C_WaitOnBTFFlagUntilTimeout
                0x00000000080059b2       0x82 Drivers/STM32F4xx_HAL_Driver/Src/stm32f4xx_hal_i2c.o
 .text.I2C_WaitOnRXNEFlagUntilTimeout
                0x0000000008005a34       0xac Drivers/STM32F4xx_HAL_Driver/Src/stm32f4xx_hal_i2c.o
 .text.I2C_IsAcknowledgeFailed
                0x0000000008005ae0       0x5e Drivers/STM32F4xx_HAL_Driver/Src/stm32f4xx_hal_i2c.o
 *fill*         0x0000000008005b3e        0x2 
 .text.HAL_I2S_Init
                0x0000000008005b40      0x280 Drivers/STM32F4xx_HAL_Driver/Src/stm32f4xx_hal_i2s.o
                0x0000000008005b40                HAL_I2S_Init
 .text.HAL_I2S_TxCpltCallback
                0x0000000008005dc0       0x14 Drivers/STM32F4xx_HAL_Driver/Src/stm32f4xx_hal_i2s.o
                0x0000000008005dc0                HAL_I2S_TxCpltCallback
 .text.HAL_I2S_RxCpltCallback
                0x0000000008005dd4       0x14 Drivers/STM32F4xx_HAL_Driver/Src/stm32f4xx_hal_i2s.o
                0x0000000008005dd4                HAL_I2S_RxCpltCallback
 .text.HAL_I2S_ErrorCallback
                0x0000000008005de8       0x14 Drivers/STM32F4xx_HAL_Driver/Src/stm32f4xx_hal_i2s.o
                0x0000000008005de8                HAL_I2S_ErrorCallback
 .text.I2S_Transmit_IT
                0x0000000008005dfc       0x5c Drivers/STM32F4xx_HAL_Driver/Src/stm32f4xx_hal_i2s.o
 .text.I2S_Receive_IT
                0x0000000008005e58       0x5e Drivers/STM32F4xx_HAL_Driver/Src/stm32f4xx_hal_i2s.o
 .text.I2S_IRQHandler
                0x0000000008005eb6      0x114 Drivers/STM32F4xx_HAL_Driver/Src/stm32f4xx_hal_i2s.o
 *fill*         0x0000000008005fca        0x2 
 .text.HAL_I2SEx_FullDuplex_IRQHandler
                0x0000000008005fcc      0x2a8 Drivers/STM32F4xx_HAL_Driver/Src/stm32f4xx_hal_i2s_ex.o
                0x0000000008005fcc                HAL_I2SEx_FullDuplex_IRQHandler
 .text.HAL_I2SEx_TxRxCpltCallback
                0x0000000008006274       0x14 Drivers/STM32F4xx_HAL_Driver/Src/stm32f4xx_hal_i2s_ex.o
                0x0000000008006274                HAL_I2SEx_TxRxCpltCallback
 .text.I2SEx_TxISR_I2S
                0x0000000008006288       0x62 Drivers/STM32F4xx_HAL_Driver/Src/stm32f4xx_hal_i2s_ex.o
 *fill*         0x00000000080062ea        0x2 
 .text.I2SEx_TxISR_I2SExt
                0x00000000080062ec       0x98 Drivers/STM32F4xx_HAL_Driver/Src/stm32f4xx_hal_i2s_ex.o
 .text.I2SEx_RxISR_I2S
                0x0000000008006384       0x64 Drivers/STM32F4xx_HAL_Driver/Src/stm32f4xx_hal_i2s_ex.o
 .text.I2SEx_RxISR_I2SExt
                0x00000000080063e8       0x98 Drivers/STM32F4xx_HAL_Driver/Src/stm32f4xx_hal_i2s_ex.o
 .text.HAL_RCC_OscConfig
                0x0000000008006480      0x4f0 Drivers/STM32F4xx_HAL_Driver/Src/stm32f4xx_hal_rcc.o
                0x0000000008006480                HAL_RCC_OscConfig
 .text.HAL_RCC_ClockConfig
                0x0000000008006970      0x1cc Drivers/STM32F4xx_HAL_Driver/Src/stm32f4xx_hal_rcc.o
                0x0000000008006970                HAL_RCC_ClockConfig
 .text.HAL_RCC_GetSysClockFreq
                0x0000000008006b3c      0x1c4 Drivers/STM32F4xx_HAL_Driver/Src/stm32f4xx_hal_rcc.o
                0x0000000008006b3c                HAL_RCC_GetSysClockFreq
 .text.HAL_RCC_GetHCLKFreq
                0x0000000008006d00       0x18 Drivers/STM32F4xx_HAL_Driver/Src/stm32f4xx_hal_rcc.o
                0x0000000008006d00                HAL_RCC_GetHCLKFreq
 .text.HAL_RCC_GetPCLK1Freq
                0x0000000008006d18       0x28 Drivers/STM32F4xx_HAL_Driver/Src/stm32f4xx_hal_rcc.o
                0x0000000008006d18                HAL_RCC_GetPCLK1Freq
 .text.HAL_RCC_GetPCLK2Freq
                0x0000000008006d40       0x28 Drivers/STM32F4xx_HAL_Driver/Src/stm32f4xx_hal_rcc.o
                0x0000000008006d40                HAL_RCC_GetPCLK2Freq
 .text.HAL_RCC_GetClockConfig
                0x0000000008006d68       0x64 Drivers/STM32F4xx_HAL_Driver/Src/stm32f4xx_hal_rcc.o
                0x0000000008006d68                HAL_RCC_GetClockConfig
 .text.HAL_RCCEx_PeriphCLKConfig
                0x0000000008006dcc      0x1c4 Drivers/STM32F4xx_HAL_Driver/Src/stm32f4xx_hal_rcc_ex.o
                0x0000000008006dcc                HAL_RCCEx_PeriphCLKConfig
 .text.HAL_RCCEx_GetPeriphCLKFreq
                0x0000000008006f90       0xbc Drivers/STM32F4xx_HAL_Driver/Src/stm32f4xx_hal_rcc_ex.o
                0x0000000008006f90                HAL_RCCEx_GetPeriphCLKFreq
 .text.HAL_SPI_Init
                0x000000000800704c      0x112 Drivers/STM32F4xx_HAL_Driver/Src/stm32f4xx_hal_spi.o
                0x000000000800704c                HAL_SPI_Init
 .text.HAL_TIM_Base_Init
                0x000000000800715e       0x9e Drivers/STM32F4xx_HAL_Driver/Src/stm32f4xx_hal_tim.o
                0x000000000800715e                HAL_TIM_Base_Init
 .text.HAL_TIM_Base_MspInit
                0x00000000080071fc       0x14 Drivers/STM32F4xx_HAL_Driver/Src/stm32f4xx_hal_tim.o
                0x00000000080071fc                HAL_TIM_Base_MspInit
 .text.HAL_TIM_Base_Start_IT
                0x0000000008007210       0xe0 Drivers/STM32F4xx_HAL_Driver/Src/stm32f4xx_hal_tim.o
                0x0000000008007210                HAL_TIM_Base_Start_IT
 .text.HAL_TIM_IRQHandler
                0x00000000080072f0      0x210 Drivers/STM32F4xx_HAL_Driver/Src/stm32f4xx_hal_tim.o
                0x00000000080072f0                HAL_TIM_IRQHandler
 .text.HAL_TIM_OC_DelayElapsedCallback
                0x0000000008007500       0x14 Drivers/STM32F4xx_HAL_Driver/Src/stm32f4xx_hal_tim.o
                0x0000000008007500                HAL_TIM_OC_DelayElapsedCallback
 .text.HAL_TIM_IC_CaptureCallback
                0x0000000008007514       0x14 Drivers/STM32F4xx_HAL_Driver/Src/stm32f4xx_hal_tim.o
                0x0000000008007514                HAL_TIM_IC_CaptureCallback
 .text.HAL_TIM_PWM_PulseFinishedCallback
                0x0000000008007528       0x14 Drivers/STM32F4xx_HAL_Driver/Src/stm32f4xx_hal_tim.o
                0x0000000008007528                HAL_TIM_PWM_PulseFinishedCallback
 .text.HAL_TIM_TriggerCallback
                0x000000000800753c       0x14 Drivers/STM32F4xx_HAL_Driver/Src/stm32f4xx_hal_tim.o
                0x000000000800753c                HAL_TIM_TriggerCallback
 .text.TIM_Base_SetConfig
                0x0000000008007550      0x140 Drivers/STM32F4xx_HAL_Driver/Src/stm32f4xx_hal_tim.o
                0x0000000008007550                TIM_Base_SetConfig
 .text.HAL_TIMEx_CommutCallback
                0x0000000008007690       0x14 Drivers/STM32F4xx_HAL_Driver/Src/stm32f4xx_hal_tim_ex.o
                0x0000000008007690                HAL_TIMEx_CommutCallback
 .text.HAL_TIMEx_BreakCallback
                0x00000000080076a4       0x14 Drivers/STM32F4xx_HAL_Driver/Src/stm32f4xx_hal_tim_ex.o
                0x00000000080076a4                HAL_TIMEx_BreakCallback
 .text.HAL_UART_Init
                0x00000000080076b8       0x9a Drivers/STM32F4xx_HAL_Driver/Src/stm32f4xx_hal_uart.o
                0x00000000080076b8                HAL_UART_Init
 *fill*         0x0000000008007752        0x2 
 .text.HAL_UART_IRQHandler
                0x0000000008007754      0x358 Drivers/STM32F4xx_HAL_Driver/Src/stm32f4xx_hal_uart.o
                0x0000000008007754                HAL_UART_IRQHandler
 .text.HAL_UART_TxCpltCallback
                0x0000000008007aac       0x14 Drivers/STM32F4xx_HAL_Driver/Src/stm32f4xx_hal_uart.o
                0x0000000008007aac                HAL_UART_TxCpltCallback
 .text.HAL_UART_RxCpltCallback
                0x0000000008007ac0       0x14 Drivers/STM32F4xx_HAL_Driver/Src/stm32f4xx_hal_uart.o
                0x0000000008007ac0                HAL_UART_RxCpltCallback
 .text.HAL_UART_ErrorCallback
                0x0000000008007ad4       0x14 Drivers/STM32F4xx_HAL_Driver/Src/stm32f4xx_hal_uart.o
                0x0000000008007ad4                HAL_UART_ErrorCallback
 .text.HAL_UARTEx_RxEventCallback
                0x0000000008007ae8       0x18 Drivers/STM32F4xx_HAL_Driver/Src/stm32f4xx_hal_uart.o
                0x0000000008007ae8                HAL_UARTEx_RxEventCallback
 .text.UART_EndRxTransfer
                0x0000000008007b00       0x5a Drivers/STM32F4xx_HAL_Driver/Src/stm32f4xx_hal_uart.o
 .text.UART_DMAAbortOnError
                0x0000000008007b5a       0x28 Drivers/STM32F4xx_HAL_Driver/Src/stm32f4xx_hal_uart.o
 .text.UART_Transmit_IT
                0x0000000008007b82       0xa0 Drivers/STM32F4xx_HAL_Driver/Src/stm32f4xx_hal_uart.o
 .text.UART_EndTransmit_IT
                0x0000000008007c22       0x30 Drivers/STM32F4xx_HAL_Driver/Src/stm32f4xx_hal_uart.o
 .text.UART_Receive_IT
                0x0000000008007c52      0x12e Drivers/STM32F4xx_HAL_Driver/Src/stm32f4xx_hal_uart.o
 .text.UART_SetConfig
                0x0000000008007d80      0x390 Drivers/STM32F4xx_HAL_Driver/Src/stm32f4xx_hal_uart.o
 .text.USB_CoreInit
                0x0000000008008110       0xc2 Drivers/STM32F4xx_HAL_Driver/Src/stm32f4xx_ll_usb.o
                0x0000000008008110                USB_CoreInit
 .text.USB_EnableGlobalInt
                0x00000000080081d2       0x22 Drivers/STM32F4xx_HAL_Driver/Src/stm32f4xx_ll_usb.o
                0x00000000080081d2                USB_EnableGlobalInt
 .text.USB_DisableGlobalInt
                0x00000000080081f4       0x22 Drivers/STM32F4xx_HAL_Driver/Src/stm32f4xx_ll_usb.o
                0x00000000080081f4                USB_DisableGlobalInt
 .text.USB_SetCurrentMode
                0x0000000008008216       0x54 Drivers/STM32F4xx_HAL_Driver/Src/stm32f4xx_ll_usb.o
                0x0000000008008216                USB_SetCurrentMode
 *fill*         0x000000000800826a        0x2 
 .text.USB_FlushTxFifo
                0x000000000800826c       0x4c Drivers/STM32F4xx_HAL_Driver/Src/stm32f4xx_ll_usb.o
                0x000000000800826c                USB_FlushTxFifo
 .text.USB_FlushRxFifo
                0x00000000080082b8       0x44 Drivers/STM32F4xx_HAL_Driver/Src/stm32f4xx_ll_usb.o
                0x00000000080082b8                USB_FlushRxFifo
 .text.USB_WritePacket
                0x00000000080082fc       0x6a Drivers/STM32F4xx_HAL_Driver/Src/stm32f4xx_ll_usb.o
                0x00000000080082fc                USB_WritePacket
 .text.USB_ReadPacket
                0x0000000008008366       0x52 Drivers/STM32F4xx_HAL_Driver/Src/stm32f4xx_ll_usb.o
                0x0000000008008366                USB_ReadPacket
 .text.USB_ReadInterrupts
                0x00000000080083b8       0x26 Drivers/STM32F4xx_HAL_Driver/Src/stm32f4xx_ll_usb.o
                0x00000000080083b8                USB_ReadInterrupts
 .text.USB_GetMode
                0x00000000080083de       0x1c Drivers/STM32F4xx_HAL_Driver/Src/stm32f4xx_ll_usb.o
                0x00000000080083de                USB_GetMode
 *fill*         0x00000000080083fa        0x2 
 .text.USB_CoreReset
                0x00000000080083fc       0x68 Drivers/STM32F4xx_HAL_Driver/Src/stm32f4xx_ll_usb.o
 .text.USB_HostInit
                0x0000000008008464      0x178 Drivers/STM32F4xx_HAL_Driver/Src/stm32f4xx_ll_usb.o
                0x0000000008008464                USB_HostInit
 .text.USB_InitFSLSPClkSel
                0x00000000080085dc       0x74 Drivers/STM32F4xx_HAL_Driver/Src/stm32f4xx_ll_usb.o
                0x00000000080085dc                USB_InitFSLSPClkSel
 .text.USB_ResetPort
                0x0000000008008650       0x54 Drivers/STM32F4xx_HAL_Driver/Src/stm32f4xx_ll_usb.o
                0x0000000008008650                USB_ResetPort
 .text.USB_DriveVbus
                0x00000000080086a4       0x72 Drivers/STM32F4xx_HAL_Driver/Src/stm32f4xx_ll_usb.o
                0x00000000080086a4                USB_DriveVbus
 .text.USB_GetHostSpeed
                0x0000000008008716       0x2e Drivers/STM32F4xx_HAL_Driver/Src/stm32f4xx_ll_usb.o
                0x0000000008008716                USB_GetHostSpeed
 .text.USB_GetCurrentFrame
                0x0000000008008744       0x22 Drivers/STM32F4xx_HAL_Driver/Src/stm32f4xx_ll_usb.o
                0x0000000008008744                USB_GetCurrentFrame
 *fill*         0x0000000008008766        0x2 
 .text.USB_HC_Init
                0x0000000008008768      0x21c Drivers/STM32F4xx_HAL_Driver/Src/stm32f4xx_ll_usb.o
                0x0000000008008768                USB_HC_Init
 .text.USB_HC_StartXfer
                0x0000000008008984      0x284 Drivers/STM32F4xx_HAL_Driver/Src/stm32f4xx_ll_usb.o
                0x0000000008008984                USB_HC_StartXfer
 .text.USB_HC_ReadInterrupt
                0x0000000008008c08       0x22 Drivers/STM32F4xx_HAL_Driver/Src/stm32f4xx_ll_usb.o
                0x0000000008008c08                USB_HC_ReadInterrupt
 .text.USB_HC_Halt
                0x0000000008008c2a      0x238 Drivers/STM32F4xx_HAL_Driver/Src/stm32f4xx_ll_usb.o
                0x0000000008008c2a                USB_HC_Halt
 *fill*         0x0000000008008e62        0x2 
 .text.USB_DoPing
                0x0000000008008e64       0x78 Drivers/STM32F4xx_HAL_Driver/Src/stm32f4xx_ll_usb.o
                0x0000000008008e64                USB_DoPing
 .text.USB_StopHost
                0x0000000008008edc      0x10c Drivers/STM32F4xx_HAL_Driver/Src/stm32f4xx_ll_usb.o
                0x0000000008008edc                USB_StopHost
 .text.USBH_CDC_InterfaceInit
                0x0000000008008fe8      0x2ac Middlewares/ST/STM32_USB_Host_Library/Class/CDC/Src/usbh_cdc.o
 .text.USBH_CDC_InterfaceDeInit
                0x0000000008009294       0xb2 Middlewares/ST/STM32_USB_Host_Library/Class/CDC/Src/usbh_cdc.o
 .text.USBH_CDC_ClassRequest
                0x0000000008009346       0x3e Middlewares/ST/STM32_USB_Host_Library/Class/CDC/Src/usbh_cdc.o
 .text.USBH_CDC_Process
                0x0000000008009384      0x12c Middlewares/ST/STM32_USB_Host_Library/Class/CDC/Src/usbh_cdc.o
 .text.USBH_CDC_SOFProcess
                0x00000000080094b0       0x16 Middlewares/ST/STM32_USB_Host_Library/Class/CDC/Src/usbh_cdc.o
 .text.GetLineCoding
                0x00000000080094c6       0x3e Middlewares/ST/STM32_USB_Host_Library/Class/CDC/Src/usbh_cdc.o
 .text.SetLineCoding
                0x0000000008009504       0x3e Middlewares/ST/STM32_USB_Host_Library/Class/CDC/Src/usbh_cdc.o
 .text.CDC_ProcessTransmission
                0x0000000008009542      0x124 Middlewares/ST/STM32_USB_Host_Library/Class/CDC/Src/usbh_cdc.o
 .text.CDC_ProcessReception
                0x0000000008009666       0xd2 Middlewares/ST/STM32_USB_Host_Library/Class/CDC/Src/usbh_cdc.o
 .text.USBH_CDC_TransmitCallback
                0x0000000008009738       0x14 Middlewares/ST/STM32_USB_Host_Library/Class/CDC/Src/usbh_cdc.o
                0x0000000008009738                USBH_CDC_TransmitCallback
 .text.USBH_CDC_ReceiveCallback
                0x000000000800974c       0x14 Middlewares/ST/STM32_USB_Host_Library/Class/CDC/Src/usbh_cdc.o
                0x000000000800974c                USBH_CDC_ReceiveCallback
 .text.USBH_CDC_LineCodingChanged
                0x0000000008009760       0x14 Middlewares/ST/STM32_USB_Host_Library/Class/CDC/Src/usbh_cdc.o
                0x0000000008009760                USBH_CDC_LineCodingChanged
 .text.USBH_Init
                0x0000000008009774       0xb8 Middlewares/ST/STM32_USB_Host_Library/Core/Src/usbh_core.o
                0x0000000008009774                USBH_Init
 .text.DeInitStateMachine
                0x000000000800982c       0xa8 Middlewares/ST/STM32_USB_Host_Library/Core/Src/usbh_core.o
 .text.USBH_RegisterClass
                0x00000000080098d4       0x54 Middlewares/ST/STM32_USB_Host_Library/Core/Src/usbh_core.o
                0x00000000080098d4                USBH_RegisterClass
 .text.USBH_SelectInterface
                0x0000000008009928       0x38 Middlewares/ST/STM32_USB_Host_Library/Core/Src/usbh_core.o
                0x0000000008009928                USBH_SelectInterface
 .text.USBH_FindInterface
                0x0000000008009960       0x8c Middlewares/ST/STM32_USB_Host_Library/Core/Src/usbh_core.o
                0x0000000008009960                USBH_FindInterface
 .text.USBH_Start
                0x00000000080099ec       0x20 Middlewares/ST/STM32_USB_Host_Library/Core/Src/usbh_core.o
                0x00000000080099ec                USBH_Start
 .text.USBH_Process
                0x0000000008009a0c      0x4c4 Middlewares/ST/STM32_USB_Host_Library/Core/Src/usbh_core.o
                0x0000000008009a0c                USBH_Process
 .text.USBH_HandleEnum
                0x0000000008009ed0      0x458 Middlewares/ST/STM32_USB_Host_Library/Core/Src/usbh_core.o
 .text.USBH_LL_SetTimer
                0x000000000800a328       0x1e Middlewares/ST/STM32_USB_Host_Library/Core/Src/usbh_core.o
                0x000000000800a328                USBH_LL_SetTimer
 .text.USBH_LL_IncTimer
                0x000000000800a346       0x24 Middlewares/ST/STM32_USB_Host_Library/Core/Src/usbh_core.o
                0x000000000800a346                USBH_LL_IncTimer
 .text.USBH_HandleSof
                0x000000000800a36a       0x30 Middlewares/ST/STM32_USB_Host_Library/Core/Src/usbh_core.o
 .text.USBH_LL_PortEnabled
                0x000000000800a39a       0x34 Middlewares/ST/STM32_USB_Host_Library/Core/Src/usbh_core.o
                0x000000000800a39a                USBH_LL_PortEnabled
 .text.USBH_LL_PortDisabled
                0x000000000800a3ce       0x1c Middlewares/ST/STM32_USB_Host_Library/Core/Src/usbh_core.o
                0x000000000800a3ce                USBH_LL_PortDisabled
 .text.USBH_LL_Connect
                0x000000000800a3ea       0x46 Middlewares/ST/STM32_USB_Host_Library/Core/Src/usbh_core.o
                0x000000000800a3ea                USBH_LL_Connect
 .text.USBH_LL_Disconnect
                0x000000000800a430       0x64 Middlewares/ST/STM32_USB_Host_Library/Core/Src/usbh_core.o
                0x000000000800a430                USBH_LL_Disconnect
 .text.USBH_Process_OS
                0x000000000800a494       0x2e Middlewares/ST/STM32_USB_Host_Library/Core/Src/usbh_core.o
 .text.USBH_LL_NotifyURBChange
                0x000000000800a4c2       0x2e Middlewares/ST/STM32_USB_Host_Library/Core/Src/usbh_core.o
                0x000000000800a4c2                USBH_LL_NotifyURBChange
 .text.USBH_Get_DevDesc
                0x000000000800a4f0       0x50 Middlewares/ST/STM32_USB_Host_Library/Core/Src/usbh_ctlreq.o
                0x000000000800a4f0                USBH_Get_DevDesc
 .text.USBH_Get_CfgDesc
                0x000000000800a540       0x48 Middlewares/ST/STM32_USB_Host_Library/Core/Src/usbh_ctlreq.o
                0x000000000800a540                USBH_Get_CfgDesc
 .text.USBH_Get_StringDesc
                0x000000000800a588       0x56 Middlewares/ST/STM32_USB_Host_Library/Core/Src/usbh_ctlreq.o
                0x000000000800a588                USBH_Get_StringDesc
 .text.USBH_GetDescriptor
                0x000000000800a5de       0x6a Middlewares/ST/STM32_USB_Host_Library/Core/Src/usbh_ctlreq.o
                0x000000000800a5de                USBH_GetDescriptor
 .text.USBH_SetAddress
                0x000000000800a648       0x48 Middlewares/ST/STM32_USB_Host_Library/Core/Src/usbh_ctlreq.o
                0x000000000800a648                USBH_SetAddress
 .text.USBH_SetCfg
                0x000000000800a690       0x46 Middlewares/ST/STM32_USB_Host_Library/Core/Src/usbh_ctlreq.o
                0x000000000800a690                USBH_SetCfg
 .text.USBH_SetFeature
                0x000000000800a6d6       0x48 Middlewares/ST/STM32_USB_Host_Library/Core/Src/usbh_ctlreq.o
                0x000000000800a6d6                USBH_SetFeature
 .text.USBH_ClrFeature
                0x000000000800a71e       0x48 Middlewares/ST/STM32_USB_Host_Library/Core/Src/usbh_ctlreq.o
                0x000000000800a71e                USBH_ClrFeature
 .text.USBH_ParseDevDesc
                0x000000000800a766       0xe0 Middlewares/ST/STM32_USB_Host_Library/Core/Src/usbh_ctlreq.o
 .text.USBH_ParseCfgDesc
                0x000000000800a846      0x144 Middlewares/ST/STM32_USB_Host_Library/Core/Src/usbh_ctlreq.o
 .text.USBH_ParseInterfaceDesc
                0x000000000800a98a       0x5e Middlewares/ST/STM32_USB_Host_Library/Core/Src/usbh_ctlreq.o
 .text.USBH_ParseEPDesc
                0x000000000800a9e8       0x5a Middlewares/ST/STM32_USB_Host_Library/Core/Src/usbh_ctlreq.o
 .text.USBH_ParseStringDesc
                0x000000000800aa42       0x66 Middlewares/ST/STM32_USB_Host_Library/Core/Src/usbh_ctlreq.o
 .text.USBH_GetNextDesc
                0x000000000800aaa8       0x36 Middlewares/ST/STM32_USB_Host_Library/Core/Src/usbh_ctlreq.o
                0x000000000800aaa8                USBH_GetNextDesc
 .text.USBH_CtlReq
                0x000000000800aade       0xb2 Middlewares/ST/STM32_USB_Host_Library/Core/Src/usbh_ctlreq.o
                0x000000000800aade                USBH_CtlReq
 .text.USBH_HandleControl
                0x000000000800ab90      0x490 Middlewares/ST/STM32_USB_Host_Library/Core/Src/usbh_ctlreq.o
 .text.USBH_CtlSendSetup
                0x000000000800b020       0x34 Middlewares/ST/STM32_USB_Host_Library/Core/Src/usbh_ioreq.o
                0x000000000800b020                USBH_CtlSendSetup
 .text.USBH_CtlSendData
                0x000000000800b054       0x4a Middlewares/ST/STM32_USB_Host_Library/Core/Src/usbh_ioreq.o
                0x000000000800b054                USBH_CtlSendData
 .text.USBH_CtlReceiveData
                0x000000000800b09e       0x3c Middlewares/ST/STM32_USB_Host_Library/Core/Src/usbh_ioreq.o
                0x000000000800b09e                USBH_CtlReceiveData
 .text.USBH_BulkSendData
                0x000000000800b0da       0x4a Middlewares/ST/STM32_USB_Host_Library/Core/Src/usbh_ioreq.o
                0x000000000800b0da                USBH_BulkSendData
 .text.USBH_BulkReceiveData
                0x000000000800b124       0x3c Middlewares/ST/STM32_USB_Host_Library/Core/Src/usbh_ioreq.o
                0x000000000800b124                USBH_BulkReceiveData
 .text.USBH_OpenPipe
                0x000000000800b160       0x3e Middlewares/ST/STM32_USB_Host_Library/Core/Src/usbh_pipes.o
                0x000000000800b160                USBH_OpenPipe
 .text.USBH_ClosePipe
                0x000000000800b19e       0x20 Middlewares/ST/STM32_USB_Host_Library/Core/Src/usbh_pipes.o
                0x000000000800b19e                USBH_ClosePipe
 .text.USBH_AllocPipe
                0x000000000800b1be       0x42 Middlewares/ST/STM32_USB_Host_Library/Core/Src/usbh_pipes.o
                0x000000000800b1be                USBH_AllocPipe
 .text.USBH_FreePipe
                0x000000000800b200       0x3c Middlewares/ST/STM32_USB_Host_Library/Core/Src/usbh_pipes.o
                0x000000000800b200                USBH_FreePipe
 .text.USBH_GetFreePipe
                0x000000000800b23c       0x48 Middlewares/ST/STM32_USB_Host_Library/Core/Src/usbh_pipes.o
 .text.__NVIC_SetPriority
                0x000000000800b284       0x54 Middlewares/Third_Party/FreeRTOS/Source/CMSIS_RTOS_V2/cmsis_os2.o
 .text.SysTick_Handler
                0x000000000800b2d8       0x20 Middlewares/Third_Party/FreeRTOS/Source/CMSIS_RTOS_V2/cmsis_os2.o
                0x000000000800b2d8                SysTick_Handler
 .text.SVC_Setup
                0x000000000800b2f8       0x12 Middlewares/Third_Party/FreeRTOS/Source/CMSIS_RTOS_V2/cmsis_os2.o
 *fill*         0x000000000800b30a        0x2 
 .text.osKernelInitialize
                0x000000000800b30c       0x48 Middlewares/Third_Party/FreeRTOS/Source/CMSIS_RTOS_V2/cmsis_os2.o
                0x000000000800b30c                osKernelInitialize
 .text.osKernelStart
                0x000000000800b354       0x4c Middlewares/Third_Party/FreeRTOS/Source/CMSIS_RTOS_V2/cmsis_os2.o
                0x000000000800b354                osKernelStart
 .text.osThreadNew
                0x000000000800b3a0      0x124 Middlewares/Third_Party/FreeRTOS/Source/CMSIS_RTOS_V2/cmsis_os2.o
                0x000000000800b3a0                osThreadNew
 .text.osDelay  0x000000000800b4c4       0x36 Middlewares/Third_Party/FreeRTOS/Source/CMSIS_RTOS_V2/cmsis_os2.o
                0x000000000800b4c4                osDelay
 .text.osMessageQueueNew
                0x000000000800b4fa       0xe6 Middlewares/Third_Party/FreeRTOS/Source/CMSIS_RTOS_V2/cmsis_os2.o
                0x000000000800b4fa                osMessageQueueNew
 .text.osMessageQueuePut
                0x000000000800b5e0       0xc0 Middlewares/Third_Party/FreeRTOS/Source/CMSIS_RTOS_V2/cmsis_os2.o
                0x000000000800b5e0                osMessageQueuePut
 .text.osMessageQueueGet
                0x000000000800b6a0       0xbc Middlewares/Third_Party/FreeRTOS/Source/CMSIS_RTOS_V2/cmsis_os2.o
                0x000000000800b6a0                osMessageQueueGet
 .text.vApplicationGetIdleTaskMemory
                0x000000000800b75c       0x34 Middlewares/Third_Party/FreeRTOS/Source/CMSIS_RTOS_V2/cmsis_os2.o
                0x000000000800b75c                vApplicationGetIdleTaskMemory
 .text.vApplicationGetTimerTaskMemory
                0x000000000800b790       0x34 Middlewares/Third_Party/FreeRTOS/Source/CMSIS_RTOS_V2/cmsis_os2.o
                0x000000000800b790                vApplicationGetTimerTaskMemory
 .text.vListInitialise
                0x000000000800b7c4       0x40 Middlewares/Third_Party/FreeRTOS/Source/list.o
                0x000000000800b7c4                vListInitialise
 .text.vListInitialiseItem
                0x000000000800b804       0x1a Middlewares/Third_Party/FreeRTOS/Source/list.o
                0x000000000800b804                vListInitialiseItem
 .text.vListInsertEnd
                0x000000000800b81e       0x48 Middlewares/Third_Party/FreeRTOS/Source/list.o
                0x000000000800b81e                vListInsertEnd
 .text.vListInsert
                0x000000000800b866       0x72 Middlewares/Third_Party/FreeRTOS/Source/list.o
                0x000000000800b866                vListInsert
 .text.uxListRemove
                0x000000000800b8d8       0x54 Middlewares/Third_Party/FreeRTOS/Source/list.o
                0x000000000800b8d8                uxListRemove
 .text.xQueueGenericReset
                0x000000000800b92c       0xd0 Middlewares/Third_Party/FreeRTOS/Source/queue.o
                0x000000000800b92c                xQueueGenericReset
 .text.xQueueGenericCreateStatic
                0x000000000800b9fc       0xf0 Middlewares/Third_Party/FreeRTOS/Source/queue.o
                0x000000000800b9fc                xQueueGenericCreateStatic
 .text.xQueueGenericCreate
                0x000000000800baec       0x74 Middlewares/Third_Party/FreeRTOS/Source/queue.o
                0x000000000800baec                xQueueGenericCreate
 .text.prvInitialiseNewQueue
                0x000000000800bb60       0x46 Middlewares/Third_Party/FreeRTOS/Source/queue.o
 *fill*         0x000000000800bba6        0x2 
 .text.xQueueGenericSend
                0x000000000800bba8      0x1fc Middlewares/Third_Party/FreeRTOS/Source/queue.o
                0x000000000800bba8                xQueueGenericSend
 .text.xQueueGenericSendFromISR
                0x000000000800bda4      0x136 Middlewares/Third_Party/FreeRTOS/Source/queue.o
                0x000000000800bda4                xQueueGenericSendFromISR
 *fill*         0x000000000800beda        0x2 
 .text.xQueueReceive
                0x000000000800bedc      0x1c0 Middlewares/Third_Party/FreeRTOS/Source/queue.o
                0x000000000800bedc                xQueueReceive
 .text.xQueueReceiveFromISR
                0x000000000800c09c      0x100 Middlewares/Third_Party/FreeRTOS/Source/queue.o
                0x000000000800c09c                xQueueReceiveFromISR
 .text.prvCopyDataToQueue
                0x000000000800c19c       0xd4 Middlewares/Third_Party/FreeRTOS/Source/queue.o
 .text.prvCopyDataFromQueue
                0x000000000800c270       0x4c Middlewares/Third_Party/FreeRTOS/Source/queue.o
 .text.prvUnlockQueue
                0x000000000800c2bc       0xa4 Middlewares/Third_Party/FreeRTOS/Source/queue.o
 .text.prvIsQueueEmpty
                0x000000000800c360       0x2c Middlewares/Third_Party/FreeRTOS/Source/queue.o
 .text.prvIsQueueFull
                0x000000000800c38c       0x30 Middlewares/Third_Party/FreeRTOS/Source/queue.o
 .text.vQueueAddToRegistry
                0x000000000800c3bc       0x54 Middlewares/Third_Party/FreeRTOS/Source/queue.o
                0x000000000800c3bc                vQueueAddToRegistry
 .text.vQueueWaitForMessageRestricted
                0x000000000800c410       0x68 Middlewares/Third_Party/FreeRTOS/Source/queue.o
                0x000000000800c410                vQueueWaitForMessageRestricted
 .text.xTaskCreateStatic
                0x000000000800c478       0xba Middlewares/Third_Party/FreeRTOS/Source/tasks.o
                0x000000000800c478                xTaskCreateStatic
 .text.xTaskCreate
                0x000000000800c532       0x8a Middlewares/Third_Party/FreeRTOS/Source/tasks.o
                0x000000000800c532                xTaskCreate
 .text.prvInitialiseNewTask
                0x000000000800c5bc      0x11e Middlewares/Third_Party/FreeRTOS/Source/tasks.o
 *fill*         0x000000000800c6da        0x2 
 .text.prvAddNewTaskToReadyList
                0x000000000800c6dc       0xe0 Middlewares/Third_Party/FreeRTOS/Source/tasks.o
 .text.vTaskDelay
                0x000000000800c7bc       0x68 Middlewares/Third_Party/FreeRTOS/Source/tasks.o
                0x000000000800c7bc                vTaskDelay
 .text.vTaskStartScheduler
                0x000000000800c824       0xcc Middlewares/Third_Party/FreeRTOS/Source/tasks.o
                0x000000000800c824                vTaskStartScheduler
 .text.vTaskSuspendAll
                0x000000000800c8f0       0x1c Middlewares/Third_Party/FreeRTOS/Source/tasks.o
                0x000000000800c8f0                vTaskSuspendAll
 .text.xTaskResumeAll
                0x000000000800c90c      0x13c Middlewares/Third_Party/FreeRTOS/Source/tasks.o
                0x000000000800c90c                xTaskResumeAll
 .text.xTaskGetTickCount
                0x000000000800ca48       0x20 Middlewares/Third_Party/FreeRTOS/Source/tasks.o
                0x000000000800ca48                xTaskGetTickCount
 .text.xTaskIncrementTick
                0x000000000800ca68      0x174 Middlewares/Third_Party/FreeRTOS/Source/tasks.o
                0x000000000800ca68                xTaskIncrementTick
 .text.vTaskSwitchContext
                0x000000000800cbdc       0xbc Middlewares/Third_Party/FreeRTOS/Source/tasks.o
                0x000000000800cbdc                vTaskSwitchContext
 .text.vTaskPlaceOnEventList
                0x000000000800cc98       0x48 Middlewares/Third_Party/FreeRTOS/Source/tasks.o
                0x000000000800cc98                vTaskPlaceOnEventList
 .text.vTaskPlaceOnEventListRestricted
                0x000000000800cce0       0x58 Middlewares/Third_Party/FreeRTOS/Source/tasks.o
                0x000000000800cce0                vTaskPlaceOnEventListRestricted
 .text.xTaskRemoveFromEventList
                0x000000000800cd38       0xc8 Middlewares/Third_Party/FreeRTOS/Source/tasks.o
                0x000000000800cd38                xTaskRemoveFromEventList
 .text.vTaskInternalSetTimeOutState
                0x000000000800ce00       0x2c Middlewares/Third_Party/FreeRTOS/Source/tasks.o
                0x000000000800ce00                vTaskInternalSetTimeOutState
 .text.xTaskCheckForTimeOut
                0x000000000800ce2c       0xc4 Middlewares/Third_Party/FreeRTOS/Source/tasks.o
                0x000000000800ce2c                xTaskCheckForTimeOut
 .text.vTaskMissedYield
                0x000000000800cef0       0x18 Middlewares/Third_Party/FreeRTOS/Source/tasks.o
                0x000000000800cef0                vTaskMissedYield
 .text.prvIdleTask
                0x000000000800cf08       0x30 Middlewares/Third_Party/FreeRTOS/Source/tasks.o
 .text.prvInitialiseTaskLists
                0x000000000800cf38       0x80 Middlewares/Third_Party/FreeRTOS/Source/tasks.o
 .text.prvCheckTasksWaitingTermination
                0x000000000800cfb8       0x5c Middlewares/Third_Party/FreeRTOS/Source/tasks.o
 .text.prvDeleteTCB
                0x000000000800d014       0x5e Middlewares/Third_Party/FreeRTOS/Source/tasks.o
 *fill*         0x000000000800d072        0x2 
 .text.prvResetNextTaskUnblockTime
                0x000000000800d074       0x40 Middlewares/Third_Party/FreeRTOS/Source/tasks.o
 .text.xTaskGetSchedulerState
                0x000000000800d0b4       0x3c Middlewares/Third_Party/FreeRTOS/Source/tasks.o
                0x000000000800d0b4                xTaskGetSchedulerState
 .text.xTaskPriorityDisinherit
                0x000000000800d0f0       0xdc Middlewares/Third_Party/FreeRTOS/Source/tasks.o
                0x000000000800d0f0                xTaskPriorityDisinherit
 .text.prvAddCurrentTaskToDelayedList
                0x000000000800d1cc       0xa8 Middlewares/Third_Party/FreeRTOS/Source/tasks.o
 .text.xTimerCreateTimerTask
                0x000000000800d274       0x90 Middlewares/Third_Party/FreeRTOS/Source/timers.o
                0x000000000800d274                xTimerCreateTimerTask
 .text.xTimerGenericCommand
                0x000000000800d304       0x9c Middlewares/Third_Party/FreeRTOS/Source/timers.o
                0x000000000800d304                xTimerGenericCommand
 .text.prvProcessExpiredTimer
                0x000000000800d3a0       0x98 Middlewares/Third_Party/FreeRTOS/Source/timers.o
 .text.prvTimerTask
                0x000000000800d438       0x24 Middlewares/Third_Party/FreeRTOS/Source/timers.o
 .text.prvProcessTimerOrBlockTask
                0x000000000800d45c       0x9c Middlewares/Third_Party/FreeRTOS/Source/timers.o
 .text.prvGetNextExpireTime
                0x000000000800d4f8       0x48 Middlewares/Third_Party/FreeRTOS/Source/timers.o
 .text.prvSampleTimeNow
                0x000000000800d540       0x40 Middlewares/Third_Party/FreeRTOS/Source/timers.o
 .text.prvInsertTimerInActiveList
                0x000000000800d580       0x84 Middlewares/Third_Party/FreeRTOS/Source/timers.o
 .text.prvProcessReceivedCommands
                0x000000000800d604      0x1c4 Middlewares/Third_Party/FreeRTOS/Source/timers.o
 .text.prvSwitchTimerLists
                0x000000000800d7c8       0xc8 Middlewares/Third_Party/FreeRTOS/Source/timers.o
 .text.prvCheckForValidListAndQueue
                0x000000000800d890       0x80 Middlewares/Third_Party/FreeRTOS/Source/timers.o
 .text.pxPortInitialiseStack
                0x000000000800d910       0x68 Middlewares/Third_Party/FreeRTOS/Source/portable/GCC/ARM_CM4F/port.o
                0x000000000800d910                pxPortInitialiseStack
 .text.prvTaskExitError
                0x000000000800d978       0x58 Middlewares/Third_Party/FreeRTOS/Source/portable/GCC/ARM_CM4F/port.o
 .text.SVC_Handler
                0x000000000800d9d0       0x28 Middlewares/Third_Party/FreeRTOS/Source/portable/GCC/ARM_CM4F/port.o
                0x000000000800d9d0                SVC_Handler
 .text.prvPortStartFirstTask
                0x000000000800d9f8       0x28 Middlewares/Third_Party/FreeRTOS/Source/portable/GCC/ARM_CM4F/port.o
 .text.xPortStartScheduler
                0x000000000800da20      0x144 Middlewares/Third_Party/FreeRTOS/Source/portable/GCC/ARM_CM4F/port.o
                0x000000000800da20                xPortStartScheduler
 .text.vPortEnterCritical
                0x000000000800db64       0x60 Middlewares/Third_Party/FreeRTOS/Source/portable/GCC/ARM_CM4F/port.o
                0x000000000800db64                vPortEnterCritical
 .text.vPortExitCritical
                0x000000000800dbc4       0x54 Middlewares/Third_Party/FreeRTOS/Source/portable/GCC/ARM_CM4F/port.o
                0x000000000800dbc4                vPortExitCritical
 *fill*         0x000000000800dc18        0x8 
 .text.PendSV_Handler
                0x000000000800dc20       0x68 Middlewares/Third_Party/FreeRTOS/Source/portable/GCC/ARM_CM4F/port.o
                0x000000000800dc20                PendSV_Handler
 .text.xPortSysTickHandler
                0x000000000800dc88       0x44 Middlewares/Third_Party/FreeRTOS/Source/portable/GCC/ARM_CM4F/port.o
                0x000000000800dc88                xPortSysTickHandler
 .text.vPortSetupTimerInterrupt
                0x000000000800dccc       0x48 Middlewares/Third_Party/FreeRTOS/Source/portable/GCC/ARM_CM4F/port.o
                0x000000000800dccc                vPortSetupTimerInterrupt
 .text.vPortEnableVFP
                0x000000000800dd14       0x14 Middlewares/Third_Party/FreeRTOS/Source/portable/GCC/ARM_CM4F/port.o
 .text.vPortValidateInterruptPriority
                0x000000000800dd28       0x80 Middlewares/Third_Party/FreeRTOS/Source/portable/GCC/ARM_CM4F/port.o
                0x000000000800dd28                vPortValidateInterruptPriority
 .text.pvPortMalloc
                0x000000000800dda8      0x198 Middlewares/Third_Party/FreeRTOS/Source/portable/MemMang/heap_4.o
                0x000000000800dda8                pvPortMalloc
 .text.vPortFree
                0x000000000800df40       0xc4 Middlewares/Third_Party/FreeRTOS/Source/portable/MemMang/heap_4.o
                0x000000000800df40                vPortFree
 .text.prvHeapInit
                0x000000000800e004       0xc4 Middlewares/Third_Party/FreeRTOS/Source/portable/MemMang/heap_4.o
 .text.prvInsertBlockIntoFreeList
                0x000000000800e0c8       0xb4 Middlewares/Third_Party/FreeRTOS/Source/portable/MemMang/heap_4.o
 .text.MX_USB_HOST_Init
                0x000000000800e17c       0x4c USB_HOST/App/usb_host.o
                0x000000000800e17c                MX_USB_HOST_Init
 .text.USBH_UserProcess
                0x000000000800e1c8       0x5c USB_HOST/App/usb_host.o
 .text.HAL_HCD_MspInit
                0x000000000800e224       0xc4 USB_HOST/Target/usbh_conf.o
                0x000000000800e224                HAL_HCD_MspInit
 .text.HAL_HCD_SOF_Callback
                0x000000000800e2e8       0x1c USB_HOST/Target/usbh_conf.o
                0x000000000800e2e8                HAL_HCD_SOF_Callback
 .text.HAL_HCD_Connect_Callback
                0x000000000800e304       0x1c USB_HOST/Target/usbh_conf.o
                0x000000000800e304                HAL_HCD_Connect_Callback
 .text.HAL_HCD_Disconnect_Callback
                0x000000000800e320       0x1c USB_HOST/Target/usbh_conf.o
                0x000000000800e320                HAL_HCD_Disconnect_Callback
 .text.HAL_HCD_HC_NotifyURBChange_Callback
                0x000000000800e33c       0x24 USB_HOST/Target/usbh_conf.o
                0x000000000800e33c                HAL_HCD_HC_NotifyURBChange_Callback
 .text.HAL_HCD_PortEnabled_Callback
                0x000000000800e360       0x1c USB_HOST/Target/usbh_conf.o
                0x000000000800e360                HAL_HCD_PortEnabled_Callback
 .text.HAL_HCD_PortDisabled_Callback
                0x000000000800e37c       0x1c USB_HOST/Target/usbh_conf.o
                0x000000000800e37c                HAL_HCD_PortDisabled_Callback
 .text.USBH_LL_Init
                0x000000000800e398       0x78 USB_HOST/Target/usbh_conf.o
                0x000000000800e398                USBH_LL_Init
 .text.USBH_LL_Start
                0x000000000800e410       0x36 USB_HOST/Target/usbh_conf.o
                0x000000000800e410                USBH_LL_Start
 .text.USBH_LL_Stop
                0x000000000800e446       0x36 USB_HOST/Target/usbh_conf.o
                0x000000000800e446                USBH_LL_Stop
 .text.USBH_LL_GetSpeed
                0x000000000800e47c       0x4e USB_HOST/Target/usbh_conf.o
                0x000000000800e47c                USBH_LL_GetSpeed
 .text.USBH_LL_ResetPort
                0x000000000800e4ca       0x36 USB_HOST/Target/usbh_conf.o
                0x000000000800e4ca                USBH_LL_ResetPort
 .text.USBH_LL_GetLastXferSize
                0x000000000800e500       0x26 USB_HOST/Target/usbh_conf.o
                0x000000000800e500                USBH_LL_GetLastXferSize
 .text.USBH_LL_OpenPipe
                0x000000000800e526       0x5e USB_HOST/Target/usbh_conf.o
                0x000000000800e526                USBH_LL_OpenPipe
 .text.USBH_LL_ClosePipe
                0x000000000800e584       0x3e USB_HOST/Target/usbh_conf.o
                0x000000000800e584                USBH_LL_ClosePipe
 .text.USBH_LL_SubmitURB
                0x000000000800e5c2       0x62 USB_HOST/Target/usbh_conf.o
                0x000000000800e5c2                USBH_LL_SubmitURB
 .text.USBH_LL_GetURBState
                0x000000000800e624       0x26 USB_HOST/Target/usbh_conf.o
                0x000000000800e624                USBH_LL_GetURBState
 .text.USBH_LL_DriverVBUS
                0x000000000800e64a       0x2e USB_HOST/Target/usbh_conf.o
                0x000000000800e64a                USBH_LL_DriverVBUS
 .text.USBH_LL_SetToggle
                0x000000000800e678       0x60 USB_HOST/Target/usbh_conf.o
                0x000000000800e678                USBH_LL_SetToggle
 .text.USBH_Delay
                0x000000000800e6d8       0x16 USB_HOST/Target/usbh_conf.o
                0x000000000800e6d8                USBH_Delay
 *fill*         0x000000000800e6ee        0x2 
 .text.USBH_Get_USB_Status
                0x000000000800e6f0       0x58 USB_HOST/Target/usbh_conf.o
                0x000000000800e6f0                USBH_Get_USB_Status
 .text.MX_DriverVbusFS
                0x000000000800e748       0x38 USB_HOST/Target/usbh_platform.o
                0x000000000800e748                MX_DriverVbusFS
 .text.__errno  0x000000000800e780        0xc /opt/st/stm32cubeide_1.6.1/plugins/com.st.stm32cube.ide.mcu.externaltools.gnu-tools-for-stm32.9-2020-q2-update.linux64_1.5.0.202011040924/tools/bin/../lib/gcc/arm-none-eabi/9.3.1/../../../../arm-none-eabi/lib/thumb/v7e-m+fp/hard/libc_nano.a(lib_a-errno.o)
                0x000000000800e780                __errno
 .text.__libc_init_array
                0x000000000800e78c       0x48 /opt/st/stm32cubeide_1.6.1/plugins/com.st.stm32cube.ide.mcu.externaltools.gnu-tools-for-stm32.9-2020-q2-update.linux64_1.5.0.202011040924/tools/bin/../lib/gcc/arm-none-eabi/9.3.1/../../../../arm-none-eabi/lib/thumb/v7e-m+fp/hard/libc_nano.a(lib_a-init.o)
                0x000000000800e78c                __libc_init_array
 .text.malloc   0x000000000800e7d4       0x10 /opt/st/stm32cubeide_1.6.1/plugins/com.st.stm32cube.ide.mcu.externaltools.gnu-tools-for-stm32.9-2020-q2-update.linux64_1.5.0.202011040924/tools/bin/../lib/gcc/arm-none-eabi/9.3.1/../../../../arm-none-eabi/lib/thumb/v7e-m+fp/hard/libc_nano.a(lib_a-malloc.o)
                0x000000000800e7d4                malloc
 .text.free     0x000000000800e7e4       0x10 /opt/st/stm32cubeide_1.6.1/plugins/com.st.stm32cube.ide.mcu.externaltools.gnu-tools-for-stm32.9-2020-q2-update.linux64_1.5.0.202011040924/tools/bin/../lib/gcc/arm-none-eabi/9.3.1/../../../../arm-none-eabi/lib/thumb/v7e-m+fp/hard/libc_nano.a(lib_a-malloc.o)
                0x000000000800e7e4                free
 .text.memcpy   0x000000000800e7f4       0x1c /opt/st/stm32cubeide_1.6.1/plugins/com.st.stm32cube.ide.mcu.externaltools.gnu-tools-for-stm32.9-2020-q2-update.linux64_1.5.0.202011040924/tools/bin/../lib/gcc/arm-none-eabi/9.3.1/../../../../arm-none-eabi/lib/thumb/v7e-m+fp/hard/libc_nano.a(lib_a-memcpy-stub.o)
                0x000000000800e7f4                memcpy
 .text.memset   0x000000000800e810       0x10 /opt/st/stm32cubeide_1.6.1/plugins/com.st.stm32cube.ide.mcu.externaltools.gnu-tools-for-stm32.9-2020-q2-update.linux64_1.5.0.202011040924/tools/bin/../lib/gcc/arm-none-eabi/9.3.1/../../../../arm-none-eabi/lib/thumb/v7e-m+fp/hard/libc_nano.a(lib_a-memset.o)
                0x000000000800e810                memset
 .text._free_r  0x000000000800e820       0xa0 /opt/st/stm32cubeide_1.6.1/plugins/com.st.stm32cube.ide.mcu.externaltools.gnu-tools-for-stm32.9-2020-q2-update.linux64_1.5.0.202011040924/tools/bin/../lib/gcc/arm-none-eabi/9.3.1/../../../../arm-none-eabi/lib/thumb/v7e-m+fp/hard/libc_nano.a(lib_a-nano-freer.o)
                0x000000000800e820                _free_r
 .text._malloc_r
                0x000000000800e8c0       0xb4 /opt/st/stm32cubeide_1.6.1/plugins/com.st.stm32cube.ide.mcu.externaltools.gnu-tools-for-stm32.9-2020-q2-update.linux64_1.5.0.202011040924/tools/bin/../lib/gcc/arm-none-eabi/9.3.1/../../../../arm-none-eabi/lib/thumb/v7e-m+fp/hard/libc_nano.a(lib_a-nano-mallocr.o)
                0x000000000800e8c0                _malloc_r
 .text._sbrk_r  0x000000000800e974       0x20 /opt/st/stm32cubeide_1.6.1/plugins/com.st.stm32cube.ide.mcu.externaltools.gnu-tools-for-stm32.9-2020-q2-update.linux64_1.5.0.202011040924/tools/bin/../lib/gcc/arm-none-eabi/9.3.1/../../../../arm-none-eabi/lib/thumb/v7e-m+fp/hard/libc_nano.a(lib_a-sbrkr.o)
                0x000000000800e974                _sbrk_r
 .text.__malloc_lock
                0x000000000800e994        0xc /opt/st/stm32cubeide_1.6.1/plugins/com.st.stm32cube.ide.mcu.externaltools.gnu-tools-for-stm32.9-2020-q2-update.linux64_1.5.0.202011040924/tools/bin/../lib/gcc/arm-none-eabi/9.3.1/../../../../arm-none-eabi/lib/thumb/v7e-m+fp/hard/libc_nano.a(lib_a-mlock.o)
                0x000000000800e994                __malloc_lock
 .text.__malloc_unlock
                0x000000000800e9a0        0xc /opt/st/stm32cubeide_1.6.1/plugins/com.st.stm32cube.ide.mcu.externaltools.gnu-tools-for-stm32.9-2020-q2-update.linux64_1.5.0.202011040924/tools/bin/../lib/gcc/arm-none-eabi/9.3.1/../../../../arm-none-eabi/lib/thumb/v7e-m+fp/hard/libc_nano.a(lib_a-mlock.o)
                0x000000000800e9a0                __malloc_unlock
 .text.__retarget_lock_acquire_recursive
                0x000000000800e9ac        0x2 /opt/st/stm32cubeide_1.6.1/plugins/com.st.stm32cube.ide.mcu.externaltools.gnu-tools-for-stm32.9-2020-q2-update.linux64_1.5.0.202011040924/tools/bin/../lib/gcc/arm-none-eabi/9.3.1/../../../../arm-none-eabi/lib/thumb/v7e-m+fp/hard/libc_nano.a(lib_a-lock.o)
                0x000000000800e9ac                __retarget_lock_acquire_recursive
 .text.__retarget_lock_release_recursive
                0x000000000800e9ae        0x2 /opt/st/stm32cubeide_1.6.1/plugins/com.st.stm32cube.ide.mcu.externaltools.gnu-tools-for-stm32.9-2020-q2-update.linux64_1.5.0.202011040924/tools/bin/../lib/gcc/arm-none-eabi/9.3.1/../../../../arm-none-eabi/lib/thumb/v7e-m+fp/hard/libc_nano.a(lib_a-lock.o)
                0x000000000800e9ae                __retarget_lock_release_recursive
 .text.floor    0x000000000800e9b0      0x100 /opt/st/stm32cubeide_1.6.1/plugins/com.st.stm32cube.ide.mcu.externaltools.gnu-tools-for-stm32.9-2020-q2-update.linux64_1.5.0.202011040924/tools/bin/../lib/gcc/arm-none-eabi/9.3.1/../../../../arm-none-eabi/lib/thumb/v7e-m+fp/hard/libm.a(lib_a-s_floor.o)
                0x000000000800e9b0                floor
 *(.glue_7)
 .glue_7        0x000000000800eab0        0x0 linker stubs
 *(.glue_7t)
 .glue_7t       0x000000000800eab0        0x0 linker stubs
 *(.eh_frame)
 .eh_frame      0x000000000800eab0        0x0 /opt/st/stm32cubeide_1.6.1/plugins/com.st.stm32cube.ide.mcu.externaltools.gnu-tools-for-stm32.9-2020-q2-update.linux64_1.5.0.202011040924/tools/bin/../lib/gcc/arm-none-eabi/9.3.1/thumb/v7e-m+fp/hard/crtbegin.o
 *(.init)
 .init          0x000000000800eab0        0x4 /opt/st/stm32cubeide_1.6.1/plugins/com.st.stm32cube.ide.mcu.externaltools.gnu-tools-for-stm32.9-2020-q2-update.linux64_1.5.0.202011040924/tools/bin/../lib/gcc/arm-none-eabi/9.3.1/thumb/v7e-m+fp/hard/crti.o
                0x000000000800eab0                _init
 .init          0x000000000800eab4        0x8 /opt/st/stm32cubeide_1.6.1/plugins/com.st.stm32cube.ide.mcu.externaltools.gnu-tools-for-stm32.9-2020-q2-update.linux64_1.5.0.202011040924/tools/bin/../lib/gcc/arm-none-eabi/9.3.1/thumb/v7e-m+fp/hard/crtn.o
 *(.fini)
 .fini          0x000000000800eabc        0x4 /opt/st/stm32cubeide_1.6.1/plugins/com.st.stm32cube.ide.mcu.externaltools.gnu-tools-for-stm32.9-2020-q2-update.linux64_1.5.0.202011040924/tools/bin/../lib/gcc/arm-none-eabi/9.3.1/thumb/v7e-m+fp/hard/crti.o
                0x000000000800eabc                _fini
 .fini          0x000000000800eac0        0x8 /opt/st/stm32cubeide_1.6.1/plugins/com.st.stm32cube.ide.mcu.externaltools.gnu-tools-for-stm32.9-2020-q2-update.linux64_1.5.0.202011040924/tools/bin/../lib/gcc/arm-none-eabi/9.3.1/thumb/v7e-m+fp/hard/crtn.o
                0x000000000800eac8                . = ALIGN (0x4)
                0x000000000800eac8                _etext = .

.vfp11_veneer   0x000000000800eac8        0x0
 .vfp11_veneer  0x000000000800eac8        0x0 linker stubs

.v4_bx          0x000000000800eac8        0x0
 .v4_bx         0x000000000800eac8        0x0 linker stubs

.iplt           0x000000000800eac8        0x0
 .iplt          0x000000000800eac8        0x0 /opt/st/stm32cubeide_1.6.1/plugins/com.st.stm32cube.ide.mcu.externaltools.gnu-tools-for-stm32.9-2020-q2-update.linux64_1.5.0.202011040924/tools/bin/../lib/gcc/arm-none-eabi/9.3.1/thumb/v7e-m+fp/hard/crtbegin.o

.rodata         0x000000000800eac8     0x189c
                0x000000000800eac8                . = ALIGN (0x4)
 *(.rodata)
 .rodata        0x000000000800eac8       0x36 Core/Src/main.o
 *fill*         0x000000000800eafe        0x2 
 .rodata        0x000000000800eb00        0x4 Middlewares/ST/STM32_USB_Host_Library/Class/CDC/Src/usbh_cdc.o
 .rodata        0x000000000800eb04        0xb Middlewares/ST/STM32_USB_Host_Library/Core/Src/usbh_core.o
 *fill*         0x000000000800eb0f        0x1 
 .rodata        0x000000000800eb10        0x5 Middlewares/Third_Party/FreeRTOS/Source/tasks.o
 *fill*         0x000000000800eb15        0x3 
 .rodata        0x000000000800eb18        0xd Middlewares/Third_Party/FreeRTOS/Source/timers.o
 *(.rodata*)
 *fill*         0x000000000800eb25        0x3 
 .rodata.face1  0x000000000800eb28      0x400 Core/Src/main.o
                0x000000000800eb28                face1
 .rodata.face2  0x000000000800ef28      0x400 Core/Src/main.o
                0x000000000800ef28                face2
 .rodata.face3  0x000000000800f328      0x400 Core/Src/main.o
                0x000000000800f328                face3
 .rodata.face4  0x000000000800f728      0x400 Core/Src/main.o
                0x000000000800f728                face4
 .rodata.face5  0x000000000800fb28      0x400 Core/Src/main.o
                0x000000000800fb28                face5
 .rodata.face6  0x000000000800ff28      0x400 Core/Src/main.o
                0x000000000800ff28                face6
 .rodata.defaultTask_attributes
                0x0000000008010328       0x24 Core/Src/main.o
                0x0000000008010328                defaultTask_attributes
 .rodata.AHBPrescTable
                0x000000000801034c       0x10 Core/Src/system_stm32f4xx.o
                0x000000000801034c                AHBPrescTable
 .rodata.APBPrescTable
                0x000000000801035c        0x8 Core/Src/system_stm32f4xx.o
                0x000000000801035c                APBPrescTable
                0x0000000008010364                . = ALIGN (0x4)

.ARM.extab      0x0000000008010364        0x0
                0x0000000008010364                . = ALIGN (0x4)
 *(.ARM.extab* .gnu.linkonce.armextab.*)
                0x0000000008010364                . = ALIGN (0x4)

.ARM            0x0000000008010364        0x8
                0x0000000008010364                . = ALIGN (0x4)
                0x0000000008010364                __exidx_start = .
 *(.ARM.exidx*)
 .ARM.exidx     0x0000000008010364        0x8 /opt/st/stm32cubeide_1.6.1/plugins/com.st.stm32cube.ide.mcu.externaltools.gnu-tools-for-stm32.9-2020-q2-update.linux64_1.5.0.202011040924/tools/bin/../lib/gcc/arm-none-eabi/9.3.1/thumb/v7e-m+fp/hard/libgcc.a(_udivmoddi4.o)
                0x000000000801036c                __exidx_end = .
                0x000000000801036c                . = ALIGN (0x4)

.rel.dyn        0x000000000801036c        0x0
 .rel.iplt      0x000000000801036c        0x0 /opt/st/stm32cubeide_1.6.1/plugins/com.st.stm32cube.ide.mcu.externaltools.gnu-tools-for-stm32.9-2020-q2-update.linux64_1.5.0.202011040924/tools/bin/../lib/gcc/arm-none-eabi/9.3.1/thumb/v7e-m+fp/hard/crtbegin.o

.preinit_array  0x000000000801036c        0x0
                0x000000000801036c                . = ALIGN (0x4)
                0x000000000801036c                PROVIDE (__preinit_array_start = .)
 *(.preinit_array*)
                0x000000000801036c                PROVIDE (__preinit_array_end = .)
                0x000000000801036c                . = ALIGN (0x4)

.init_array     0x000000000801036c        0x4
                0x000000000801036c                . = ALIGN (0x4)
                0x000000000801036c                PROVIDE (__init_array_start = .)
 *(SORT_BY_NAME(.init_array.*))
 *(.init_array*)
 .init_array    0x000000000801036c        0x4 /opt/st/stm32cubeide_1.6.1/plugins/com.st.stm32cube.ide.mcu.externaltools.gnu-tools-for-stm32.9-2020-q2-update.linux64_1.5.0.202011040924/tools/bin/../lib/gcc/arm-none-eabi/9.3.1/thumb/v7e-m+fp/hard/crtbegin.o
                0x0000000008010370                PROVIDE (__init_array_end = .)
                0x0000000008010370                . = ALIGN (0x4)

.fini_array     0x0000000008010370        0x4
                0x0000000008010370                . = ALIGN (0x4)
                [!provide]                        PROVIDE (__fini_array_start = .)
 *(SORT_BY_NAME(.fini_array.*))
 *(.fini_array*)
 .fini_array    0x0000000008010370        0x4 /opt/st/stm32cubeide_1.6.1/plugins/com.st.stm32cube.ide.mcu.externaltools.gnu-tools-for-stm32.9-2020-q2-update.linux64_1.5.0.202011040924/tools/bin/../lib/gcc/arm-none-eabi/9.3.1/thumb/v7e-m+fp/hard/crtbegin.o
                [!provide]                        PROVIDE (__fini_array_end = .)
                0x0000000008010374                . = ALIGN (0x4)
                0x0000000008010374                _sidata = LOADADDR (.data)

.data           0x0000000020000000       0x94 load address 0x0000000008010374
                0x0000000020000000                . = ALIGN (0x4)
                0x0000000020000000                _sdata = .
 *(.data)
 *(.data*)
 .data.SystemCoreClock
                0x0000000020000000        0x4 Core/Src/system_stm32f4xx.o
                0x0000000020000000                SystemCoreClock
 .data.uwTickPrio
                0x0000000020000004        0x4 Drivers/STM32F4xx_HAL_Driver/Src/stm32f4xx_hal.o
                0x0000000020000004                uwTickPrio
 .data.uwTickFreq
                0x0000000020000008        0x1 Drivers/STM32F4xx_HAL_Driver/Src/stm32f4xx_hal.o
                0x0000000020000008                uwTickFreq
 *fill*         0x0000000020000009        0x3 
 .data.CDC_Class
                0x000000002000000c       0x20 Middlewares/ST/STM32_USB_Host_Library/Class/CDC/Src/usbh_cdc.o
                0x000000002000000c                CDC_Class
 .data.uxCriticalNesting
                0x000000002000002c        0x4 Middlewares/Third_Party/FreeRTOS/Source/portable/GCC/ARM_CM4F/port.o
 .data._impure_ptr
                0x0000000020000030        0x4 /opt/st/stm32cubeide_1.6.1/plugins/com.st.stm32cube.ide.mcu.externaltools.gnu-tools-for-stm32.9-2020-q2-update.linux64_1.5.0.202011040924/tools/bin/../lib/gcc/arm-none-eabi/9.3.1/../../../../arm-none-eabi/lib/thumb/v7e-m+fp/hard/libc_nano.a(lib_a-impure.o)
                0x0000000020000030                _impure_ptr
 .data.impure_data
                0x0000000020000034       0x60 /opt/st/stm32cubeide_1.6.1/plugins/com.st.stm32cube.ide.mcu.externaltools.gnu-tools-for-stm32.9-2020-q2-update.linux64_1.5.0.202011040924/tools/bin/../lib/gcc/arm-none-eabi/9.3.1/../../../../arm-none-eabi/lib/thumb/v7e-m+fp/hard/libc_nano.a(lib_a-impure.o)
 *(.RamFunc)
 *(.RamFunc*)
                0x0000000020000094                . = ALIGN (0x4)
                0x0000000020000094                _edata = .

.igot.plt       0x0000000020000094        0x0 load address 0x0000000008010408
 .igot.plt      0x0000000020000094        0x0 /opt/st/stm32cubeide_1.6.1/plugins/com.st.stm32cube.ide.mcu.externaltools.gnu-tools-for-stm32.9-2020-q2-update.linux64_1.5.0.202011040924/tools/bin/../lib/gcc/arm-none-eabi/9.3.1/thumb/v7e-m+fp/hard/crtbegin.o
                0x0000000020000094                . = ALIGN (0x4)

.bss            0x0000000020000094     0x5680 load address 0x0000000008010408
                0x0000000020000094                _sbss = .
                0x0000000020000094                __bss_start__ = _sbss
 *(.bss)
 .bss           0x0000000020000094       0x1c /opt/st/stm32cubeide_1.6.1/plugins/com.st.stm32cube.ide.mcu.externaltools.gnu-tools-for-stm32.9-2020-q2-update.linux64_1.5.0.202011040924/tools/bin/../lib/gcc/arm-none-eabi/9.3.1/thumb/v7e-m+fp/hard/crtbegin.o
 *(.bss*)
 .bss.SSD1306_Buffer
                0x00000000200000b0      0x400 Core/Src/ssd1306.o
 .bss.SSD1306   0x00000000200004b0        0x6 Core/Src/ssd1306.o
 *fill*         0x00000000200004b6        0x2 
 .bss.__sbrk_heap_end
                0x00000000200004b8        0x4 Core/Src/sysmem.o
 .bss.KernelState
                0x00000000200004bc        0x4 Middlewares/Third_Party/FreeRTOS/Source/CMSIS_RTOS_V2/cmsis_os2.o
 .bss.Idle_TCB.10893
                0x00000000200004c0       0x5c Middlewares/Third_Party/FreeRTOS/Source/CMSIS_RTOS_V2/cmsis_os2.o
 .bss.Idle_Stack.10894
                0x000000002000051c      0x200 Middlewares/Third_Party/FreeRTOS/Source/CMSIS_RTOS_V2/cmsis_os2.o
 .bss.Timer_TCB.10900
                0x000000002000071c       0x5c Middlewares/Third_Party/FreeRTOS/Source/CMSIS_RTOS_V2/cmsis_os2.o
 .bss.Timer_Stack.10901
                0x0000000020000778      0x400 Middlewares/Third_Party/FreeRTOS/Source/CMSIS_RTOS_V2/cmsis_os2.o
 .bss.pxCurrentTCB
                0x0000000020000b78        0x4 Middlewares/Third_Party/FreeRTOS/Source/tasks.o
                0x0000000020000b78                pxCurrentTCB
 .bss.pxReadyTasksLists
                0x0000000020000b7c      0x460 Middlewares/Third_Party/FreeRTOS/Source/tasks.o
 .bss.xDelayedTaskList1
                0x0000000020000fdc       0x14 Middlewares/Third_Party/FreeRTOS/Source/tasks.o
 .bss.xDelayedTaskList2
                0x0000000020000ff0       0x14 Middlewares/Third_Party/FreeRTOS/Source/tasks.o
 .bss.pxDelayedTaskList
                0x0000000020001004        0x4 Middlewares/Third_Party/FreeRTOS/Source/tasks.o
 .bss.pxOverflowDelayedTaskList
                0x0000000020001008        0x4 Middlewares/Third_Party/FreeRTOS/Source/tasks.o
 .bss.xPendingReadyList
                0x000000002000100c       0x14 Middlewares/Third_Party/FreeRTOS/Source/tasks.o
 .bss.xTasksWaitingTermination
                0x0000000020001020       0x14 Middlewares/Third_Party/FreeRTOS/Source/tasks.o
 .bss.uxDeletedTasksWaitingCleanUp
                0x0000000020001034        0x4 Middlewares/Third_Party/FreeRTOS/Source/tasks.o
 .bss.xSuspendedTaskList
                0x0000000020001038       0x14 Middlewares/Third_Party/FreeRTOS/Source/tasks.o
 .bss.uxCurrentNumberOfTasks
                0x000000002000104c        0x4 Middlewares/Third_Party/FreeRTOS/Source/tasks.o
 .bss.xTickCount
                0x0000000020001050        0x4 Middlewares/Third_Party/FreeRTOS/Source/tasks.o
 .bss.uxTopReadyPriority
                0x0000000020001054        0x4 Middlewares/Third_Party/FreeRTOS/Source/tasks.o
 .bss.xSchedulerRunning
                0x0000000020001058        0x4 Middlewares/Third_Party/FreeRTOS/Source/tasks.o
 .bss.xPendedTicks
                0x000000002000105c        0x4 Middlewares/Third_Party/FreeRTOS/Source/tasks.o
 .bss.xYieldPending
                0x0000000020001060        0x4 Middlewares/Third_Party/FreeRTOS/Source/tasks.o
 .bss.xNumOfOverflows
                0x0000000020001064        0x4 Middlewares/Third_Party/FreeRTOS/Source/tasks.o
 .bss.uxTaskNumber
                0x0000000020001068        0x4 Middlewares/Third_Party/FreeRTOS/Source/tasks.o
 .bss.xNextTaskUnblockTime
                0x000000002000106c        0x4 Middlewares/Third_Party/FreeRTOS/Source/tasks.o
 .bss.xIdleTaskHandle
                0x0000000020001070        0x4 Middlewares/Third_Party/FreeRTOS/Source/tasks.o
 .bss.uxSchedulerSuspended
                0x0000000020001074        0x4 Middlewares/Third_Party/FreeRTOS/Source/tasks.o
 .bss.xActiveTimerList1
                0x0000000020001078       0x14 Middlewares/Third_Party/FreeRTOS/Source/timers.o
 .bss.xActiveTimerList2
                0x000000002000108c       0x14 Middlewares/Third_Party/FreeRTOS/Source/timers.o
 .bss.pxCurrentTimerList
                0x00000000200010a0        0x4 Middlewares/Third_Party/FreeRTOS/Source/timers.o
 .bss.pxOverflowTimerList
                0x00000000200010a4        0x4 Middlewares/Third_Party/FreeRTOS/Source/timers.o
 .bss.xTimerQueue
                0x00000000200010a8        0x4 Middlewares/Third_Party/FreeRTOS/Source/timers.o
 .bss.xTimerTaskHandle
                0x00000000200010ac        0x4 Middlewares/Third_Party/FreeRTOS/Source/timers.o
 .bss.xLastTime.6925
                0x00000000200010b0        0x4 Middlewares/Third_Party/FreeRTOS/Source/timers.o
 .bss.ucStaticTimerQueueStorage.6976
                0x00000000200010b4       0xa0 Middlewares/Third_Party/FreeRTOS/Source/timers.o
 .bss.xStaticTimerQueue.6975
                0x0000000020001154       0x50 Middlewares/Third_Party/FreeRTOS/Source/timers.o
 .bss.ucMaxSysCallPriority
                0x00000000200011a4        0x1 Middlewares/Third_Party/FreeRTOS/Source/portable/GCC/ARM_CM4F/port.o
 *fill*         0x00000000200011a5        0x3 
 .bss.ulMaxPRIGROUPValue